#
# There is insufficient memory for the Java Runtime Environment to continue.
# Native memory allocation (malloc) failed to allocate 612320 bytes. Error detail: Chunk::new
# Possible reasons:
#   The system is out of physical RAM or swap space
#   This process is running with CompressedOops enabled, and the Java Heap may be blocking the growth of the native heap
# Possible solutions:
#   Reduce memory load on the system
#   Increase physical memory or swap space
#   Check if swap backing store is full
#   Decrease Java heap size (-Xmx/-Xms)
#   Decrease number of Java threads
#   Decrease Java thread stack sizes (-Xss)
#   Set larger code cache with -XX:ReservedCodeCacheSize=
#   JVM is running with Zero Based Compressed Oops mode in which the Java heap is
#     placed in the first 32GB address space. The Java Heap base address is the
#     maximum limit for the native heap growth. Please use -XX:HeapBaseMinAddress
#     to set the Java Heap base and to place the Java Heap above 32GB virtual address.
# This output file may be truncated or incomplete.
#
#  Out of Memory Error (arena.cpp:191), pid=2040, tid=20908
#
# JRE version: OpenJDK Runtime Environment Microsoft-14653939 (17.0.20+8) (build 17.0.20+8-LTS)
# Java VM: OpenJDK 64-Bit Server VM Microsoft-14653939 (17.0.20+8-LTS, mixed mode, sharing, tiered, compressed oops, compressed class ptrs, g1 gc, windows-amd64)
# No core dump will be written. Minidumps are not enabled by default on client versions of Windows
#

---------------  S U M M A R Y ------------

Command Line: -Ddebug.internal.errors=true -Ddebug.semantic.errors=false -Ddebug.completion.statistics=false -Dlwc.typegeneration.disabled=true apex.jorje.lsp.ApexLanguageServerLauncher

Host: AMD Ryzen 7 5700X 8-Core Processor             , 16 cores, 31G,  Windows 11 , 64 bit Build 26100 (10.0.26100.9444)
Time: Mon Sep 21 15:26:12 2026 Hora Padrão da Bahia elapsed time: 0.340699 seconds (0d 0h 0m 0s)

---------------  T H R E A D  ---------------

Current thread (0x00000173fef85310):  JavaThread "C2 CompilerThread1" daemon [_thread_in_native, id=20908, stack(0x0000000101a00000,0x0000000101b00000)]


Current CompileTask:
C2:340  362   !   4       java.util.jar.Attributes::read (494 bytes)

Stack: [0x0000000101a00000,0x0000000101b00000]
Native frames: (J=compiled Java code, j=interpreted, Vv=VM code, C=native code)
V  [jvm.dll+0x68d159]  (no source info available)
V  [jvm.dll+0x8462c9]  (no source info available)
V  [jvm.dll+0x84803b]  (no source info available)
V  [jvm.dll+0x8486c3]  (no source info available)
V  [jvm.dll+0x24d12f]  (no source info available)
V  [jvm.dll+0xaed56]  (no source info available)
V  [jvm.dll+0xaf3fc]  (no source info available)
V  [jvm.dll+0x37193e]  (no source info available)
V  [jvm.dll+0x1c0843]  (no source info available)
V  [jvm.dll+0x21e190]  (no source info available)
V  [jvm.dll+0x21d482]  (no source info available)
V  [jvm.dll+0x1a8db6]  (no source info available)
V  [jvm.dll+0x22dcdb]  (no source info available)
V  [jvm.dll+0x22be66]  (no source info available)
V  [jvm.dll+0x7fc40b]  (no source info available)
V  [jvm.dll+0x7f67dc]  (no source info available)
V  [jvm.dll+0x68e6f7]  (no source info available)
C  [ucrtbase.dll+0x2cd30]  (no source info available)
C  [KERNEL32.DLL+0x2cd87]  (no source info available)
C  [ntdll.dll+0xacaec]  (no source info available)


---------------  P R O C E S S  ---------------

Threads class SMR info:
_java_thread_list=0x00000173fef8aab0, length=18, elements={
0x00000173d18d60a0, 0x00000173fbf08490, 0x00000173fbf09bc0, 0x00000173fbf21c70,
0x00000173fbf24640, 0x00000173fbf26780, 0x00000173fbf2f150, 0x00000173fbf30e50,
0x00000173feda9fd0, 0x00000173fbf37880, 0x00000173feecbef0, 0x00000173fef07890,
0x00000173fef0da20, 0x00000173fef85310, 0x00000173ff140540, 0x00000173ff140a60,
0x00000173ff1ff7f0, 0x00000173ff16d9d0
}

Java Threads: ( => current thread )
  0x00000173d18d60a0 JavaThread "main" [_thread_in_vm, id=25296, stack(0x0000000100600000,0x0000000100700000)]
  0x00000173fbf08490 JavaThread "Reference Handler" daemon [_thread_blocked, id=14196, stack(0x0000000100d00000,0x0000000100e00000)]
  0x00000173fbf09bc0 JavaThread "Finalizer" daemon [_thread_blocked, id=20388, stack(0x0000000100e00000,0x0000000100f00000)]
  0x00000173fbf21c70 JavaThread "Signal Dispatcher" daemon [_thread_blocked, id=56988, stack(0x0000000100f00000,0x0000000101000000)]
  0x00000173fbf24640 JavaThread "Attach Listener" daemon [_thread_blocked, id=11848, stack(0x0000000101000000,0x0000000101100000)]
  0x00000173fbf26780 JavaThread "Service Thread" daemon [_thread_blocked, id=57544, stack(0x0000000101100000,0x0000000101200000)]
  0x00000173fbf2f150 JavaThread "Monitor Deflation Thread" daemon [_thread_blocked, id=47052, stack(0x0000000101200000,0x0000000101300000)]
  0x00000173fbf30e50 JavaThread "C2 CompilerThread0" daemon [_thread_blocked, id=45788, stack(0x0000000101300000,0x0000000101400000)]
  0x00000173feda9fd0 JavaThread "C1 CompilerThread0" daemon [_thread_blocked, id=49396, stack(0x0000000101400000,0x0000000101500000)]
  0x00000173fbf37880 JavaThread "Sweeper thread" daemon [_thread_blocked, id=58572, stack(0x0000000101500000,0x0000000101600000)]
  0x00000173feecbef0 JavaThread "C1 CompilerThread1" daemon [_thread_blocked, id=35508, stack(0x0000000101600000,0x0000000101700000)]
  0x00000173fef07890 JavaThread "Notification Thread" daemon [_thread_blocked, id=26072, stack(0x0000000101700000,0x0000000101800000)]
  0x00000173fef0da20 JavaThread "Common-Cleaner" daemon [_thread_blocked, id=9100, stack(0x0000000101900000,0x0000000101a00000)]
=>0x00000173fef85310 JavaThread "C2 CompilerThread1" daemon [_thread_in_native, id=20908, stack(0x0000000101a00000,0x0000000101b00000)]
  0x00000173ff140540 JavaThread "C1 CompilerThread2" daemon [_thread_blocked, id=18364, stack(0x0000000101b00000,0x0000000101c00000)]
  0x00000173ff140a60 JavaThread "C1 CompilerThread3" daemon [_thread_blocked, id=39424, stack(0x0000000101c00000,0x0000000101d00000)]
  0x00000173ff1ff7f0 JavaThread "C2 CompilerThread2" daemon [_thread_blocked, id=29896, stack(0x0000000101d00000,0x0000000101e00000)]
  0x00000173ff16d9d0 JavaThread "C2 CompilerThread3" daemon [_thread_blocked, id=51504, stack(0x0000000101e00000,0x0000000101f00000)]

Other Threads:
  0x00000173fbf043e0 VMThread "VM Thread" [stack: 0x0000000100c00000,0x0000000100d00000] [id=28372]
  0x00000173fef09d80 WatcherThread [stack: 0x0000000101800000,0x0000000101900000] [id=56464]
  0x00000173d1989930 GCTaskThread "GC Thread#0" [stack: 0x0000000100700000,0x0000000100800000] [id=39492]
  0x00000173ff16ed10 GCTaskThread "GC Thread#1" [stack: 0x0000000101f00000,0x0000000102000000] [id=37948]
  0x00000173ff82c4e0 GCTaskThread "GC Thread#2" [stack: 0x0000000102000000,0x0000000102100000] [id=23000]
  0x00000173ff7d0fe0 GCTaskThread "GC Thread#3" [stack: 0x0000000102100000,0x0000000102200000] [id=52808]
  0x00000173ff7d12b0 GCTaskThread "GC Thread#4" [stack: 0x0000000102200000,0x0000000102300000] [id=11184]
  0x00000173ff7cff00 GCTaskThread "GC Thread#5" [stack: 0x0000000102300000,0x0000000102400000] [id=56408]
  0x00000173ff7cf690 GCTaskThread "GC Thread#6" [stack: 0x0000000102400000,0x0000000102500000] [id=43144]
  0x00000173ff7cf960 GCTaskThread "GC Thread#7" [stack: 0x0000000102500000,0x0000000102600000] [id=58212]
  0x00000173ff7cfc30 GCTaskThread "GC Thread#8" [stack: 0x0000000102600000,0x0000000102700000] [id=47620]
  0x00000173ff7d01d0 GCTaskThread "GC Thread#9" [stack: 0x0000000102700000,0x0000000102800000] [id=38868]
  0x00000173ff7d04a0 GCTaskThread "GC Thread#10" [stack: 0x0000000102800000,0x0000000102900000] [id=34828]
  0x00000173ff7d0770 GCTaskThread "GC Thread#11" [stack: 0x0000000102900000,0x0000000102a00000] [id=51208]
  0x00000173d198e610 ConcurrentGCThread "G1 Main Marker" [stack: 0x0000000100800000,0x0000000100900000] [id=58924]
  0x00000173fbd4d0b0 ConcurrentGCThread "G1 Conc#0" [stack: 0x0000000100900000,0x0000000100a00000] [id=52236]
  0x00000173fbe3cf10 ConcurrentGCThread "G1 Refine#0" [stack: 0x0000000100a00000,0x0000000100b00000] [id=20624]
  0x00000173ff4835e0 ConcurrentGCThread "G1 Refine#1" [stack: 0x0000000102a00000,0x0000000102b00000] [id=27864]
  0x00000173ff42e130 ConcurrentGCThread "G1 Refine#2" [stack: 0x0000000102b00000,0x0000000102c00000] [id=12040]
  0x00000173ff5ea6d0 ConcurrentGCThread "G1 Refine#3" [stack: 0x0000000102c00000,0x0000000102d00000] [id=43664]
  0x00000173ff700620 ConcurrentGCThread "G1 Refine#4" [stack: 0x0000000102d00000,0x0000000102e00000] [id=41348]
  0x00000173fbe3e800 ConcurrentGCThread "G1 Service" [stack: 0x0000000100b00000,0x0000000100c00000] [id=58832]

Threads with active compile tasks:
C2 CompilerThread1  375  362   !   4       java.util.jar.Attributes::read (494 bytes)

VM state: not at safepoint (normal execution)

VM Mutex/Monitor currently owned by a thread: None

Heap address: 0x0000000601000000, size: 8176 MB, Compressed Oops mode: Zero based, Oop shift amount: 3

CDS archive(s) mapped at: [0x0000017380000000-0x0000017380bb0000-0x0000017380bb0000), size 12255232, SharedBaseAddress: 0x0000017380000000, ArchiveRelocationMode: 1.
Compressed class space mapped at: 0x0000017381000000-0x00000173c1000000, reserved size: 1073741824
Narrow klass base: 0x0000017380000000, Narrow klass shift: 0, Narrow klass range: 0x100000000

GC Precious Log:
 CPUs: 16 total, 16 available
 Memory: 32690M
 Large Page Support: Disabled
 NUMA Support: Disabled
 Compressed Oops: Enabled (Zero based)
 Heap Region Size: 4M
 Heap Min Capacity: 8M
 Heap Initial Capacity: 512M
 Heap Max Capacity: 8176M
 Pre-touch: Disabled
 Parallel Workers: 13
 Concurrent Workers: 3
 Concurrent Refinement Workers: 13
 Periodic GC: Disabled

Heap:
 garbage-first heap   total 524288K, used 28648K [0x0000000601000000, 0x0000000800000000)
  region size 4096K, 6 young (24576K), 1 survivors (4096K)
 Metaspace       used 2245K, committed 2432K, reserved 1114112K
  class space    used 210K, committed 320K, reserved 1048576K

Heap Regions: E=young(eden), S=young(survivor), O=old, HS=humongous(starts), HC=humongous(continues), CS=collection set, F=free, OA=open archive, CA=closed archive, TAMS=top-at-mark-start (previous, next)
|   0|0x0000000601000000, 0x0000000601400000, 0x0000000601400000|100%| O|  |TAMS 0x0000000601000000, 0x0000000601000000| Untracked 
|   1|0x0000000601400000, 0x00000006017fa200, 0x0000000601800000| 99%| O|  |TAMS 0x0000000601400000, 0x0000000601400000| Untracked 
|   2|0x0000000601800000, 0x0000000601800000, 0x0000000601c00000|  0%| F|  |TAMS 0x0000000601800000, 0x0000000601800000| Untracked 
|   3|0x0000000601c00000, 0x0000000601c00000, 0x0000000602000000|  0%| F|  |TAMS 0x0000000601c00000, 0x0000000601c00000| Untracked 
|   4|0x0000000602000000, 0x0000000602000000, 0x0000000602400000|  0%| F|  |TAMS 0x0000000602000000, 0x0000000602000000| Untracked 
|   5|0x0000000602400000, 0x0000000602400000, 0x0000000602800000|  0%| F|  |TAMS 0x0000000602400000, 0x0000000602400000| Untracked 
|   6|0x0000000602800000, 0x0000000602800000, 0x0000000602c00000|  0%| F|  |TAMS 0x0000000602800000, 0x0000000602800000| Untracked 
|   7|0x0000000602c00000, 0x0000000602c00000, 0x0000000603000000|  0%| F|  |TAMS 0x0000000602c00000, 0x0000000602c00000| Untracked 
|   8|0x0000000603000000, 0x0000000603000000, 0x0000000603400000|  0%| F|  |TAMS 0x0000000603000000, 0x0000000603000000| Untracked 
|   9|0x0000000603400000, 0x0000000603400000, 0x0000000603800000|  0%| F|  |TAMS 0x0000000603400000, 0x0000000603400000| Untracked 
|  10|0x0000000603800000, 0x0000000603800000, 0x0000000603c00000|  0%| F|  |TAMS 0x0000000603800000, 0x0000000603800000| Untracked 
|  11|0x0000000603c00000, 0x0000000603c00000, 0x0000000604000000|  0%| F|  |TAMS 0x0000000603c00000, 0x0000000603c00000| Untracked 
|  12|0x0000000604000000, 0x0000000604000000, 0x0000000604400000|  0%| F|  |TAMS 0x0000000604000000, 0x0000000604000000| Untracked 
|  13|0x0000000604400000, 0x0000000604400000, 0x0000000604800000|  0%| F|  |TAMS 0x0000000604400000, 0x0000000604400000| Untracked 
|  14|0x0000000604800000, 0x0000000604800000, 0x0000000604c00000|  0%| F|  |TAMS 0x0000000604800000, 0x0000000604800000| Untracked 
|  15|0x0000000604c00000, 0x0000000604c00000, 0x0000000605000000|  0%| F|  |TAMS 0x0000000604c00000, 0x0000000604c00000| Untracked 
|  16|0x0000000605000000, 0x0000000605000000, 0x0000000605400000|  0%| F|  |TAMS 0x0000000605000000, 0x0000000605000000| Untracked 
|  17|0x0000000605400000, 0x0000000605400000, 0x0000000605800000|  0%| F|  |TAMS 0x0000000605400000, 0x0000000605400000| Untracked 
|  18|0x0000000605800000, 0x0000000605800000, 0x0000000605c00000|  0%| F|  |TAMS 0x0000000605800000, 0x0000000605800000| Untracked 
|  19|0x0000000605c00000, 0x0000000605c00000, 0x0000000606000000|  0%| F|  |TAMS 0x0000000605c00000, 0x0000000605c00000| Untracked 
|  20|0x0000000606000000, 0x0000000606000000, 0x0000000606400000|  0%| F|  |TAMS 0x0000000606000000, 0x0000000606000000| Untracked 
|  21|0x0000000606400000, 0x0000000606400000, 0x0000000606800000|  0%| F|  |TAMS 0x0000000606400000, 0x0000000606400000| Untracked 
|  22|0x0000000606800000, 0x0000000606800000, 0x0000000606c00000|  0%| F|  |TAMS 0x0000000606800000, 0x0000000606800000| Untracked 
|  23|0x0000000606c00000, 0x0000000606c00000, 0x0000000607000000|  0%| F|  |TAMS 0x0000000606c00000, 0x0000000606c00000| Untracked 
|  24|0x0000000607000000, 0x0000000607000000, 0x0000000607400000|  0%| F|  |TAMS 0x0000000607000000, 0x0000000607000000| Untracked 
|  25|0x0000000607400000, 0x0000000607400000, 0x0000000607800000|  0%| F|  |TAMS 0x0000000607400000, 0x0000000607400000| Untracked 
|  26|0x0000000607800000, 0x0000000607800000, 0x0000000607c00000|  0%| F|  |TAMS 0x0000000607800000, 0x0000000607800000| Untracked 
|  27|0x0000000607c00000, 0x0000000607c00000, 0x0000000608000000|  0%| F|  |TAMS 0x0000000607c00000, 0x0000000607c00000| Untracked 
|  28|0x0000000608000000, 0x0000000608000000, 0x0000000608400000|  0%| F|  |TAMS 0x0000000608000000, 0x0000000608000000| Untracked 
|  29|0x0000000608400000, 0x0000000608400000, 0x0000000608800000|  0%| F|  |TAMS 0x0000000608400000, 0x0000000608400000| Untracked 
|  30|0x0000000608800000, 0x0000000608800000, 0x0000000608c00000|  0%| F|  |TAMS 0x0000000608800000, 0x0000000608800000| Untracked 
|  31|0x0000000608c00000, 0x0000000608c00000, 0x0000000609000000|  0%| F|  |TAMS 0x0000000608c00000, 0x0000000608c00000| Untracked 
|  32|0x0000000609000000, 0x0000000609000000, 0x0000000609400000|  0%| F|  |TAMS 0x0000000609000000, 0x0000000609000000| Untracked 
|  33|0x0000000609400000, 0x0000000609400000, 0x0000000609800000|  0%| F|  |TAMS 0x0000000609400000, 0x0000000609400000| Untracked 
|  34|0x0000000609800000, 0x0000000609800000, 0x0000000609c00000|  0%| F|  |TAMS 0x0000000609800000, 0x0000000609800000| Untracked 
|  35|0x0000000609c00000, 0x0000000609c00000, 0x000000060a000000|  0%| F|  |TAMS 0x0000000609c00000, 0x0000000609c00000| Untracked 
|  36|0x000000060a000000, 0x000000060a000000, 0x000000060a400000|  0%| F|  |TAMS 0x000000060a000000, 0x000000060a000000| Untracked 
|  37|0x000000060a400000, 0x000000060a400000, 0x000000060a800000|  0%| F|  |TAMS 0x000000060a400000, 0x000000060a400000| Untracked 
|  38|0x000000060a800000, 0x000000060a800000, 0x000000060ac00000|  0%| F|  |TAMS 0x000000060a800000, 0x000000060a800000| Untracked 
|  39|0x000000060ac00000, 0x000000060ac00000, 0x000000060b000000|  0%| F|  |TAMS 0x000000060ac00000, 0x000000060ac00000| Untracked 
|  40|0x000000060b000000, 0x000000060b000000, 0x000000060b400000|  0%| F|  |TAMS 0x000000060b000000, 0x000000060b000000| Untracked 
|  41|0x000000060b400000, 0x000000060b400000, 0x000000060b800000|  0%| F|  |TAMS 0x000000060b400000, 0x000000060b400000| Untracked 
|  42|0x000000060b800000, 0x000000060b800000, 0x000000060bc00000|  0%| F|  |TAMS 0x000000060b800000, 0x000000060b800000| Untracked 
|  43|0x000000060bc00000, 0x000000060bc00000, 0x000000060c000000|  0%| F|  |TAMS 0x000000060bc00000, 0x000000060bc00000| Untracked 
|  44|0x000000060c000000, 0x000000060c000000, 0x000000060c400000|  0%| F|  |TAMS 0x000000060c000000, 0x000000060c000000| Untracked 
|  45|0x000000060c400000, 0x000000060c400000, 0x000000060c800000|  0%| F|  |TAMS 0x000000060c400000, 0x000000060c400000| Untracked 
|  46|0x000000060c800000, 0x000000060c800000, 0x000000060cc00000|  0%| F|  |TAMS 0x000000060c800000, 0x000000060c800000| Untracked 
|  47|0x000000060cc00000, 0x000000060cc00000, 0x000000060d000000|  0%| F|  |TAMS 0x000000060cc00000, 0x000000060cc00000| Untracked 
|  48|0x000000060d000000, 0x000000060d000000, 0x000000060d400000|  0%| F|  |TAMS 0x000000060d000000, 0x000000060d000000| Untracked 
|  49|0x000000060d400000, 0x000000060d400000, 0x000000060d800000|  0%| F|  |TAMS 0x000000060d400000, 0x000000060d400000| Untracked 
|  50|0x000000060d800000, 0x000000060d800000, 0x000000060dc00000|  0%| F|  |TAMS 0x000000060d800000, 0x000000060d800000| Untracked 
|  51|0x000000060dc00000, 0x000000060dc00000, 0x000000060e000000|  0%| F|  |TAMS 0x000000060dc00000, 0x000000060dc00000| Untracked 
|  52|0x000000060e000000, 0x000000060e000000, 0x000000060e400000|  0%| F|  |TAMS 0x000000060e000000, 0x000000060e000000| Untracked 
|  53|0x000000060e400000, 0x000000060e400000, 0x000000060e800000|  0%| F|  |TAMS 0x000000060e400000, 0x000000060e400000| Untracked 
|  54|0x000000060e800000, 0x000000060e800000, 0x000000060ec00000|  0%| F|  |TAMS 0x000000060e800000, 0x000000060e800000| Untracked 
|  55|0x000000060ec00000, 0x000000060ec00000, 0x000000060f000000|  0%| F|  |TAMS 0x000000060ec00000, 0x000000060ec00000| Untracked 
|  56|0x000000060f000000, 0x000000060f000000, 0x000000060f400000|  0%| F|  |TAMS 0x000000060f000000, 0x000000060f000000| Untracked 
|  57|0x000000060f400000, 0x000000060f400000, 0x000000060f800000|  0%| F|  |TAMS 0x000000060f400000, 0x000000060f400000| Untracked 
|  58|0x000000060f800000, 0x000000060f800000, 0x000000060fc00000|  0%| F|  |TAMS 0x000000060f800000, 0x000000060f800000| Untracked 
|  59|0x000000060fc00000, 0x000000060fc00000, 0x0000000610000000|  0%| F|  |TAMS 0x000000060fc00000, 0x000000060fc00000| Untracked 
|  60|0x0000000610000000, 0x0000000610000000, 0x0000000610400000|  0%| F|  |TAMS 0x0000000610000000, 0x0000000610000000| Untracked 
|  61|0x0000000610400000, 0x0000000610400000, 0x0000000610800000|  0%| F|  |TAMS 0x0000000610400000, 0x0000000610400000| Untracked 
|  62|0x0000000610800000, 0x0000000610800000, 0x0000000610c00000|  0%| F|  |TAMS 0x0000000610800000, 0x0000000610800000| Untracked 
|  63|0x0000000610c00000, 0x0000000610c00000, 0x0000000611000000|  0%| F|  |TAMS 0x0000000610c00000, 0x0000000610c00000| Untracked 
|  64|0x0000000611000000, 0x0000000611000000, 0x0000000611400000|  0%| F|  |TAMS 0x0000000611000000, 0x0000000611000000| Untracked 
|  65|0x0000000611400000, 0x0000000611400000, 0x0000000611800000|  0%| F|  |TAMS 0x0000000611400000, 0x0000000611400000| Untracked 
|  66|0x0000000611800000, 0x0000000611800000, 0x0000000611c00000|  0%| F|  |TAMS 0x0000000611800000, 0x0000000611800000| Untracked 
|  67|0x0000000611c00000, 0x0000000611c00000, 0x0000000612000000|  0%| F|  |TAMS 0x0000000611c00000, 0x0000000611c00000| Untracked 
|  68|0x0000000612000000, 0x0000000612000000, 0x0000000612400000|  0%| F|  |TAMS 0x0000000612000000, 0x0000000612000000| Untracked 
|  69|0x0000000612400000, 0x0000000612400000, 0x0000000612800000|  0%| F|  |TAMS 0x0000000612400000, 0x0000000612400000| Untracked 
|  70|0x0000000612800000, 0x0000000612800000, 0x0000000612c00000|  0%| F|  |TAMS 0x0000000612800000, 0x0000000612800000| Untracked 
|  71|0x0000000612c00000, 0x0000000612c00000, 0x0000000613000000|  0%| F|  |TAMS 0x0000000612c00000, 0x0000000612c00000| Untracked 
|  72|0x0000000613000000, 0x0000000613000000, 0x0000000613400000|  0%| F|  |TAMS 0x0000000613000000, 0x0000000613000000| Untracked 
|  73|0x0000000613400000, 0x0000000613400000, 0x0000000613800000|  0%| F|  |TAMS 0x0000000613400000, 0x0000000613400000| Untracked 
|  74|0x0000000613800000, 0x0000000613800000, 0x0000000613c00000|  0%| F|  |TAMS 0x0000000613800000, 0x0000000613800000| Untracked 
|  75|0x0000000613c00000, 0x0000000613c00000, 0x0000000614000000|  0%| F|  |TAMS 0x0000000613c00000, 0x0000000613c00000| Untracked 
|  76|0x0000000614000000, 0x0000000614000000, 0x0000000614400000|  0%| F|  |TAMS 0x0000000614000000, 0x0000000614000000| Untracked 
|  77|0x0000000614400000, 0x0000000614400000, 0x0000000614800000|  0%| F|  |TAMS 0x0000000614400000, 0x0000000614400000| Untracked 
|  78|0x0000000614800000, 0x0000000614800000, 0x0000000614c00000|  0%| F|  |TAMS 0x0000000614800000, 0x0000000614800000| Untracked 
|  79|0x0000000614c00000, 0x0000000614c00000, 0x0000000615000000|  0%| F|  |TAMS 0x0000000614c00000, 0x0000000614c00000| Untracked 
|  80|0x0000000615000000, 0x0000000615000000, 0x0000000615400000|  0%| F|  |TAMS 0x0000000615000000, 0x0000000615000000| Untracked 
|  81|0x0000000615400000, 0x0000000615400000, 0x0000000615800000|  0%| F|  |TAMS 0x0000000615400000, 0x0000000615400000| Untracked 
|  82|0x0000000615800000, 0x0000000615800000, 0x0000000615c00000|  0%| F|  |TAMS 0x0000000615800000, 0x0000000615800000| Untracked 
|  83|0x0000000615c00000, 0x0000000615c00000, 0x0000000616000000|  0%| F|  |TAMS 0x0000000615c00000, 0x0000000615c00000| Untracked 
|  84|0x0000000616000000, 0x0000000616000000, 0x0000000616400000|  0%| F|  |TAMS 0x0000000616000000, 0x0000000616000000| Untracked 
|  85|0x0000000616400000, 0x0000000616400000, 0x0000000616800000|  0%| F|  |TAMS 0x0000000616400000, 0x0000000616400000| Untracked 
|  86|0x0000000616800000, 0x0000000616800000, 0x0000000616c00000|  0%| F|  |TAMS 0x0000000616800000, 0x0000000616800000| Untracked 
|  87|0x0000000616c00000, 0x0000000616c00000, 0x0000000617000000|  0%| F|  |TAMS 0x0000000616c00000, 0x0000000616c00000| Untracked 
|  88|0x0000000617000000, 0x0000000617000000, 0x0000000617400000|  0%| F|  |TAMS 0x0000000617000000, 0x0000000617000000| Untracked 
|  89|0x0000000617400000, 0x0000000617400000, 0x0000000617800000|  0%| F|  |TAMS 0x0000000617400000, 0x0000000617400000| Untracked 
|  90|0x0000000617800000, 0x0000000617800000, 0x0000000617c00000|  0%| F|  |TAMS 0x0000000617800000, 0x0000000617800000| Untracked 
|  91|0x0000000617c00000, 0x0000000617c00000, 0x0000000618000000|  0%| F|  |TAMS 0x0000000617c00000, 0x0000000617c00000| Untracked 
|  92|0x0000000618000000, 0x0000000618000000, 0x0000000618400000|  0%| F|  |TAMS 0x0000000618000000, 0x0000000618000000| Untracked 
|  93|0x0000000618400000, 0x0000000618400000, 0x0000000618800000|  0%| F|  |TAMS 0x0000000618400000, 0x0000000618400000| Untracked 
|  94|0x0000000618800000, 0x0000000618800000, 0x0000000618c00000|  0%| F|  |TAMS 0x0000000618800000, 0x0000000618800000| Untracked 
|  95|0x0000000618c00000, 0x0000000618c00000, 0x0000000619000000|  0%| F|  |TAMS 0x0000000618c00000, 0x0000000618c00000| Untracked 
|  96|0x0000000619000000, 0x0000000619000000, 0x0000000619400000|  0%| F|  |TAMS 0x0000000619000000, 0x0000000619000000| Untracked 
|  97|0x0000000619400000, 0x0000000619400000, 0x0000000619800000|  0%| F|  |TAMS 0x0000000619400000, 0x0000000619400000| Untracked 
|  98|0x0000000619800000, 0x0000000619800000, 0x0000000619c00000|  0%| F|  |TAMS 0x0000000619800000, 0x0000000619800000| Untracked 
|  99|0x0000000619c00000, 0x0000000619c00000, 0x000000061a000000|  0%| F|  |TAMS 0x0000000619c00000, 0x0000000619c00000| Untracked 
| 100|0x000000061a000000, 0x000000061a000000, 0x000000061a400000|  0%| F|  |TAMS 0x000000061a000000, 0x000000061a000000| Untracked 
| 101|0x000000061a400000, 0x000000061a400000, 0x000000061a800000|  0%| F|  |TAMS 0x000000061a400000, 0x000000061a400000| Untracked 
| 102|0x000000061a800000, 0x000000061a800000, 0x000000061ac00000|  0%| F|  |TAMS 0x000000061a800000, 0x000000061a800000| Untracked 
| 103|0x000000061ac00000, 0x000000061ac00000, 0x000000061b000000|  0%| F|  |TAMS 0x000000061ac00000, 0x000000061ac00000| Untracked 
| 104|0x000000061b000000, 0x000000061b000000, 0x000000061b400000|  0%| F|  |TAMS 0x000000061b000000, 0x000000061b000000| Untracked 
| 105|0x000000061b400000, 0x000000061b400000, 0x000000061b800000|  0%| F|  |TAMS 0x000000061b400000, 0x000000061b400000| Untracked 
| 106|0x000000061b800000, 0x000000061b800000, 0x000000061bc00000|  0%| F|  |TAMS 0x000000061b800000, 0x000000061b800000| Untracked 
| 107|0x000000061bc00000, 0x000000061bc00000, 0x000000061c000000|  0%| F|  |TAMS 0x000000061bc00000, 0x000000061bc00000| Untracked 
| 108|0x000000061c000000, 0x000000061c000000, 0x000000061c400000|  0%| F|  |TAMS 0x000000061c000000, 0x000000061c000000| Untracked 
| 109|0x000000061c400000, 0x000000061c400000, 0x000000061c800000|  0%| F|  |TAMS 0x000000061c400000, 0x000000061c400000| Untracked 
| 110|0x000000061c800000, 0x000000061c800000, 0x000000061cc00000|  0%| F|  |TAMS 0x000000061c800000, 0x000000061c800000| Untracked 
| 111|0x000000061cc00000, 0x000000061cc00000, 0x000000061d000000|  0%| F|  |TAMS 0x000000061cc00000, 0x000000061cc00000| Untracked 
| 112|0x000000061d000000, 0x000000061d000000, 0x000000061d400000|  0%| F|  |TAMS 0x000000061d000000, 0x000000061d000000| Untracked 
| 113|0x000000061d400000, 0x000000061d400000, 0x000000061d800000|  0%| F|  |TAMS 0x000000061d400000, 0x000000061d400000| Untracked 
| 114|0x000000061d800000, 0x000000061d800000, 0x000000061dc00000|  0%| F|  |TAMS 0x000000061d800000, 0x000000061d800000| Untracked 
| 115|0x000000061dc00000, 0x000000061dc00000, 0x000000061e000000|  0%| F|  |TAMS 0x000000061dc00000, 0x000000061dc00000| Untracked 
| 116|0x000000061e000000, 0x000000061e000000, 0x000000061e400000|  0%| F|  |TAMS 0x000000061e000000, 0x000000061e000000| Untracked 
| 117|0x000000061e400000, 0x000000061e400000, 0x000000061e800000|  0%| F|  |TAMS 0x000000061e400000, 0x000000061e400000| Untracked 
| 118|0x000000061e800000, 0x000000061e800000, 0x000000061ec00000|  0%| F|  |TAMS 0x000000061e800000, 0x000000061e800000| Untracked 
| 119|0x000000061ec00000, 0x000000061ec00000, 0x000000061f000000|  0%| F|  |TAMS 0x000000061ec00000, 0x000000061ec00000| Untracked 
| 120|0x000000061f000000, 0x000000061f000000, 0x000000061f400000|  0%| F|  |TAMS 0x000000061f000000, 0x000000061f000000| Untracked 
| 121|0x000000061f400000, 0x000000061f800000, 0x000000061f800000|100%| S|CS|TAMS 0x000000061f400000, 0x000000061f400000| Complete 
| 122|0x000000061f800000, 0x000000061f800000, 0x000000061fc00000|  0%| F|  |TAMS 0x000000061f800000, 0x000000061f800000| Untracked 
| 123|0x000000061fc00000, 0x000000061fd7d0a0, 0x0000000620000000| 37%| E|  |TAMS 0x000000061fc00000, 0x000000061fc00000| Complete 
| 124|0x0000000620000000, 0x0000000620400000, 0x0000000620400000|100%| E|CS|TAMS 0x0000000620000000, 0x0000000620000000| Complete 
| 125|0x0000000620400000, 0x0000000620800000, 0x0000000620800000|100%| E|CS|TAMS 0x0000000620400000, 0x0000000620400000| Complete 
| 126|0x0000000620800000, 0x0000000620c00000, 0x0000000620c00000|100%| E|CS|TAMS 0x0000000620800000, 0x0000000620800000| Complete 
| 127|0x0000000620c00000, 0x0000000621000000, 0x0000000621000000|100%| E|CS|TAMS 0x0000000620c00000, 0x0000000620c00000| Complete 

Card table byte_map: [0x00000173e9cf0000,0x00000173eacf0000] _byte_map_base: 0x00000173e6ce8000

Marking Bits (Prev, Next): (CMBitMap*) 0x00000173d1989f60, (CMBitMap*) 0x00000173d1989fa0
 Prev Bits: [0x00000173ebcf0000, 0x00000173f3cb0000)
 Next Bits: [0x00000173f3cb0000, 0x00000173fbc70000)

Polling page: 0x00000173cf690000

Metaspace:

Usage:
  Non-class:      2.01 MB used.
      Class:    212.08 KB used.
       Both:      2.22 MB used.

Virtual space:
  Non-class space:       64.00 MB reserved,       2.12 MB (  3%) committed,  1 nodes.
      Class space:        1.00 GB reserved,     320.00 KB ( <1%) committed,  1 nodes.
             Both:        1.06 GB reserved,       2.44 MB ( <1%) committed. 

Chunk freelists:
   Non-Class:  12.00 MB
       Class:  15.75 MB
        Both:  27.75 MB

MaxMetaspaceSize: unlimited
CompressedClassSpaceSize: 1.00 GB
Initial GC threshold: 21.00 MB
Current GC threshold: 21.00 MB
CDS: on
MetaspaceReclaimPolicy: balanced
 - commit_granule_bytes: 65536.
 - commit_granule_words: 8192.
 - virtual_space_node_default_size: 8388608.
 - enlarge_chunks_in_place: 1.
 - new_chunks_are_fully_committed: 0.
 - uncommit_free_chunks: 1.
 - use_allocation_guard: 0.
 - handle_deallocations: 1.


Internal statistics:

num_allocs_failed_limit: 0.
num_arena_births: 4.
num_arena_deaths: 0.
num_vsnodes_births: 2.
num_vsnodes_deaths: 0.
num_space_committed: 39.
num_space_uncommitted: 0.
num_chunks_returned_to_freelist: 0.
num_chunks_taken_from_freelist: 5.
num_chunk_merges: 0.
num_chunk_splits: 3.
num_chunks_enlarged: 1.
num_inconsistent_stats: 0.

CodeHeap 'non-profiled nmethods': size=119168Kb used=257Kb max_used=257Kb free=118910Kb
 bounds [0x00000173e1010000, 0x00000173e1280000, 0x00000173e8470000]
CodeHeap 'profiled nmethods': size=119104Kb used=713Kb max_used=713Kb free=118390Kb
 bounds [0x00000173d9470000, 0x00000173d96e0000, 0x00000173e08c0000]
CodeHeap 'non-nmethods': size=7488Kb used=2824Kb max_used=2849Kb free=4663Kb
 bounds [0x00000173e08c0000, 0x00000173e0b90000, 0x00000173e1010000]
 total_blobs=875 nmethods=457 adapters=328
 compilation: enabled
              stopped_count=0, restarted_count=0
 full_count=0

Compilation events (20 events):
Event: 0.296 Thread 0x00000173ff1ff7f0 nmethod 363 0x00000173e1044110 code [0x00000173e1044360, 0x00000173e1045bb0]
Event: 0.297 Thread 0x00000173ff140540  375       3       java.lang.invoke.MemberName::isInvocable (8 bytes)
Event: 0.297 Thread 0x00000173feda9fd0  376       3       java.lang.invoke.MemberName::testAnyFlags (15 bytes)
Event: 0.297 Thread 0x00000173feda9fd0 nmethod 376 0x00000173d94fc210 code [0x00000173d94fc3c0, 0x00000173d94fc5d8]
Event: 0.297 Thread 0x00000173ff140540 nmethod 375 0x00000173d94fc690 code [0x00000173d94fc840, 0x00000173d94fcab8]
Event: 0.304 Thread 0x00000173feecbef0  377       1       java.lang.Class::getModule (5 bytes)
Event: 0.304 Thread 0x00000173feecbef0 nmethod 377 0x00000173e1046710 code [0x00000173e10468a0, 0x00000173e1046978]
Event: 0.304 Thread 0x00000173feda9fd0  379       1       java.lang.module.ModuleDescriptor::isOpen (5 bytes)
Event: 0.304 Thread 0x00000173feda9fd0 nmethod 379 0x00000173e1046a10 code [0x00000173e1046ba0, 0x00000173e1046c78]
Event: 0.306 Thread 0x00000173ff140540  380       1       java.lang.invoke.MethodType::ptypes (5 bytes)
Event: 0.306 Thread 0x00000173ff140540 nmethod 380 0x00000173e1046d10 code [0x00000173e1046ea0, 0x00000173e1046f78]
Event: 0.323 Thread 0x00000173ff16d9d0 nmethod 368 0x00000173e1047610 code [0x00000173e1047840, 0x00000173e1048ca0]
Event: 0.323 Thread 0x00000173feecbef0  383       3       java.util.Arrays::hashCode (44 bytes)
Event: 0.323 Thread 0x00000173feecbef0 nmethod 383 0x00000173d94fcb90 code [0x00000173d94fcd40, 0x00000173d94fcf58]
Event: 0.335 Thread 0x00000173ff140540  386       3       java.lang.ref.Reference::reachabilityFence (1 bytes)
Event: 0.335 Thread 0x00000173ff140540 nmethod 386 0x00000173d94fd090 code [0x00000173d94fd220, 0x00000173d94fd318]
Event: 0.338 Thread 0x00000173ff140540  387       3       java.lang.StringUTF16::putChar (54 bytes)
Event: 0.338 Thread 0x00000173ff140540 nmethod 387 0x00000173d94fd390 code [0x00000173d94fd540, 0x00000173d94fd698]
Event: 0.339 Thread 0x00000173ff16d9d0  388       4       java.lang.StringUTF16::putChar (54 bytes)
Event: 0.339 Thread 0x00000173ff16d9d0 nmethod 388 0x00000173e1049b90 code [0x00000173e1049d20, 0x00000173e1049df8]

GC Heap History (2 events):
Event: 0.149 GC heap before
{Heap before GC invocations=0 (full 0):
 garbage-first heap   total 524288K, used 20480K [0x0000000601000000, 0x0000000800000000)
  region size 4096K, 6 young (24576K), 0 survivors (0K)
 Metaspace       used 232K, committed 320K, reserved 1114112K
  class space    used 7K, committed 64K, reserved 1048576K
}
Event: 0.153 GC heap after
{Heap after GC invocations=1 (full 0):
 garbage-first heap   total 524288K, used 12264K [0x0000000601000000, 0x0000000800000000)
  region size 4096K, 1 young (4096K), 1 survivors (4096K)
 Metaspace       used 232K, committed 320K, reserved 1114112K
  class space    used 7K, committed 64K, reserved 1048576K
}

Dll operation events (6 events):
Event: 0.008 Loaded shared library C:\Program Files\Microsoft\jdk-17.0.20.8-hotspot\bin\java.dll
Event: 0.025 Loaded shared library C:\Program Files\Microsoft\jdk-17.0.20.8-hotspot\bin\jsvml.dll
Event: 0.054 Loaded shared library C:\Program Files\Microsoft\jdk-17.0.20.8-hotspot\bin\net.dll
Event: 0.056 Loaded shared library C:\Program Files\Microsoft\jdk-17.0.20.8-hotspot\bin\nio.dll
Event: 0.069 Loaded shared library C:\Program Files\Microsoft\jdk-17.0.20.8-hotspot\bin\zip.dll
Event: 0.332 Loaded shared library C:\Program Files\Microsoft\jdk-17.0.20.8-hotspot\bin\jimage.dll

Deoptimization events (20 events):
Event: 0.232 Thread 0x00000173d18d60a0 Uncommon trap: trap_request=0xffffff45 fr.pc=0x00000173e101ce88 relative=0x00000000000001e8
Event: 0.232 Thread 0x00000173d18d60a0 Uncommon trap: reason=unstable_if action=reinterpret pc=0x00000173e101ce88 method=java.util.HashMap.getNode(Ljava/lang/Object;)Ljava/util/HashMap$Node; @ 53 c2
Event: 0.232 Thread 0x00000173d18d60a0 DEOPT PACKING pc=0x00000173e101ce88 sp=0x00000001006fd990
Event: 0.232 Thread 0x00000173d18d60a0 DEOPT UNPACKING pc=0x00000173e09169a3 sp=0x00000001006fd908 mode 2
Event: 0.239 Thread 0x00000173d18d60a0 Uncommon trap: trap_request=0xffffff45 fr.pc=0x00000173e101c698 relative=0x00000000000004f8
Event: 0.239 Thread 0x00000173d18d60a0 Uncommon trap: reason=unstable_if action=reinterpret pc=0x00000173e101c698 method=java.lang.String.<init>([BIILjava/nio/charset/Charset;)V @ 47 c2
Event: 0.239 Thread 0x00000173d18d60a0 DEOPT PACKING pc=0x00000173e101c698 sp=0x00000001006fcc50
Event: 0.239 Thread 0x00000173d18d60a0 DEOPT UNPACKING pc=0x00000173e09169a3 sp=0x00000001006fcc08 mode 2
Event: 0.261 Thread 0x00000173d18d60a0 Uncommon trap: trap_request=0xffffff45 fr.pc=0x00000173e1035718 relative=0x0000000000002338
Event: 0.261 Thread 0x00000173d18d60a0 Uncommon trap: reason=unstable_if action=reinterpret pc=0x00000173e1035718 method=java.util.LinkedHashMap.linkNodeLast(Ljava/util/LinkedHashMap$Entry;)V @ 11 c2
Event: 0.261 Thread 0x00000173d18d60a0 DEOPT PACKING pc=0x00000173e1035718 sp=0x00000001006fde80
Event: 0.261 Thread 0x00000173d18d60a0 DEOPT UNPACKING pc=0x00000173e09169a3 sp=0x00000001006fdb68 mode 2
Event: 0.288 Thread 0x00000173d18d60a0 Uncommon trap: trap_request=0xffffff45 fr.pc=0x00000173e1023874 relative=0x0000000000000634
Event: 0.290 Thread 0x00000173d18d60a0 Uncommon trap: reason=unstable_if action=reinterpret pc=0x00000173e1023874 method=java.util.jar.Manifest$FastInputStream.readLine([BII)I @ 48 c2
Event: 0.290 Thread 0x00000173d18d60a0 DEOPT PACKING pc=0x00000173e1023874 sp=0x00000001006fdef0
Event: 0.290 Thread 0x00000173d18d60a0 DEOPT UNPACKING pc=0x00000173e09169a3 sp=0x00000001006fde30 mode 2
Event: 0.323 Thread 0x00000173d18d60a0 Uncommon trap: trap_request=0xffffff45 fr.pc=0x00000173e1043030 relative=0x0000000000001090
Event: 0.323 Thread 0x00000173d18d60a0 Uncommon trap: reason=unstable_if action=reinterpret pc=0x00000173e1043030 method=java.util.HashMap.putVal(ILjava/lang/Object;Ljava/lang/Object;ZZ)Ljava/lang/Object; @ 69 c2
Event: 0.323 Thread 0x00000173d18d60a0 DEOPT PACKING pc=0x00000173e1043030 sp=0x00000001006fccb0
Event: 0.323 Thread 0x00000173d18d60a0 DEOPT UNPACKING pc=0x00000173e09169a3 sp=0x00000001006fcc60 mode 2

Classes loaded (20 events):
Event: 0.336 Loading class jdk/internal/icu/util/CodePointTrie$Fast16 done
Event: 0.336 Loading class jdk/internal/icu/util/CodePointTrie$Type
Event: 0.336 Loading class jdk/internal/icu/util/CodePointTrie$Type done
Event: 0.336 Loading class jdk/internal/icu/util/CodePointTrie$ValueWidth
Event: 0.337 Loading class jdk/internal/icu/util/CodePointTrie$ValueWidth done
Event: 0.337 Loading class java/nio/ByteBufferAsCharBufferB
Event: 0.337 Loading class java/nio/ByteBufferAsCharBufferB done
Event: 0.337 Loading class jdk/internal/icu/util/CodePointTrie$1
Event: 0.337 Loading class jdk/internal/icu/util/CodePointTrie$1 done
Event: 0.337 Loading class jdk/internal/icu/util/CodePointTrie$Data16
Event: 0.338 Loading class jdk/internal/icu/util/CodePointTrie$Data
Event: 0.338 Loading class jdk/internal/icu/util/CodePointTrie$Data done
Event: 0.338 Loading class jdk/internal/icu/util/CodePointTrie$Data16 done
Event: 0.339 Loading class jdk/internal/icu/impl/Norm2AllModes$ComposeNormalizer2
Event: 0.339 Loading class jdk/internal/icu/impl/Norm2AllModes$Normalizer2WithImpl
Event: 0.339 Loading class jdk/internal/icu/impl/Norm2AllModes$Normalizer2WithImpl done
Event: 0.339 Loading class jdk/internal/icu/impl/Norm2AllModes$ComposeNormalizer2 done
Event: 0.339 Loading class jdk/internal/icu/impl/Norm2AllModes$DecomposeNormalizer2
Event: 0.339 Loading class jdk/internal/icu/impl/Norm2AllModes$DecomposeNormalizer2 done
Event: 0.339 Loading class java/security/Signature

Classes unloaded (0 events):
No events

Classes redefined (0 events):
No events

Internal exceptions (0 events):
No events

VM Operations (6 events):
Event: 0.094 Executing VM operation: HandshakeAllThreads
Event: 0.094 Executing VM operation: HandshakeAllThreads done
Event: 0.148 Executing VM operation: G1CollectForAllocation
Event: 0.153 Executing VM operation: G1CollectForAllocation done
Event: 0.211 Executing VM operation: HandshakeAllThreads
Event: 0.211 Executing VM operation: HandshakeAllThreads done

Memory protections (0 events):
No events

Nmethod flushes (0 events):
No events

Events (18 events):
Event: 0.025 Thread 0x00000173d18d60a0 Thread added: 0x00000173d18d60a0
Event: 0.028 Thread 0x00000173d18d60a0 Thread added: 0x00000173fbf08490
Event: 0.028 Thread 0x00000173d18d60a0 Thread added: 0x00000173fbf09bc0
Event: 0.035 Thread 0x00000173d18d60a0 Thread added: 0x00000173fbf21c70
Event: 0.035 Thread 0x00000173d18d60a0 Thread added: 0x00000173fbf24640
Event: 0.035 Thread 0x00000173d18d60a0 Thread added: 0x00000173fbf26780
Event: 0.035 Thread 0x00000173d18d60a0 Thread added: 0x00000173fbf2f150
Event: 0.036 Thread 0x00000173d18d60a0 Thread added: 0x00000173fbf30e50
Event: 0.036 Thread 0x00000173d18d60a0 Thread added: 0x00000173feda9fd0
Event: 0.036 Thread 0x00000173d18d60a0 Thread added: 0x00000173fbf37880
Event: 0.045 Thread 0x00000173feda9fd0 Thread added: 0x00000173feecbef0
Event: 0.048 Thread 0x00000173d18d60a0 Thread added: 0x00000173fef07890
Event: 0.050 Thread 0x00000173d18d60a0 Thread added: 0x00000173fef0da20
Event: 0.065 Thread 0x00000173fbf30e50 Thread added: 0x00000173fef85310
Event: 0.099 Thread 0x00000173feecbef0 Thread added: 0x00000173ff140540
Event: 0.099 Thread 0x00000173feecbef0 Thread added: 0x00000173ff140a60
Event: 0.110 Thread 0x00000173fbf30e50 Thread added: 0x00000173ff1ff7f0
Event: 0.124 Thread 0x00000173fbf30e50 Thread added: 0x00000173ff16d9d0


Dynamic libraries:
0x00007ff7e9e00000 - 0x00007ff7e9e0e000 	C:\Program Files\Microsoft\jdk-17.0.20.8-hotspot\bin\java.exe
0x00007ff8e0ec0000 - 0x00007ff8e1127000 	C:\WINDOWS\SYSTEM32\ntdll.dll
0x00007ff8dfa60000 - 0x00007ff8dfb2b000 	C:\WINDOWS\System32\KERNEL32.DLL
0x00007ff8de720000 - 0x00007ff8deb22000 	C:\WINDOWS\System32\KERNELBASE.dll
0x00007ff8de440000 - 0x00007ff8de58c000 	C:\WINDOWS\System32\ucrtbase.dll
0x00007ff8c1d10000 - 0x00007ff8c1d2e000 	C:\Program Files\Microsoft\jdk-17.0.20.8-hotspot\bin\VCRUNTIME140.dll
0x00007ff8c1d70000 - 0x00007ff8c1d88000 	C:\Program Files\Microsoft\jdk-17.0.20.8-hotspot\bin\jli.dll
0x00007ff8df880000 - 0x00007ff8dfa4f000 	C:\WINDOWS\System32\USER32.dll
0x00007ff8de380000 - 0x00007ff8de3a7000 	C:\WINDOWS\System32\win32u.dll
0x00007ff8b2700000 - 0x00007ff8b2990000 	C:\WINDOWS\WinSxS\amd64_microsoft.windows.common-controls_6595b64144ccf1df_6.0.26100.9278_none_3e0d1ba8e3303201\COMCTL32.dll
0x00007ff8e0660000 - 0x00007ff8e068b000 	C:\WINDOWS\System32\GDI32.dll
0x00007ff8de250000 - 0x00007ff8de379000 	C:\WINDOWS\System32\gdi32full.dll
0x00007ff8deb30000 - 0x00007ff8debd3000 	C:\WINDOWS\System32\msvcp_win.dll
0x00007ff8e0b20000 - 0x00007ff8e0bc9000 	C:\WINDOWS\System32\msvcrt.dll
0x00007ff8e0600000 - 0x00007ff8e0631000 	C:\WINDOWS\System32\IMM32.DLL
0x00007ff8c3790000 - 0x00007ff8c379c000 	C:\Program Files\Microsoft\jdk-17.0.20.8-hotspot\bin\vcruntime140_1.dll
0x00007ff899d20000 - 0x00007ff899da9000 	C:\Program Files\Microsoft\jdk-17.0.20.8-hotspot\bin\msvcp140.dll
0x00007ff8163c0000 - 0x00007ff81703b000 	C:\Program Files\Microsoft\jdk-17.0.20.8-hotspot\bin\server\jvm.dll
0x00007ff8deeb0000 - 0x00007ff8def6c000 	C:\WINDOWS\System32\ADVAPI32.dll
0x00007ff8df7d0000 - 0x00007ff8df879000 	C:\WINDOWS\System32\sechost.dll
0x00007ff8e0bd0000 - 0x00007ff8e0ce8000 	C:\WINDOWS\System32\RPCRT4.dll
0x00007ff8dfb30000 - 0x00007ff8dfbb0000 	C:\WINDOWS\System32\WS2_32.dll
0x00007ff8ddf20000 - 0x00007ff8ddf7e000 	C:\WINDOWS\SYSTEM32\POWRPROF.dll
0x00007ff8cd450000 - 0x00007ff8cd486000 	C:\WINDOWS\SYSTEM32\WINMM.dll
0x00007ff8d7810000 - 0x00007ff8d781b000 	C:\WINDOWS\SYSTEM32\VERSION.dll
0x00007ff8ddf00000 - 0x00007ff8ddf15000 	C:\WINDOWS\SYSTEM32\UMPDC.dll
0x00007ff8dcd90000 - 0x00007ff8dcdab000 	C:\WINDOWS\SYSTEM32\kernel.appcore.dll
0x00007ff8c3620000 - 0x00007ff8c362a000 	C:\Program Files\Microsoft\jdk-17.0.20.8-hotspot\bin\jimage.dll
0x00007ff8ce330000 - 0x00007ff8ce57c000 	C:\WINDOWS\SYSTEM32\DBGHELP.DLL
0x00007ff8e0690000 - 0x00007ff8e0a15000 	C:\WINDOWS\System32\combase.dll
0x00007ff8dedd0000 - 0x00007ff8deea9000 	C:\WINDOWS\System32\OLEAUT32.dll
0x00007ff8ce270000 - 0x00007ff8ce2ab000 	C:\WINDOWS\SYSTEM32\dbgcore.DLL
0x00007ff8de660000 - 0x00007ff8de70c000 	C:\WINDOWS\System32\bcryptPrimitives.dll
0x00007ff8a5da0000 - 0x00007ff8a5dc6000 	C:\Program Files\Microsoft\jdk-17.0.20.8-hotspot\bin\java.dll
0x00007ff857360000 - 0x00007ff857436000 	C:\Program Files\Microsoft\jdk-17.0.20.8-hotspot\bin\jsvml.dll
0x00007ff8dfe60000 - 0x00007ff8e05f8000 	C:\WINDOWS\System32\SHELL32.dll
0x00007ff8dbb60000 - 0x00007ff8dc40e000 	C:\WINDOWS\SYSTEM32\windows.storage.dll
0x00007ff8df600000 - 0x00007ff8df6fb000 	C:\WINDOWS\System32\SHCORE.dll
0x00007ff8df710000 - 0x00007ff8df776000 	C:\WINDOWS\System32\shlwapi.dll
0x00007ff8ddfe0000 - 0x00007ff8de009000 	C:\WINDOWS\SYSTEM32\profapi.dll
0x00007ff8b7d50000 - 0x00007ff8b7d6b000 	C:\Program Files\Microsoft\jdk-17.0.20.8-hotspot\bin\net.dll
0x00007ff8d6700000 - 0x00007ff8d682a000 	C:\WINDOWS\SYSTEM32\WINHTTP.dll
0x00007ff8dd350000 - 0x00007ff8dd3bc000 	C:\WINDOWS\system32\mswsock.dll
0x00007ff8b5680000 - 0x00007ff8b5696000 	C:\Program Files\Microsoft\jdk-17.0.20.8-hotspot\bin\nio.dll
0x00007ff8aaab0000 - 0x00007ff8aaac8000 	C:\Program Files\Microsoft\jdk-17.0.20.8-hotspot\bin\zip.dll

dbghelp: loaded successfully - version: 4.0.5 - missing functions: none
symbol engine: initialized successfully - sym options: 0x614 - pdb path: .;C:\Program Files\Microsoft\jdk-17.0.20.8-hotspot\bin;C:\WINDOWS\SYSTEM32;C:\WINDOWS\WinSxS\amd64_microsoft.windows.common-controls_6595b64144ccf1df_6.0.26100.9278_none_3e0d1ba8e3303201;C:\Program Files\Microsoft\jdk-17.0.20.8-hotspot\bin\server

VM Arguments:
jvm_args: -Ddebug.internal.errors=true -Ddebug.semantic.errors=false -Ddebug.completion.statistics=false -Dlwc.typegeneration.disabled=true 
java_command: apex.jorje.lsp.ApexLanguageServerLauncher
java_class_path (initial): c:\Users\rafal\.vscode\extensions\salesforce.salesforcedx-vscode-apex-67.18.2\dist\apex-jorje-lsp.jar
Launcher Type: SUN_STANDARD

[Global flags]
     intx CICompilerCount                          = 12                                        {product} {ergonomic}
     uint ConcGCThreads                            = 3                                         {product} {ergonomic}
     uint G1ConcRefinementThreads                  = 13                                        {product} {ergonomic}
   size_t G1HeapRegionSize                         = 4194304                                   {product} {ergonomic}
    uintx GCDrainStackTargetSize                   = 64                                        {product} {ergonomic}
   size_t InitialHeapSize                          = 536870912                                 {product} {ergonomic}
   size_t MarkStackSize                            = 4194304                                   {product} {ergonomic}
   size_t MaxHeapSize                              = 8573157376                                {product} {ergonomic}
   size_t MaxNewSize                               = 5142216704                                {product} {ergonomic}
   size_t MinHeapDeltaBytes                        = 4194304                                   {product} {ergonomic}
   size_t MinHeapSize                              = 8388608                                   {product} {ergonomic}
    uintx NonNMethodCodeHeapSize                   = 7602480                                {pd product} {ergonomic}
    uintx NonProfiledCodeHeapSize                  = 122027880                              {pd product} {ergonomic}
    uintx ProfiledCodeHeapSize                     = 122027880                              {pd product} {ergonomic}
    uintx ReservedCodeCacheSize                    = 251658240                              {pd product} {ergonomic}
     bool SegmentedCodeCache                       = true                                      {product} {ergonomic}
   size_t SoftMaxHeapSize                          = 8573157376                             {manageable} {ergonomic}
     bool UseCompressedClassPointers               = true                           {product lp64_product} {ergonomic}
     bool UseCompressedOops                        = true                           {product lp64_product} {ergonomic}
     bool UseG1GC                                  = true                                      {product} {ergonomic}
     bool UseLargePagesIndividualAllocation        = false                                  {pd product} {ergonomic}

Logging:
Log output configuration:
 #0: stdout all=warning uptime,level,tags
 #1: stderr all=off uptime,level,tags

Environment Variables:
JAVA_HOME=C:\Program Files\Microsoft\jdk-17.0.20.8-hotspot
PATH=C:\Program Files\Microsoft\jdk-17.0.20.8-hotspot\bin;C:\WINDOWS\system32;C:\WINDOWS;C:\WINDOWS\System32\Wbem;C:\WINDOWS\System32\WindowsPowerShell\v1.0\;C:\WINDOWS\System32\OpenSSH\;C:\Program Files\NVIDIA Corporation\NVIDIA App\NvDLISR;C:\Program Files (x86)\NVIDIA Corporation\PhysX\Common;C:\Program Files\nodejs\;C:\Program Files\Git\cmd;C:\Users\rafal\AppData\Local\Programs\Python\Python314\Scripts\;C:\Users\rafal\AppData\Local\Programs\Python\Python314\;C:\Users\rafal\AppData\Local\Programs\Python\Launcher\;C:\Users\rafal\AppData\Local\Microsoft\WindowsApps;C:\Users\rafal\AppData\Roaming\npm;C:\Users\rafal\AppData\Local\Programs\Microsoft VS Code\bin;C:\Program Files\JetBrains\PyCharm 2026.2.2\bin
USERNAME=rafal
OS=Windows_NT
PROCESSOR_IDENTIFIER=AMD64 Family 25 Model 33 Stepping 2, AuthenticAMD
TMP=C:\Users\rafal\AppData\Local\Temp
TEMP=C:\Users\rafal\AppData\Local\Temp



Periodic native trim disabled


---------------  S Y S T E M  ---------------

OS:
 Windows 11 , 64 bit Build 26100 (10.0.26100.9444)
OS uptime: 2 days 11:06 hours

CPU: total 16 (initial active 16) (16 cores per cpu, 2 threads per core) family 25 model 33 stepping 2 microcode 0xa201210, cx8, cmov, fxsr, ht, mmx, 3dnowpref, sse, sse2, sse3, ssse3, sse4a, sse4.1, sse4.2, popcnt, lzcnt, tsc, tscinvbit, avx, avx2, aes, erms, clmul, bmi1, bmi2, adx, sha, fma, vzeroupper, clflush, clflushopt
Processor Information for the first 16 processors :
  Max Mhz: 3401, Current Mhz: 3401, Mhz Limit: 3401

Memory: 4k page, system-wide physical 32690M (1093M free)
TotalPageFile size 67180M (AvailPageFile size 37M)
current process WorkingSet (physical memory assigned to process): 89M, peak: 89M
current process commit charge ("private bytes"): 636M, peak: 636M

vm_info: OpenJDK 64-Bit Server VM (17.0.20+8-LTS) for windows-amd64 JRE (17.0.20+8-LTS), built on Jul 14 2026 18:14:29 by "MicrosoftCorporation" with MS VC++ 17.14 (VS2022)

END.
