#
# There is insufficient memory for the Java Runtime Environment to continue.
# Native memory allocation (mmap) failed to map 197132288 bytes. Error detail: G1 virtual space
# Possible reasons:
#   The system is out of physical RAM or swap space
#   This process is running with CompressedOops enabled, and the Java Heap may be blocking the growth of the native heap
# Possible solutions:
#   Reduce memory load on the system
#   Increase physical memory or swap space
#   Check if swap backing store is full
#   Decrease Java heap size (-Xmx/-Xms)
#   Decrease number of Java threads
#   Decrease Java thread stack sizes (-Xss)
#   Set larger code cache with -XX:ReservedCodeCacheSize=
#   JVM is running with Zero Based Compressed Oops mode in which the Java heap is
#     placed in the first 32GB address space. The Java Heap base address is the
#     maximum limit for the native heap growth. Please use -XX:HeapBaseMinAddress
#     to set the Java Heap base and to place the Java Heap above 32GB virtual address.
# This output file may be truncated or incomplete.
#
#  Out of Memory Error (os_windows.cpp:3702), pid=49724, tid=57404
#
# JRE version: OpenJDK Runtime Environment Microsoft-14653939 (17.0.20+8) (build 17.0.20+8-LTS)
# Java VM: OpenJDK 64-Bit Server VM Microsoft-14653939 (17.0.20+8-LTS, mixed mode, sharing, tiered, compressed oops, compressed class ptrs, g1 gc, windows-amd64)
# No core dump will be written. Minidumps are not enabled by default on client versions of Windows
#

---------------  S U M M A R Y ------------

Command Line: -Ddebug.internal.errors=true -Ddebug.semantic.errors=false -Ddebug.completion.statistics=false -Dlwc.typegeneration.disabled=true apex.jorje.lsp.ApexLanguageServerLauncher

Host: AMD Ryzen 7 5700X 8-Core Processor             , 16 cores, 31G,  Windows 11 , 64 bit Build 26100 (10.0.26100.9444)
Time: Mon Sep 21 15:26:11 2026 Hora Padrão da Bahia elapsed time: 7.947612 seconds (0d 0h 0m 7s)

---------------  T H R E A D  ---------------

Current thread (0x00000290dbfa8790):  VMThread "VM Thread" [stack: 0x000000c324600000,0x000000c324700000] [id=57404]

Stack: [0x000000c324600000,0x000000c324700000]
Native frames: (J=compiled Java code, j=interpreted, Vv=VM code, C=native code)
V  [jvm.dll+0x68d159]  (no source info available)
V  [jvm.dll+0x8462c9]  (no source info available)
V  [jvm.dll+0x84803b]  (no source info available)
V  [jvm.dll+0x8486c3]  (no source info available)
V  [jvm.dll+0x24d12f]  (no source info available)
V  [jvm.dll+0x68c559]  (no source info available)
V  [jvm.dll+0x68084a]  (no source info available)
V  [jvm.dll+0x3103f0]  (no source info available)
V  [jvm.dll+0x310292]  (no source info available)
V  [jvm.dll+0x317809]  (no source info available)
V  [jvm.dll+0x369b89]  (no source info available)
V  [jvm.dll+0x369dbd]  (no source info available)
V  [jvm.dll+0x2e6bfa]  (no source info available)
V  [jvm.dll+0x2e4ff1]  (no source info available)
V  [jvm.dll+0x2e478c]  (no source info available)
V  [jvm.dll+0x3290db]  (no source info available)
V  [jvm.dll+0x84cf4d]  (no source info available)
V  [jvm.dll+0x84dc63]  (no source info available)
V  [jvm.dll+0x84e194]  (no source info available)
V  [jvm.dll+0x84e578]  (no source info available)
V  [jvm.dll+0x84e66e]  (no source info available)
V  [jvm.dll+0x7f67dc]  (no source info available)
V  [jvm.dll+0x68e6f7]  (no source info available)
C  [ucrtbase.dll+0x2cd30]  (no source info available)
C  [KERNEL32.DLL+0x2cd87]  (no source info available)
C  [ntdll.dll+0xacaec]  (no source info available)

VM_Operation (0x000000c326cfdcf0): G1CollectForAllocation, mode: safepoint, requested by thread 0x0000029126290a70


---------------  P R O C E S S  ---------------

Threads class SMR info:
_java_thread_list=0x00000291255247f0, length=21, elements={
0x00000290af5bd7c0, 0x00000290dbfac840, 0x00000290dbfadf70, 0x00000290dbfc3e80,
0x00000290dbfc8860, 0x00000290dbfc9220, 0x00000290dbfc9be0, 0x00000290dbfca980,
0x00000291200d4700, 0x00000291200d5880, 0x00000291201ba2b0, 0x00000291201c5010,
0x0000029125c25bd0, 0x00000291254f0a00, 0x0000029126290590, 0x0000029126290a70,
0x0000029126829950, 0x00000291253f9050, 0x00000291253f85b0, 0x00000291253f9af0,
0x00000291253fa040
}

Java Threads: ( => current thread )
  0x00000290af5bd7c0 JavaThread "main" [_thread_blocked, id=56140, stack(0x000000c324000000,0x000000c324100000)]
  0x00000290dbfac840 JavaThread "Reference Handler" daemon [_thread_blocked, id=38872, stack(0x000000c324700000,0x000000c324800000)]
  0x00000290dbfadf70 JavaThread "Finalizer" daemon [_thread_blocked, id=47704, stack(0x000000c324800000,0x000000c324900000)]
  0x00000290dbfc3e80 JavaThread "Signal Dispatcher" daemon [_thread_blocked, id=52952, stack(0x000000c324900000,0x000000c324a00000)]
  0x00000290dbfc8860 JavaThread "Attach Listener" daemon [_thread_blocked, id=40300, stack(0x000000c324a00000,0x000000c324b00000)]
  0x00000290dbfc9220 JavaThread "Service Thread" daemon [_thread_blocked, id=56632, stack(0x000000c324b00000,0x000000c324c00000)]
  0x00000290dbfc9be0 JavaThread "Monitor Deflation Thread" daemon [_thread_blocked, id=51016, stack(0x000000c324c00000,0x000000c324d00000)]
  0x00000290dbfca980 JavaThread "C2 CompilerThread0" daemon [_thread_blocked, id=31908, stack(0x000000c324d00000,0x000000c324e00000)]
  0x00000291200d4700 JavaThread "C1 CompilerThread0" daemon [_thread_blocked, id=58568, stack(0x000000c324e00000,0x000000c324f00000)]
  0x00000291200d5880 JavaThread "Sweeper thread" daemon [_thread_blocked, id=48360, stack(0x000000c324f00000,0x000000c325000000)]
  0x00000291201ba2b0 JavaThread "Notification Thread" daemon [_thread_blocked, id=50772, stack(0x000000c325200000,0x000000c325300000)]
  0x00000291201c5010 JavaThread "Common-Cleaner" daemon [_thread_blocked, id=34620, stack(0x000000c325400000,0x000000c325500000)]
  0x0000029125c25bd0 JavaThread "pool-1-thread-1" [_thread_blocked, id=55396, stack(0x000000c325700000,0x000000c325800000)]
  0x00000291254f0a00 JavaThread "Apex Prelude Service STARTING" [_thread_blocked, id=51636, stack(0x000000c325600000,0x000000c325700000)]
  0x0000029126290590 JavaThread "ForkJoinPool.commonPool-worker-1" daemon [_thread_blocked, id=55644, stack(0x000000c326b00000,0x000000c326c00000)]
  0x0000029126290a70 JavaThread "ApexIndexer STARTING" [_thread_blocked, id=56204, stack(0x000000c326c00000,0x000000c326d00000)]
  0x0000029126829950 JavaThread "ForkJoinPool.commonPool-worker-2" daemon [_thread_blocked, id=16428, stack(0x000000c326d00000,0x000000c326e00000)]
  0x00000291253f9050 JavaThread "C1 CompilerThread1" daemon [_thread_blocked, id=59352, stack(0x000000c325500000,0x000000c325600000)]
  0x00000291253f85b0 JavaThread "C1 CompilerThread2" daemon [_thread_blocked, id=48176, stack(0x000000c325900000,0x000000c325a00000)]
  0x00000291253f9af0 JavaThread "C2 CompilerThread1" daemon [_thread_blocked, id=50072, stack(0x000000c327300000,0x000000c327400000)]
  0x00000291253fa040 JavaThread "C1 CompilerThread3" daemon [_thread_blocked, id=41732, stack(0x000000c327400000,0x000000c327500000)]

Other Threads:
=>0x00000290dbfa8790 VMThread "VM Thread" [stack: 0x000000c324600000,0x000000c324700000] [id=57404]
  0x00000291201be7a0 WatcherThread [stack: 0x000000c325300000,0x000000c325400000] [id=45444]
  0x00000290b1afaec0 GCTaskThread "GC Thread#0" [stack: 0x000000c324100000,0x000000c324200000] [id=46732]
  0x0000029120b7cb20 GCTaskThread "GC Thread#1" [stack: 0x000000c325b00000,0x000000c325c00000] [id=10612]
  0x00000291205238f0 GCTaskThread "GC Thread#2" [stack: 0x000000c325c00000,0x000000c325d00000] [id=53344]
  0x0000029120bf64a0 GCTaskThread "GC Thread#3" [stack: 0x000000c325d00000,0x000000c325e00000] [id=14096]
  0x0000029120bf4880 GCTaskThread "GC Thread#4" [stack: 0x000000c325e00000,0x000000c325f00000] [id=42560]
  0x0000029120bf5960 GCTaskThread "GC Thread#5" [stack: 0x000000c325f00000,0x000000c326000000] [id=57956]
  0x0000029120bf4e20 GCTaskThread "GC Thread#6" [stack: 0x000000c326000000,0x000000c326100000] [id=39988]
  0x0000029120bf50f0 GCTaskThread "GC Thread#7" [stack: 0x000000c326100000,0x000000c326200000] [id=34688]
  0x0000029120bf5690 GCTaskThread "GC Thread#8" [stack: 0x000000c326200000,0x000000c326300000] [id=9884]
  0x0000029120bf53c0 GCTaskThread "GC Thread#9" [stack: 0x000000c326300000,0x000000c326400000] [id=58016]
  0x0000029120bf5c30 GCTaskThread "GC Thread#10" [stack: 0x000000c326400000,0x000000c326500000] [id=16716]
  0x0000029120bf61d0 GCTaskThread "GC Thread#11" [stack: 0x000000c326500000,0x000000c326600000] [id=59176]
  0x0000029120bdcc50 GCTaskThread "GC Thread#12" [stack: 0x000000c326800000,0x000000c326900000] [id=40796]
  0x00000290dbdf0270 ConcurrentGCThread "G1 Main Marker" [stack: 0x000000c324200000,0x000000c324300000] [id=48500]
  0x00000290b1afc720 ConcurrentGCThread "G1 Conc#0" [stack: 0x000000c324300000,0x000000c324400000] [id=57044]
  0x0000029120bdfc20 ConcurrentGCThread "G1 Conc#1" [stack: 0x000000c325000000,0x000000c325100000] [id=23648]
  0x0000029120bdc6b0 ConcurrentGCThread "G1 Conc#2" [stack: 0x000000c325100000,0x000000c325200000] [id=48184]
  0x00000290dbed96a0 ConcurrentGCThread "G1 Refine#0" [stack: 0x000000c324400000,0x000000c324500000] [id=57576]
  0x000002912523a2b0 ConcurrentGCThread "G1 Refine#1" [stack: 0x000000c325a00000,0x000000c325b00000] [id=52420]
  0x0000029120522b30 ConcurrentGCThread "G1 Refine#2" [stack: 0x000000c326600000,0x000000c326700000] [id=21368]
  0x00000291254d41c0 ConcurrentGCThread "G1 Refine#3" [stack: 0x000000c325800000,0x000000c325900000] [id=43064]
  0x0000029125d132d0 ConcurrentGCThread "G1 Refine#4" [stack: 0x000000c326900000,0x000000c326a00000] [id=33440]
  0x00000291256b3a00 ConcurrentGCThread "G1 Refine#5" [stack: 0x000000c326a00000,0x000000c326b00000] [id=16572]
  0x00000291260ae940 ConcurrentGCThread "G1 Refine#6" [stack: 0x000000c326700000,0x000000c326800000] [id=53700]
  0x00000291204aaa40 ConcurrentGCThread "G1 Refine#7" [stack: 0x000000c326e00000,0x000000c326f00000] [id=45196]
  0x0000029125067540 ConcurrentGCThread "G1 Refine#8" [stack: 0x000000c326f00000,0x000000c327000000] [id=57968]
  0x0000029126ce5c80 ConcurrentGCThread "G1 Refine#9" [stack: 0x000000c327000000,0x000000c327100000] [id=39968]
  0x0000029120aaf2d0 ConcurrentGCThread "G1 Refine#10" [stack: 0x000000c327100000,0x000000c327200000] [id=41000]
  0x0000029125f12f90 ConcurrentGCThread "G1 Refine#11" [stack: 0x000000c327200000,0x000000c327300000] [id=11304]
  0x00000290dbeda0e0 ConcurrentGCThread "G1 Service" [stack: 0x000000c324500000,0x000000c324600000] [id=9072]

Threads with active compile tasks:
C2 CompilerThread0  7984 4837       4       com.google.common.base.AbstractIterator::hasNext (65 bytes)
C2 CompilerThread1  7984 5291       4       com.google.common.base.Splitter::splitToList (52 bytes)

VM state: at safepoint (normal execution)

VM Mutex/Monitor currently owned by a thread:  ([mutex/lock_event])
[0x00000290af549d80] Threads_lock - owner thread: 0x00000290dbfa8790
[0x00000290af5bb5d0] Heap_lock - owner thread: 0x0000029126290a70

Heap address: 0x0000000601000000, size: 8176 MB, Compressed Oops mode: Zero based, Oop shift amount: 3

CDS archive(s) mapped at: [0x00000290df000000-0x00000290dfbb0000-0x00000290dfbb0000), size 12255232, SharedBaseAddress: 0x00000290df000000, ArchiveRelocationMode: 1.
Compressed class space mapped at: 0x00000290e0000000-0x0000029120000000, reserved size: 1073741824
Narrow klass base: 0x00000290df000000, Narrow klass shift: 0, Narrow klass range: 0x100000000

GC Precious Log:
 CPUs: 16 total, 16 available
 Memory: 32690M
 Large Page Support: Disabled
 NUMA Support: Disabled
 Compressed Oops: Enabled (Zero based)
 Heap Region Size: 4M
 Heap Min Capacity: 8M
 Heap Initial Capacity: 512M
 Heap Max Capacity: 8176M
 Pre-touch: Disabled
 Parallel Workers: 13
 Concurrent Workers: 3
 Concurrent Refinement Workers: 13
 Periodic GC: Disabled

Heap:
 garbage-first heap   total 565248K, used 145061K [0x0000000601000000, 0x0000000800000000)
  region size 4096K, 4 young (16384K), 4 survivors (16384K)
 Metaspace       used 24874K, committed 25152K, reserved 1114112K
  class space    used 3069K, committed 3200K, reserved 1048576K

Heap Regions: E=young(eden), S=young(survivor), O=old, HS=humongous(starts), HC=humongous(continues), CS=collection set, F=free, OA=open archive, CA=closed archive, TAMS=top-at-mark-start (previous, next)
|   0|0x0000000601000000, 0x0000000601400000, 0x0000000601400000|100%| O|  |TAMS 0x0000000601400000, 0x0000000601000000| Untracked 
|   1|0x0000000601400000, 0x0000000601800000, 0x0000000601800000|100%| O|  |TAMS 0x0000000601800000, 0x0000000601400000| Untracked 
|   2|0x0000000601800000, 0x0000000601c00000, 0x0000000601c00000|100%| O|  |TAMS 0x0000000601c00000, 0x0000000601800000| Untracked 
|   3|0x0000000601c00000, 0x0000000602000000, 0x0000000602000000|100%| O|  |TAMS 0x0000000602000000, 0x0000000601c00000| Untracked 
|   4|0x0000000602000000, 0x0000000602400000, 0x0000000602400000|100%| O|  |TAMS 0x0000000602400000, 0x0000000602000000| Untracked 
|   5|0x0000000602400000, 0x0000000602800000, 0x0000000602800000|100%| O|  |TAMS 0x0000000602400000, 0x0000000602400000| Untracked 
|   6|0x0000000602800000, 0x0000000602c00000, 0x0000000602c00000|100%| O|  |TAMS 0x0000000602c00000, 0x0000000602800000| Untracked 
|   7|0x0000000602c00000, 0x0000000603000000, 0x0000000603000000|100%| O|  |TAMS 0x0000000602d54200, 0x0000000602c00000| Untracked 
|   8|0x0000000603000000, 0x00000006033df600, 0x0000000603400000| 96%| O|  |TAMS 0x0000000603000000, 0x0000000603000000| Untracked 
|   9|0x0000000603400000, 0x0000000603800000, 0x0000000603800000|100%| O|  |TAMS 0x0000000603400000, 0x0000000603400000| Untracked 
|  10|0x0000000603800000, 0x0000000603c00000, 0x0000000603c00000|100%| O|  |TAMS 0x0000000603800000, 0x0000000603800000| Untracked 
|  11|0x0000000603c00000, 0x0000000604000000, 0x0000000604000000|100%| O|  |TAMS 0x0000000603c00000, 0x0000000603c00000| Untracked 
|  12|0x0000000604000000, 0x0000000604400000, 0x0000000604400000|100%| O|  |TAMS 0x0000000604000000, 0x0000000604000000| Untracked 
|  13|0x0000000604400000, 0x0000000604800000, 0x0000000604800000|100%| O|  |TAMS 0x0000000604400000, 0x0000000604400000| Untracked 
|  14|0x0000000604800000, 0x0000000604c00000, 0x0000000604c00000|100%| O|  |TAMS 0x0000000604800000, 0x0000000604800000| Untracked 
|  15|0x0000000604c00000, 0x0000000605000000, 0x0000000605000000|100%| O|  |TAMS 0x0000000604c00000, 0x0000000604c00000| Untracked 
|  16|0x0000000605000000, 0x0000000605400000, 0x0000000605400000|100%| O|  |TAMS 0x0000000605000000, 0x0000000605000000| Untracked 
|  17|0x0000000605400000, 0x0000000605800000, 0x0000000605800000|100%| O|  |TAMS 0x0000000605400000, 0x0000000605400000| Untracked 
|  18|0x0000000605800000, 0x0000000605c00000, 0x0000000605c00000|100%| O|  |TAMS 0x0000000605800000, 0x0000000605800000| Untracked 
|  19|0x0000000605c00000, 0x0000000606000000, 0x0000000606000000|100%| O|  |TAMS 0x0000000605c00000, 0x0000000605c00000| Untracked 
|  20|0x0000000606000000, 0x0000000606400000, 0x0000000606400000|100%| O|  |TAMS 0x0000000606000000, 0x0000000606000000| Untracked 
|  21|0x0000000606400000, 0x00000006065c9e00, 0x0000000606800000| 44%| O|  |TAMS 0x0000000606400000, 0x0000000606400000| Untracked 
|  22|0x0000000606800000, 0x0000000606800000, 0x0000000606c00000|  0%| F|  |TAMS 0x0000000606800000, 0x0000000606800000| Untracked 
|  23|0x0000000606c00000, 0x0000000606c00000, 0x0000000607000000|  0%| F|  |TAMS 0x0000000606c00000, 0x0000000606c00000| Untracked 
|  24|0x0000000607000000, 0x0000000607000000, 0x0000000607400000|  0%| F|  |TAMS 0x0000000607000000, 0x0000000607000000| Untracked 
|  25|0x0000000607400000, 0x0000000607400000, 0x0000000607800000|  0%| F|  |TAMS 0x0000000607400000, 0x0000000607400000| Untracked 
|  26|0x0000000607800000, 0x0000000607800000, 0x0000000607c00000|  0%| F|  |TAMS 0x0000000607800000, 0x0000000607800000| Untracked 
|  27|0x0000000607c00000, 0x0000000607c00000, 0x0000000608000000|  0%| F|  |TAMS 0x0000000607c00000, 0x0000000607c00000| Untracked 
|  28|0x0000000608000000, 0x0000000608000000, 0x0000000608400000|  0%| F|  |TAMS 0x0000000608000000, 0x0000000608000000| Untracked 
|  29|0x0000000608400000, 0x0000000608400000, 0x0000000608800000|  0%| F|  |TAMS 0x0000000608400000, 0x0000000608400000| Untracked 
|  30|0x0000000608800000, 0x0000000608800000, 0x0000000608c00000|  0%| F|  |TAMS 0x0000000608800000, 0x0000000608800000| Untracked 
|  31|0x0000000608c00000, 0x0000000608c00000, 0x0000000609000000|  0%| F|  |TAMS 0x0000000608c00000, 0x0000000608c00000| Untracked 
|  32|0x0000000609000000, 0x0000000609000000, 0x0000000609400000|  0%| F|  |TAMS 0x0000000609000000, 0x0000000609000000| Untracked 
|  33|0x0000000609400000, 0x0000000609400000, 0x0000000609800000|  0%| F|  |TAMS 0x0000000609400000, 0x0000000609400000| Untracked 
|  34|0x0000000609800000, 0x0000000609800000, 0x0000000609c00000|  0%| F|  |TAMS 0x0000000609800000, 0x0000000609800000| Untracked 
|  35|0x0000000609c00000, 0x0000000609c00000, 0x000000060a000000|  0%| F|  |TAMS 0x0000000609c00000, 0x0000000609c00000| Untracked 
|  36|0x000000060a000000, 0x000000060a000000, 0x000000060a400000|  0%| F|  |TAMS 0x000000060a000000, 0x000000060a000000| Untracked 
|  37|0x000000060a400000, 0x000000060a400000, 0x000000060a800000|  0%| F|  |TAMS 0x000000060a400000, 0x000000060a400000| Untracked 
|  38|0x000000060a800000, 0x000000060ac00000, 0x000000060ac00000|100%| S|CS|TAMS 0x000000060a800000, 0x000000060a800000| Complete 
|  39|0x000000060ac00000, 0x000000060b000000, 0x000000060b000000|100%| S|CS|TAMS 0x000000060ac00000, 0x000000060ac00000| Complete 
|  40|0x000000060b000000, 0x000000060b400000, 0x000000060b400000|100%| S|CS|TAMS 0x000000060b000000, 0x000000060b000000| Complete 
|  41|0x000000060b400000, 0x000000060b800000, 0x000000060b800000|100%| S|CS|TAMS 0x000000060b400000, 0x000000060b400000| Complete 
|  42|0x000000060b800000, 0x000000060b800000, 0x000000060bc00000|  0%| F|  |TAMS 0x000000060b800000, 0x000000060b800000| Untracked 
|  43|0x000000060bc00000, 0x000000060bc00000, 0x000000060c000000|  0%| F|  |TAMS 0x000000060bc00000, 0x000000060bc00000| Untracked 
|  44|0x000000060c000000, 0x000000060c000000, 0x000000060c400000|  0%| F|  |TAMS 0x000000060c000000, 0x000000060c000000| Untracked 
|  45|0x000000060c400000, 0x000000060c400000, 0x000000060c800000|  0%| F|  |TAMS 0x000000060c400000, 0x000000060c400000| Untracked 
|  46|0x000000060c800000, 0x000000060c800000, 0x000000060cc00000|  0%| F|  |TAMS 0x000000060c800000, 0x000000060c800000| Untracked 
|  47|0x000000060cc00000, 0x000000060cc00000, 0x000000060d000000|  0%| F|  |TAMS 0x000000060cc00000, 0x000000060cc00000| Untracked 
|  48|0x000000060d000000, 0x000000060d000000, 0x000000060d400000|  0%| F|  |TAMS 0x000000060d000000, 0x000000060d000000| Untracked 
|  49|0x000000060d400000, 0x000000060d400000, 0x000000060d800000|  0%| F|  |TAMS 0x000000060d400000, 0x000000060d400000| Untracked 
|  50|0x000000060d800000, 0x000000060d800000, 0x000000060dc00000|  0%| F|  |TAMS 0x000000060d800000, 0x000000060d800000| Untracked 
|  51|0x000000060dc00000, 0x000000060dc00000, 0x000000060e000000|  0%| F|  |TAMS 0x000000060dc00000, 0x000000060dc00000| Untracked 
|  52|0x000000060e000000, 0x000000060e000000, 0x000000060e400000|  0%| F|  |TAMS 0x000000060e000000, 0x000000060e000000| Untracked 
|  53|0x000000060e400000, 0x000000060e400000, 0x000000060e800000|  0%| F|  |TAMS 0x000000060e400000, 0x000000060e400000| Untracked 
|  54|0x000000060e800000, 0x000000060e800000, 0x000000060ec00000|  0%| F|  |TAMS 0x000000060e800000, 0x000000060e800000| Untracked 
|  55|0x000000060ec00000, 0x000000060ec00000, 0x000000060f000000|  0%| F|  |TAMS 0x000000060ec00000, 0x000000060ec00000| Untracked 
|  56|0x000000060f000000, 0x000000060f000000, 0x000000060f400000|  0%| F|  |TAMS 0x000000060f000000, 0x000000060f000000| Untracked 
|  57|0x000000060f400000, 0x000000060f400000, 0x000000060f800000|  0%| F|  |TAMS 0x000000060f400000, 0x000000060f400000| Untracked 
|  58|0x000000060f800000, 0x000000060f800000, 0x000000060fc00000|  0%| F|  |TAMS 0x000000060f800000, 0x000000060f800000| Untracked 
|  59|0x000000060fc00000, 0x000000060fc00000, 0x0000000610000000|  0%| F|  |TAMS 0x000000060fc00000, 0x000000060fc00000| Untracked 
|  60|0x0000000610000000, 0x0000000610000000, 0x0000000610400000|  0%| F|  |TAMS 0x0000000610000000, 0x0000000610000000| Untracked 
|  61|0x0000000610400000, 0x0000000610400000, 0x0000000610800000|  0%| F|  |TAMS 0x0000000610400000, 0x0000000610400000| Untracked 
|  62|0x0000000610800000, 0x0000000610800000, 0x0000000610c00000|  0%| F|  |TAMS 0x0000000610800000, 0x0000000610800000| Untracked 
|  63|0x0000000610c00000, 0x0000000610c00000, 0x0000000611000000|  0%| F|  |TAMS 0x0000000610c00000, 0x0000000610c00000| Untracked 
|  64|0x0000000611000000, 0x0000000611000000, 0x0000000611400000|  0%| F|  |TAMS 0x0000000611000000, 0x0000000611000000| Untracked 
|  65|0x0000000611400000, 0x0000000611400000, 0x0000000611800000|  0%| F|  |TAMS 0x0000000611400000, 0x0000000611400000| Untracked 
|  66|0x0000000611800000, 0x0000000611800000, 0x0000000611c00000|  0%| F|  |TAMS 0x0000000611800000, 0x0000000611800000| Untracked 
|  67|0x0000000611c00000, 0x0000000611c00000, 0x0000000612000000|  0%| F|  |TAMS 0x0000000611c00000, 0x0000000611c00000| Untracked 
|  68|0x0000000612000000, 0x0000000612000000, 0x0000000612400000|  0%| F|  |TAMS 0x0000000612000000, 0x0000000612000000| Untracked 
|  69|0x0000000612400000, 0x0000000612400000, 0x0000000612800000|  0%| F|  |TAMS 0x0000000612400000, 0x0000000612400000| Untracked 
|  70|0x0000000612800000, 0x0000000612800000, 0x0000000612c00000|  0%| F|  |TAMS 0x0000000612800000, 0x0000000612800000| Untracked 
|  71|0x0000000612c00000, 0x0000000612c00000, 0x0000000613000000|  0%| F|  |TAMS 0x0000000612c00000, 0x0000000612c00000| Untracked 
|  72|0x0000000613000000, 0x0000000613000000, 0x0000000613400000|  0%| F|  |TAMS 0x0000000613000000, 0x0000000613000000| Untracked 
|  73|0x0000000613400000, 0x0000000613400000, 0x0000000613800000|  0%| F|  |TAMS 0x0000000613400000, 0x0000000613400000| Untracked 
|  74|0x0000000613800000, 0x0000000613800000, 0x0000000613c00000|  0%| F|  |TAMS 0x0000000613800000, 0x0000000613800000| Untracked 
|  75|0x0000000613c00000, 0x0000000613c00000, 0x0000000614000000|  0%| F|  |TAMS 0x0000000613c00000, 0x0000000613c00000| Untracked 
|  76|0x0000000614000000, 0x0000000614000000, 0x0000000614400000|  0%| F|  |TAMS 0x0000000614000000, 0x0000000614000000| Untracked 
|  77|0x0000000614400000, 0x0000000614400000, 0x0000000614800000|  0%| F|  |TAMS 0x0000000614400000, 0x0000000614400000| Untracked 
|  78|0x0000000614800000, 0x0000000614800000, 0x0000000614c00000|  0%| F|  |TAMS 0x0000000614800000, 0x0000000614800000| Untracked 
|  79|0x0000000614c00000, 0x0000000614c00000, 0x0000000615000000|  0%| F|  |TAMS 0x0000000614c00000, 0x0000000614c00000| Untracked 
|  80|0x0000000615000000, 0x0000000615000000, 0x0000000615400000|  0%| F|  |TAMS 0x0000000615000000, 0x0000000615000000| Untracked 
|  81|0x0000000615400000, 0x0000000615400000, 0x0000000615800000|  0%| F|  |TAMS 0x0000000615400000, 0x0000000615400000| Untracked 
|  82|0x0000000615800000, 0x0000000615800000, 0x0000000615c00000|  0%| F|  |TAMS 0x0000000615800000, 0x0000000615800000| Untracked 
|  83|0x0000000615c00000, 0x0000000615c00000, 0x0000000616000000|  0%| F|  |TAMS 0x0000000615c00000, 0x0000000615c00000| Untracked 
|  84|0x0000000616000000, 0x0000000616000000, 0x0000000616400000|  0%| F|  |TAMS 0x0000000616000000, 0x0000000616000000| Untracked 
|  85|0x0000000616400000, 0x0000000616400000, 0x0000000616800000|  0%| F|  |TAMS 0x0000000616400000, 0x0000000616400000| Untracked 
|  86|0x0000000616800000, 0x0000000616800000, 0x0000000616c00000|  0%| F|  |TAMS 0x0000000616800000, 0x0000000616800000| Untracked 
|  87|0x0000000616c00000, 0x0000000616c00000, 0x0000000617000000|  0%| F|  |TAMS 0x0000000616c00000, 0x0000000616c00000| Untracked 
|  88|0x0000000617000000, 0x0000000617000000, 0x0000000617400000|  0%| F|  |TAMS 0x0000000617000000, 0x0000000617000000| Untracked 
|  89|0x0000000617400000, 0x0000000617400000, 0x0000000617800000|  0%| F|  |TAMS 0x0000000617400000, 0x0000000617400000| Untracked 
|  90|0x0000000617800000, 0x0000000617800000, 0x0000000617c00000|  0%| F|  |TAMS 0x0000000617800000, 0x0000000617800000| Untracked 
|  91|0x0000000617c00000, 0x0000000617c00000, 0x0000000618000000|  0%| F|  |TAMS 0x0000000617c00000, 0x0000000617c00000| Untracked 
|  92|0x0000000618000000, 0x0000000618000000, 0x0000000618400000|  0%| F|  |TAMS 0x0000000618000000, 0x0000000618000000| Untracked 
|  93|0x0000000618400000, 0x0000000618400000, 0x0000000618800000|  0%| F|  |TAMS 0x0000000618400000, 0x0000000618400000| Untracked 
|  94|0x0000000618800000, 0x0000000618800000, 0x0000000618c00000|  0%| F|  |TAMS 0x0000000618800000, 0x0000000618800000| Untracked 
|  95|0x0000000618c00000, 0x0000000618c00000, 0x0000000619000000|  0%| F|  |TAMS 0x0000000618c00000, 0x0000000618c00000| Untracked 
|  96|0x0000000619000000, 0x0000000619000000, 0x0000000619400000|  0%| F|  |TAMS 0x0000000619000000, 0x0000000619000000| Untracked 
|  97|0x0000000619400000, 0x0000000619400000, 0x0000000619800000|  0%| F|  |TAMS 0x0000000619400000, 0x0000000619400000| Untracked 
|  98|0x0000000619800000, 0x0000000619800000, 0x0000000619c00000|  0%| F|  |TAMS 0x0000000619800000, 0x0000000619800000| Untracked 
|  99|0x0000000619c00000, 0x0000000619c00000, 0x000000061a000000|  0%| F|  |TAMS 0x0000000619c00000, 0x0000000619c00000| Untracked 
| 100|0x000000061a000000, 0x000000061a000000, 0x000000061a400000|  0%| F|  |TAMS 0x000000061a000000, 0x000000061a000000| Untracked 
| 101|0x000000061a400000, 0x000000061a400000, 0x000000061a800000|  0%| F|  |TAMS 0x000000061a400000, 0x000000061a400000| Untracked 
| 102|0x000000061a800000, 0x000000061a800000, 0x000000061ac00000|  0%| F|  |TAMS 0x000000061a800000, 0x000000061a800000| Untracked 
| 103|0x000000061ac00000, 0x000000061ac00000, 0x000000061b000000|  0%| F|  |TAMS 0x000000061ac00000, 0x000000061ac00000| Untracked 
| 104|0x000000061b000000, 0x000000061b000000, 0x000000061b400000|  0%| F|  |TAMS 0x000000061b000000, 0x000000061b000000| Untracked 
| 105|0x000000061b400000, 0x000000061b400000, 0x000000061b800000|  0%| F|  |TAMS 0x000000061b400000, 0x000000061b400000| Untracked 
| 106|0x000000061b800000, 0x000000061b800000, 0x000000061bc00000|  0%| F|  |TAMS 0x000000061b800000, 0x000000061b800000| Untracked 
| 107|0x000000061bc00000, 0x000000061bc00000, 0x000000061c000000|  0%| F|  |TAMS 0x000000061bc00000, 0x000000061bc00000| Untracked 
| 108|0x000000061c000000, 0x000000061c000000, 0x000000061c400000|  0%| F|  |TAMS 0x000000061c000000, 0x000000061c000000| Untracked 
| 109|0x000000061c400000, 0x000000061c400000, 0x000000061c800000|  0%| F|  |TAMS 0x000000061c400000, 0x000000061c400000| Untracked 
| 110|0x000000061c800000, 0x000000061c800000, 0x000000061cc00000|  0%| F|  |TAMS 0x000000061c800000, 0x000000061c800000| Untracked 
| 111|0x000000061cc00000, 0x000000061cc00000, 0x000000061d000000|  0%| F|  |TAMS 0x000000061cc00000, 0x000000061cc00000| Untracked 
| 112|0x000000061d000000, 0x000000061d000000, 0x000000061d400000|  0%| F|  |TAMS 0x000000061d000000, 0x000000061d000000| Untracked 
| 113|0x000000061d400000, 0x000000061d400000, 0x000000061d800000|  0%| F|  |TAMS 0x000000061d400000, 0x000000061d400000| Untracked 
| 114|0x000000061d800000, 0x000000061d800000, 0x000000061dc00000|  0%| F|  |TAMS 0x000000061d800000, 0x000000061d800000| Untracked 
| 115|0x000000061dc00000, 0x000000061dc00000, 0x000000061e000000|  0%| F|  |TAMS 0x000000061dc00000, 0x000000061dc00000| Untracked 
| 116|0x000000061e000000, 0x000000061e000000, 0x000000061e400000|  0%| F|  |TAMS 0x000000061e000000, 0x000000061e000000| Untracked 
| 117|0x000000061e400000, 0x000000061e400000, 0x000000061e800000|  0%| F|  |TAMS 0x000000061e400000, 0x000000061e400000| Untracked 
| 118|0x000000061e800000, 0x000000061e800000, 0x000000061ec00000|  0%| F|  |TAMS 0x000000061e800000, 0x000000061e800000| Untracked 
| 119|0x000000061ec00000, 0x000000061ec00000, 0x000000061f000000|  0%| F|  |TAMS 0x000000061ec00000, 0x000000061ec00000| Untracked 
| 120|0x000000061f000000, 0x000000061f000000, 0x000000061f400000|  0%| F|  |TAMS 0x000000061f000000, 0x000000061f000000| Untracked 
| 121|0x000000061f400000, 0x000000061f400000, 0x000000061f800000|  0%| F|  |TAMS 0x000000061f400000, 0x000000061f400000| Untracked 
| 122|0x000000061f800000, 0x000000061f800000, 0x000000061fc00000|  0%| F|  |TAMS 0x000000061f800000, 0x000000061f800000| Untracked 
| 123|0x000000061fc00000, 0x000000061fc00000, 0x0000000620000000|  0%| F|  |TAMS 0x000000061fc00000, 0x000000061fc00000| Untracked 
| 124|0x0000000620000000, 0x0000000620000000, 0x0000000620400000|  0%| F|  |TAMS 0x0000000620000000, 0x0000000620000000| Untracked 
| 125|0x0000000620400000, 0x0000000620400000, 0x0000000620800000|  0%| F|  |TAMS 0x0000000620400000, 0x0000000620400000| Untracked 
| 126|0x0000000620800000, 0x0000000620800000, 0x0000000620c00000|  0%| F|  |TAMS 0x0000000620800000, 0x0000000620800000| Untracked 
| 127|0x0000000620c00000, 0x0000000620c00000, 0x0000000621000000|  0%| F|  |TAMS 0x0000000620c00000, 0x0000000620c00000| Untracked 
|2034|0x00000007fd800000, 0x00000007fdc00000, 0x00000007fdc00000|100%| O|  |TAMS 0x00000007fd800000, 0x00000007fd800000| Untracked 
|2035|0x00000007fdc00000, 0x00000007fe000000, 0x00000007fe000000|100%| O|  |TAMS 0x00000007fdc00000, 0x00000007fdc00000| Untracked 
|2036|0x00000007fe000000, 0x00000007fe400000, 0x00000007fe400000|100%| O|  |TAMS 0x00000007fe000000, 0x00000007fe000000| Untracked 
|2037|0x00000007fe400000, 0x00000007fe800000, 0x00000007fe800000|100%| O|  |TAMS 0x00000007fe400000, 0x00000007fe400000| Untracked 
|2038|0x00000007fe800000, 0x00000007fec00000, 0x00000007fec00000|100%| O|  |TAMS 0x00000007fe800000, 0x00000007fe800000| Untracked 
|2039|0x00000007fec00000, 0x00000007ff000000, 0x00000007ff000000|100%| O|  |TAMS 0x00000007fec00000, 0x00000007fec00000| Untracked 
|2040|0x00000007ff000000, 0x00000007ff400000, 0x00000007ff400000|100%| O|  |TAMS 0x00000007ff000000, 0x00000007ff000000| Untracked 
|2041|0x00000007ff400000, 0x00000007ff800000, 0x00000007ff800000|100%| O|  |TAMS 0x00000007ff400000, 0x00000007ff400000| Untracked 
|2042|0x00000007ff800000, 0x00000007ffc00000, 0x00000007ffc00000|100%| O|  |TAMS 0x00000007ff800000, 0x00000007ff800000| Untracked 
|2043|0x00000007ffc00000, 0x0000000800000000, 0x0000000800000000|100%| O|  |TAMS 0x00000007ffc00000, 0x00000007ffc00000| Untracked 

Card table byte_map: [0x00000290c9e60000,0x00000290cae60000] _byte_map_base: 0x00000290c6e58000

Marking Bits (Prev, Next): (CMBitMap*) 0x00000290b1afb530, (CMBitMap*) 0x00000290b1afb4f0
 Prev Bits: [0x00000290d3e20000, 0x00000290dbde0000)
 Next Bits: [0x00000290cbe60000, 0x00000290d3e20000)

Polling page: 0x00000290af820000

Metaspace:

Usage:
  Non-class:     21.29 MB used.
      Class:      3.00 MB used.
       Both:     24.29 MB used.

Virtual space:
  Non-class space:       64.00 MB reserved,      21.44 MB ( 33%) committed,  1 nodes.
      Class space:        1.00 GB reserved,       3.12 MB ( <1%) committed,  1 nodes.
             Both:        1.06 GB reserved,      24.56 MB (  2%) committed. 

Chunk freelists:
   Non-Class:  10.39 MB
       Class:  12.69 MB
        Both:  23.08 MB

MaxMetaspaceSize: unlimited
CompressedClassSpaceSize: 1.00 GB
Initial GC threshold: 21.00 MB
Current GC threshold: 35.12 MB
CDS: on
MetaspaceReclaimPolicy: balanced
 - commit_granule_bytes: 65536.
 - commit_granule_words: 8192.
 - virtual_space_node_default_size: 8388608.
 - enlarge_chunks_in_place: 1.
 - new_chunks_are_fully_committed: 0.
 - uncommit_free_chunks: 1.
 - use_allocation_guard: 0.
 - handle_deallocations: 1.


Internal statistics:

num_allocs_failed_limit: 3.
num_arena_births: 348.
num_arena_deaths: 0.
num_vsnodes_births: 2.
num_vsnodes_deaths: 0.
num_space_committed: 391.
num_space_uncommitted: 0.
num_chunks_returned_to_freelist: 3.
num_chunks_taken_from_freelist: 1200.
num_chunk_merges: 3.
num_chunk_splits: 784.
num_chunks_enlarged: 558.
num_inconsistent_stats: 0.

CodeHeap 'non-profiled nmethods': size=119168Kb used=2502Kb max_used=3094Kb free=116665Kb
 bounds [0x00000290c1180000, 0x00000290c1490000, 0x00000290c85e0000]
CodeHeap 'profiled nmethods': size=119104Kb used=9955Kb max_used=10439Kb free=109148Kb
 bounds [0x00000290b95e0000, 0x00000290ba050000, 0x00000290c0a30000]
CodeHeap 'non-nmethods': size=7488Kb used=2914Kb max_used=2969Kb free=4573Kb
 bounds [0x00000290c0a30000, 0x00000290c0d30000, 0x00000290c1180000]
 total_blobs=5253 nmethods=4726 adapters=436
 compilation: enabled
              stopped_count=0, restarted_count=0
 full_count=0

Compilation events (20 events):
Event: 7.879 Thread 0x00000291253f85b0 5808       3       java.text.MessageFormat::<init> (56 bytes)
Event: 7.879 Thread 0x00000291253f85b0 nmethod 5808 0x00000290b9da1490 code [0x00000290b9da1680, 0x00000290b9da1cb8]
Event: 7.889 Thread 0x00000290dbfca980 nmethod 4438 0x00000290c137be90 code [0x00000290c137c1e0, 0x00000290c137dcc0]
Event: 7.889 Thread 0x00000291200d4700 5810  s    3       java.lang.Throwable::fillInStackTrace (29 bytes)
Event: 7.889 Thread 0x00000290dbfca980 5806       4       apex.common.base.MoreStrings::lowerCaseHashCode (52 bytes)
Event: 7.889 Thread 0x00000291200d4700 nmethod 5810 0x00000290b9c3f990 code [0x00000290b9c3fb40, 0x00000290b9c3fe28]
Event: 7.895 Thread 0x00000290dbfca980 nmethod 5806 0x00000290c12de310 code [0x00000290c12de4a0, 0x00000290c12de9d8]
Event: 7.895 Thread 0x00000290dbfca980 4318       4       com.google.common.collect.AbstractIndexedListIterator::hasNext (17 bytes)
Event: 7.896 Thread 0x00000290dbfca980 nmethod 4318 0x00000290c137bb10 code [0x00000290c137bc80, 0x00000290c137bd18]
Event: 7.896 Thread 0x00000290dbfca980 4430       4       com.google.common.collect.AbstractIterator::hasNext (65 bytes)
Event: 7.905 Thread 0x00000290dbfca980 nmethod 4430 0x00000290c118a910 code [0x00000290c118aae0, 0x00000290c118b358]
Event: 7.905 Thread 0x00000290dbfca980 4837       4       com.google.common.base.AbstractIterator::hasNext (65 bytes)
Event: 7.915 Thread 0x00000291200d4700 5811       3       com.google.common.base.Preconditions::checkArgument (28 bytes)
Event: 7.916 Thread 0x00000291200d4700 nmethod 5811 0x00000290b9da0990 code [0x00000290b9da0b80, 0x00000290b9da1258]
Event: 7.917 Thread 0x00000291200d4700 5812       3       apex.jorje.services.printers.PrinterUtil::getFactory (29 bytes)
Event: 7.917 Thread 0x00000291200d4700 nmethod 5812 0x00000290b9da0090 code [0x00000290b9da0260, 0x00000290b9da0558]
Event: 7.917 Thread 0x00000291200d4700 5813       3       com.google.common.base.Strings::repeat (163 bytes)
Event: 7.918 Thread 0x00000291253fa040 5814       3       apex.jorje.services.printers.StandardPrinterFactory::<init> (334 bytes)
Event: 7.918 Thread 0x00000291200d4700 nmethod 5813 0x00000290b9bc8c10 code [0x00000290b9bc8f00, 0x00000290b9bc9d18]
Event: 7.919 Thread 0x00000291253fa040 nmethod 5814 0x00000290b96bb210 code [0x00000290b96bb6e0, 0x00000290b96be7e8]

GC Heap History (17 events):
Event: 0.203 GC heap before
{Heap before GC invocations=0 (full 0):
 garbage-first heap   total 524288K, used 20480K [0x0000000601000000, 0x0000000800000000)
  region size 4096K, 6 young (24576K), 0 survivors (0K)
 Metaspace       used 230K, committed 320K, reserved 1114112K
  class space    used 7K, committed 64K, reserved 1048576K
}
Event: 0.227 GC heap after
{Heap after GC invocations=1 (full 0):
 garbage-first heap   total 524288K, used 12221K [0x0000000601000000, 0x0000000800000000)
  region size 4096K, 1 young (4096K), 1 survivors (4096K)
 Metaspace       used 230K, committed 320K, reserved 1114112K
  class space    used 7K, committed 64K, reserved 1048576K
}
Event: 0.528 GC heap before
{Heap before GC invocations=1 (full 0):
 garbage-first heap   total 524288K, used 28605K [0x0000000601000000, 0x0000000800000000)
  region size 4096K, 6 young (24576K), 1 survivors (4096K)
 Metaspace       used 2656K, committed 2816K, reserved 1114112K
  class space    used 252K, committed 320K, reserved 1048576K
}
Event: 0.530 GC heap after
{Heap after GC invocations=2 (full 0):
 garbage-first heap   total 524288K, used 14885K [0x0000000601000000, 0x0000000800000000)
  region size 4096K, 1 young (4096K), 1 survivors (4096K)
 Metaspace       used 2656K, committed 2816K, reserved 1114112K
  class space    used 252K, committed 320K, reserved 1048576K
}
Event: 0.611 GC heap before
{Heap before GC invocations=2 (full 0):
 garbage-first heap   total 524288K, used 39461K [0x0000000601000000, 0x0000000800000000)
  region size 4096K, 8 young (32768K), 1 survivors (4096K)
 Metaspace       used 2766K, committed 2880K, reserved 1114112K
  class space    used 265K, committed 320K, reserved 1048576K
}
Event: 0.617 GC heap after
{Heap after GC invocations=3 (full 0):
 garbage-first heap   total 524288K, used 29103K [0x0000000601000000, 0x0000000800000000)
  region size 4096K, 1 young (4096K), 1 survivors (4096K)
 Metaspace       used 2766K, committed 2880K, reserved 1114112K
  class space    used 265K, committed 320K, reserved 1048576K
}
Event: 1.537 GC heap before
{Heap before GC invocations=3 (full 0):
 garbage-first heap   total 524288K, used 102831K [0x0000000601000000, 0x0000000800000000)
  region size 4096K, 20 young (81920K), 1 survivors (4096K)
 Metaspace       used 12363K, committed 12608K, reserved 1114112K
  class space    used 1572K, committed 1664K, reserved 1048576K
}
Event: 1.541 GC heap after
{Heap after GC invocations=4 (full 0):
 garbage-first heap   total 524288K, used 31600K [0x0000000601000000, 0x0000000800000000)
  region size 4096K, 2 young (8192K), 2 survivors (8192K)
 Metaspace       used 12363K, committed 12608K, reserved 1114112K
  class space    used 1572K, committed 1664K, reserved 1048576K
}
Event: 3.128 GC heap before
{Heap before GC invocations=4 (full 0):
 garbage-first heap   total 524288K, used 162672K [0x0000000601000000, 0x0000000800000000)
  region size 4096K, 35 young (143360K), 2 survivors (8192K)
 Metaspace       used 19496K, committed 19776K, reserved 1114112K
  class space    used 2483K, committed 2624K, reserved 1048576K
}
Event: 3.138 GC heap after
{Heap after GC invocations=5 (full 0):
 garbage-first heap   total 524288K, used 50512K [0x0000000601000000, 0x0000000800000000)
  region size 4096K, 5 young (20480K), 5 survivors (20480K)
 Metaspace       used 19496K, committed 19776K, reserved 1114112K
  class space    used 2483K, committed 2624K, reserved 1048576K
}
Event: 6.179 GC heap before
{Heap before GC invocations=5 (full 0):
 garbage-first heap   total 524288K, used 193872K [0x0000000601000000, 0x0000000800000000)
  region size 4096K, 42 young (172032K), 5 survivors (20480K)
 Metaspace       used 21156K, committed 21504K, reserved 1114112K
  class space    used 2659K, committed 2816K, reserved 1048576K
}
Event: 6.190 GC heap after
{Heap after GC invocations=6 (full 0):
 garbage-first heap   total 524288K, used 66823K [0x0000000601000000, 0x0000000800000000)
  region size 4096K, 8 young (32768K), 8 survivors (32768K)
 Metaspace       used 21156K, committed 21504K, reserved 1114112K
  class space    used 2659K, committed 2816K, reserved 1048576K
}
Event: 7.433 GC heap before
{Heap before GC invocations=7 (full 0):
 garbage-first heap   total 245760K, used 242951K [0x0000000601000000, 0x0000000800000000)
  region size 4096K, 51 young (208896K), 8 survivors (32768K)
 Metaspace       used 24639K, committed 24896K, reserved 1114112K
  class space    used 3066K, committed 3200K, reserved 1048576K
}
Event: 7.476 GC heap after
{Heap after GC invocations=8 (full 0):
 garbage-first heap   total 327680K, used 115202K [0x0000000601000000, 0x0000000800000000)
  region size 4096K, 10 young (40960K), 10 survivors (40960K)
 Metaspace       used 24639K, committed 24896K, reserved 1114112K
  class space    used 3066K, committed 3200K, reserved 1048576K
}
Event: 7.489 GC heap before
{Heap before GC invocations=8 (full 0):
 garbage-first heap   total 327680K, used 119298K [0x0000000601000000, 0x0000000800000000)
  region size 4096K, 11 young (45056K), 10 survivors (40960K)
 Metaspace       used 24640K, committed 24896K, reserved 1114112K
  class space    used 3066K, committed 3200K, reserved 1048576K
}
Event: 7.501 GC heap after
{Heap after GC invocations=9 (full 0):
 garbage-first heap   total 327680K, used 119041K [0x0000000601000000, 0x0000000800000000)
  region size 4096K, 2 young (8192K), 2 survivors (8192K)
 Metaspace       used 24640K, committed 24896K, reserved 1114112K
  class space    used 3066K, committed 3200K, reserved 1048576K
}
Event: 7.920 GC heap before
{Heap before GC invocations=9 (full 0):
 garbage-first heap   total 327680K, used 225537K [0x0000000601000000, 0x0000000800000000)
  region size 4096K, 28 young (114688K), 2 survivors (8192K)
 Metaspace       used 24874K, committed 25152K, reserved 1114112K
  class space    used 3069K, committed 3200K, reserved 1048576K
}

Dll operation events (7 events):
Event: 0.011 Loaded shared library C:\Program Files\Microsoft\jdk-17.0.20.8-hotspot\bin\java.dll
Event: 0.039 Loaded shared library C:\Program Files\Microsoft\jdk-17.0.20.8-hotspot\bin\jsvml.dll
Event: 0.081 Loaded shared library C:\Program Files\Microsoft\jdk-17.0.20.8-hotspot\bin\net.dll
Event: 0.084 Loaded shared library C:\Program Files\Microsoft\jdk-17.0.20.8-hotspot\bin\nio.dll
Event: 0.104 Loaded shared library C:\Program Files\Microsoft\jdk-17.0.20.8-hotspot\bin\zip.dll
Event: 0.426 Loaded shared library C:\Program Files\Microsoft\jdk-17.0.20.8-hotspot\bin\jimage.dll
Event: 1.390 Loaded shared library C:\Program Files\Microsoft\jdk-17.0.20.8-hotspot\bin\verify.dll

Deoptimization events (20 events):
Event: 7.694 Thread 0x0000029126290a70 Uncommon trap: trap_request=0xffffffc6 fr.pc=0x00000290c1471488 relative=0x0000000000002348
Event: 7.694 Thread 0x0000029126290a70 Uncommon trap: reason=bimorphic_or_optimized_type_check action=maybe_recompile pc=0x00000290c1471488 method=apex.common.collect.MoreCollections.isNullOrEmpty(Ljava/util/Collection;)Z @ 5 c2
Event: 7.694 Thread 0x0000029126290a70 DEOPT PACKING pc=0x00000290c1471488 sp=0x000000c326cfe220
Event: 7.694 Thread 0x0000029126290a70 DEOPT UNPACKING pc=0x00000290c0a869a3 sp=0x000000c326cfe160 mode 2
Event: 7.694 Thread 0x0000029126290a70 Uncommon trap: trap_request=0xffffffde fr.pc=0x00000290c1447d74 relative=0x00000000000002d4
Event: 7.694 Thread 0x0000029126290a70 Uncommon trap: reason=class_check action=maybe_recompile pc=0x00000290c1447d74 method=com.google.common.collect.Iterators$5.computeNext()Ljava/lang/Object; @ 4 c2
Event: 7.694 Thread 0x0000029126290a70 DEOPT PACKING pc=0x00000290c1447d74 sp=0x000000c326cfe140
Event: 7.694 Thread 0x0000029126290a70 DEOPT UNPACKING pc=0x00000290c0a869a3 sp=0x000000c326cfe100 mode 2
Event: 7.694 Thread 0x0000029126290a70 Uncommon trap: trap_request=0xffffffde fr.pc=0x00000290c1447d74 relative=0x00000000000002d4
Event: 7.694 Thread 0x0000029126290a70 Uncommon trap: reason=class_check action=maybe_recompile pc=0x00000290c1447d74 method=com.google.common.collect.Iterators$5.computeNext()Ljava/lang/Object; @ 4 c2
Event: 7.694 Thread 0x0000029126290a70 DEOPT PACKING pc=0x00000290c1447d74 sp=0x000000c326cfe140
Event: 7.694 Thread 0x0000029126290a70 DEOPT UNPACKING pc=0x00000290c0a869a3 sp=0x000000c326cfe100 mode 2
Event: 7.798 Thread 0x0000029126290a70 DEOPT PACKING pc=0x00000290b98cad14 sp=0x000000c326cfe690
Event: 7.798 Thread 0x0000029126290a70 DEOPT UNPACKING pc=0x00000290c0a87143 sp=0x000000c326cfdb78 mode 0
Event: 7.841 Thread 0x0000029126290a70 DEOPT PACKING pc=0x00000290b9fd0997 sp=0x000000c326cfe550
Event: 7.841 Thread 0x0000029126290a70 DEOPT UNPACKING pc=0x00000290c0a87143 sp=0x000000c326cfdae0 mode 0
Event: 7.857 Thread 0x0000029126290a70 DEOPT PACKING pc=0x00000290b96ef620 sp=0x000000c326cfe050
Event: 7.857 Thread 0x0000029126290a70 DEOPT UNPACKING pc=0x00000290c0a87143 sp=0x000000c326cfd640 mode 0
Event: 7.867 Thread 0x0000029126290a70 DEOPT PACKING pc=0x00000290b96ef620 sp=0x000000c326cfe050
Event: 7.867 Thread 0x0000029126290a70 DEOPT UNPACKING pc=0x00000290c0a87143 sp=0x000000c326cfd640 mode 0

Classes loaded (20 events):
Event: 6.160 Loading class java/util/Formatter$DateTime
Event: 6.162 Loading class java/util/Formatter$DateTime done
Event: 6.165 Loading class sun/util/resources/LocaleData$CommonResourceBundleProvider
Event: 6.165 Loading class sun/util/resources/LocaleData$LocaleDataResourceBundleProvider
Event: 6.165 Loading class java/util/spi/ResourceBundleProvider
Event: 6.165 Loading class java/util/spi/ResourceBundleProvider done
Event: 6.165 Loading class sun/util/resources/LocaleData$LocaleDataResourceBundleProvider done
Event: 6.165 Loading class sun/util/resources/LocaleData$CommonResourceBundleProvider done
Event: 6.165 Loading class sun/util/resources/Bundles$2
Event: 6.165 Loading class sun/util/resources/Bundles$2 done
Event: 6.340 Loading class java/util/zip/GZIPOutputStream
Event: 6.340 Loading class java/util/zip/GZIPOutputStream done
Event: 6.462 Loading class java/text/MessageFormat
Event: 6.463 Loading class java/text/MessageFormat done
Event: 6.463 Loading class java/text/MessageFormat$Field
Event: 6.463 Loading class java/text/MessageFormat$Field done
Event: 7.200 Loading class java/util/Collections$2
Event: 7.201 Loading class java/util/Collections$2 done
Event: 7.797 Loading class java/text/FieldPosition$Delegate
Event: 7.798 Loading class java/text/FieldPosition$Delegate done

Classes unloaded (0 events):
No events

Classes redefined (0 events):
No events

Internal exceptions (20 events):
Event: 3.287 Thread 0x0000029126290590 Implicit null exception at 0x00000290c12de578 to 0x00000290c12de81c
Event: 3.290 Thread 0x0000029126290a70 Implicit null exception at 0x00000290c12dd390 to 0x00000290c12dd5fc
Event: 3.873 Thread 0x0000029126290a70 Exception <a 'sun/nio/fs/WindowsException'{0x000000061cc6d7f0}> (0x000000061cc6d7f0) 
thrown [s\src\hotspot\share\prims\jni.cpp, line 516]
Event: 3.874 Thread 0x0000029126290a70 Exception <a 'java/lang/NoSuchMethodError'{0x000000061cc7aa08}: 'void java.lang.invoke.DirectMethodHandle$Holder.invokeStatic(java.lang.Object, java.lang.Object, java.lang.Object, java.lang.Object, java.lang.Object, java.lang.Object)'> (0x000000061cc7aa08) 
thrown [s\src\hotspot\share\interpreter\linkResolver.cpp, line 759]
Event: 3.885 Thread 0x0000029126290a70 Exception <a 'java/lang/IncompatibleClassChangeError'{0x000000061cc867e8}: Found class java.lang.Object, but interface was expected> (0x000000061cc867e8) 
thrown [s\src\hotspot\share\interpreter\linkResolver.cpp, line 826]
Event: 3.909 Thread 0x0000029126290a70 Exception <a 'java/lang/NoSuchMethodError'{0x000000061c962198}: 'void java.lang.invoke.DirectMethodHandle$Holder.invokeInterface(java.lang.Object, java.lang.Object, java.lang.Object)'> (0x000000061c962198) 
thrown [s\src\hotspot\share\interpreter\linkResolver.cpp, line 759]
Event: 6.079 Thread 0x0000029126290a70 Exception <a 'java/lang/NoSuchMethodError'{0x00000006192f3398}: 'java.lang.Object java.lang.invoke.DirectMethodHandle$Holder.invokeStaticInit(java.lang.Object, java.lang.Object, java.lang.Object, java.lang.Object)'> (0x00000006192f3398) 
thrown [s\src\hotspot\share\interpreter\linkResolver.cpp, line 759]
Event: 6.144 Thread 0x0000029126290a70 Exception <a 'java/lang/NoSuchMethodError'{0x0000000616f44990}: 'java.lang.Object java.lang.invoke.DirectMethodHandle$Holder.invokeSpecial(java.lang.Object, java.lang.Object, long, java.lang.Object, int, int, int, int, long)'> (0x0000000616f44990) 
thrown [s\src\hotspot\share\interpreter\linkResolver.cpp, line 759]
Event: 6.145 Thread 0x0000029126290a70 Exception <a 'java/lang/NoSuchMethodError'{0x0000000616f48858}: 'java.lang.Object java.lang.invoke.DelegatingMethodHandle$Holder.reinvoke_L(java.lang.Object, long, java.lang.Object, int, int, int, int, long)'> (0x0000000616f48858) 
thrown [s\src\hotspot\share\interpreter\linkResolver.cpp, line 759]
Event: 6.159 Thread 0x0000029126290a70 Exception <a 'java/lang/ClassNotFoundException'{0x0000000616f6df90}: sun/util/logging/resources/spi/loggingProvider> (0x0000000616f6df90) 
thrown [s\src\hotspot\share\classfile\systemDictionary.cpp, line 257]
Event: 6.309 Thread 0x0000029126290a70 Exception <a 'java/lang/NoSuchMethodError'{0x0000000620e63480}: 'int java.lang.invoke.DirectMethodHandle$Holder.invokeVirtual(java.lang.Object, java.lang.Object, java.lang.Object)'> (0x0000000620e63480) 
thrown [s\src\hotspot\share\interpreter\linkResolver.cpp, line 759]
Event: 6.486 Thread 0x0000029126290a70 Exception <a 'java/lang/NoSuchMethodError'{0x000000060c9905b0}: 'void java.lang.invoke.DirectMethodHandle$Holder.invokeStatic(java.lang.Object, int, java.lang.Object)'> (0x000000060c9905b0) 
thrown [s\src\hotspot\share\interpreter\linkResolver.cpp, line 759]
Event: 6.486 Thread 0x0000029126290a70 Exception <a 'java/lang/NoSuchMethodError'{0x000000060c993f48}: 'void java.lang.invoke.DirectMethodHandle$Holder.invokeStaticInit(java.lang.Object, int, java.lang.Object)'> (0x000000060c993f48) 
thrown [s\src\hotspot\share\interpreter\linkResolver.cpp, line 759]
Event: 6.586 Thread 0x0000029126290a70 Exception <a 'java/lang/NoSuchMethodError'{0x000000060c184bc8}: 'java.lang.Object java.lang.invoke.DelegatingMethodHandle$Holder.reinvoke_L(java.lang.Object, java.lang.Object, long, java.lang.Object, java.lang.Object, java.lang.Object, java.lang.Object, java.lang.Object, java.lang.Object, java.lang.Object, java.lang.Object, java.lang.Object, java.lang.Object, java.lang.Object, java.lang.Object, java.lang.Object)'> (0x000000060c184bc8) 
thrown [s\src\hotspot\share\interpreter\linkResolver.cpp, line 759]
Event: 6.589 Thread 0x0000029126290a70 Exception <a 'java/lang/NoSuchMethodError'{0x000000060c1cc098}: 'java.lang.Object java.lang.invoke.DirectMethodHandle$Holder.invokeSpecial(java.lang.Object, java.lang.Object, long, java.lang.Object, java.lang.Object, java.lang.Object, java.lang.Object, java.lang.Object, java.lang.Object, java.lang.Object, java.lang.Object, java.lang.Object, java.lang.Object, java.lang.Object, java.lang.Object, java.lang.Object)'> (0x000000060c1cc098) 
thrown [s\src\hotspot\share\interpreter\linkResolver.cpp, line 759]
Event: 6.589 Thread 0x0000029126290a70 Exception <a 'java/lang/NoSuchMethodError'{0x000000060c1d1380}: 'java.lang.Object java.lang.invoke.DelegatingMethodHandle$Holder.reinvoke_L(java.lang.Object, long, java.lang.Object, java.lang.Object, java.lang.Object, java.lang.Object, java.lang.Object, java.lang.Object, java.lang.Object, java.lang.Object, java.lang.Object, java.lang.Object, java.lang.Object, java.lang.Object, java.lang.Object)'> (0x000000060c1d1380) 
thrown [s\src\hotspot\share\interpreter\linkResolver.cpp, line 759]
Event: 6.590 Thread 0x0000029126290a70 Exception <a 'java/lang/NoSuchMethodError'{0x000000060c1eb060}: 'java.lang.Object java.lang.invoke.DirectMethodHandle$Holder.invokeSpecial(java.lang.Object, java.lang.Object, java.lang.Object, java.lang.Object, java.lang.Object, java.lang.Object, java.lang.Object, java.lang.Object, java.lang.Object, java.lang.Object, java.lang.Object, java.lang.Object, java.lang.Object, java.lang.Object, java.lang.Object)'> (0x000000060c1eb060) 
thrown [s\src\hotspot\share\interpreter\linkResolver.cpp, line 759]
Event: 6.590 Thread 0x0000029126290a70 Exception <a 'java/lang/NoSuchMethodError'{0x000000060c1f05a8}: 'java.lang.Object java.lang.invoke.Invokers$Holder.linkToTargetMethod(java.lang.Object, java.lang.Object, java.lang.Object, java.lang.Object, java.lang.Object, java.lang.Object, java.lang.Object, java.lang.Object, java.lang.Object, java.lang.Object, java.lang.Object, java.lang.Object, java.lang.Object, java.lang.Object)'> (0x000000060c1f05a8) 
thrown [s\src\hotspot\share\interpreter\linkResolver.cpp, line 759]
Event: 7.476 Thread 0x0000029126290a70 Implicit null exception at 0x00000290c141fa04 to 0x00000290c1420218
Event: 7.477 Thread 0x0000029126290a70 Implicit null exception at 0x00000290c14217a7 to 0x00000290c1421b30

VM Operations (20 events):
Event: 6.517 Executing VM operation: HandshakeAllThreads done
Event: 6.527 Executing VM operation: HandshakeAllThreads
Event: 6.527 Executing VM operation: HandshakeAllThreads done
Event: 7.170 Executing VM operation: ICBufferFull
Event: 7.170 Executing VM operation: ICBufferFull done
Event: 7.250 Executing VM operation: HandshakeAllThreads
Event: 7.250 Executing VM operation: HandshakeAllThreads done
Event: 7.260 Executing VM operation: HandshakeAllThreads
Event: 7.260 Executing VM operation: HandshakeAllThreads done
Event: 7.267 Executing VM operation: HandshakeAllThreads
Event: 7.267 Executing VM operation: HandshakeAllThreads done
Event: 7.433 Executing VM operation: G1CollectForAllocation
Event: 7.476 Executing VM operation: G1CollectForAllocation done
Event: 7.489 Executing VM operation: G1CollectForAllocation
Event: 7.501 Executing VM operation: G1CollectForAllocation done
Event: 7.797 Executing VM operation: HandshakeAllThreads
Event: 7.797 Executing VM operation: HandshakeAllThreads done
Event: 7.831 Executing VM operation: ICBufferFull
Event: 7.831 Executing VM operation: ICBufferFull done
Event: 7.920 Executing VM operation: G1CollectForAllocation

Memory protections (0 events):
No events

Nmethod flushes (20 events):
Event: 7.273 Thread 0x00000291200d5880 flushing  nmethod 0x00000290b9f1e510
Event: 7.273 Thread 0x00000291200d5880 flushing  nmethod 0x00000290b9f21910
Event: 7.273 Thread 0x00000291200d5880 flushing osr nmethod 0x00000290b9f21e90
Event: 7.273 Thread 0x00000291200d5880 flushing  nmethod 0x00000290b9f22390
Event: 7.273 Thread 0x00000291200d5880 flushing  nmethod 0x00000290b9f23590
Event: 7.273 Thread 0x00000291200d5880 flushing  nmethod 0x00000290b9f24b10
Event: 7.273 Thread 0x00000291200d5880 flushing  nmethod 0x00000290b9f25890
Event: 7.273 Thread 0x00000291200d5880 flushing  nmethod 0x00000290b9f25f90
Event: 7.273 Thread 0x00000291200d5880 flushing  nmethod 0x00000290b9f27110
Event: 7.273 Thread 0x00000291200d5880 flushing  nmethod 0x00000290b9f29f10
Event: 7.273 Thread 0x00000291200d5880 flushing  nmethod 0x00000290b9f2a310
Event: 7.273 Thread 0x00000291200d5880 flushing  nmethod 0x00000290b9f3ce10
Event: 7.273 Thread 0x00000291200d5880 flushing  nmethod 0x00000290b9f3e010
Event: 7.273 Thread 0x00000291200d5880 flushing  nmethod 0x00000290b9f42210
Event: 7.273 Thread 0x00000291200d5880 flushing  nmethod 0x00000290b9f44710
Event: 7.273 Thread 0x00000291200d5880 flushing  nmethod 0x00000290b9f45d10
Event: 7.273 Thread 0x00000291200d5880 flushing  nmethod 0x00000290b9f46790
Event: 7.273 Thread 0x00000291200d5880 flushing  nmethod 0x00000290b9f46f10
Event: 7.273 Thread 0x00000291200d5880 flushing  nmethod 0x00000290b9f47b90
Event: 7.273 Thread 0x00000291200d5880 flushing  nmethod 0x00000290b9fc0f90

Events (20 events):
Event: 0.982 Thread 0x00000291205233d0 Thread exited: 0x00000291205233d0
Event: 1.303 Thread 0x000002912067d260 Thread exited: 0x000002912067d260
Event: 1.729 Thread 0x000002912047b480 Thread exited: 0x000002912047b480
Event: 2.049 Thread 0x00000290af5bd7c0 Thread added: 0x0000029125c25bd0
Event: 2.085 Thread 0x000002912047af60 Thread exited: 0x000002912047af60
Event: 2.110 Thread 0x0000029125c25bd0 Thread added: 0x00000291254f0a00
Event: 2.148 Thread 0x00000290dbfca980 Thread added: 0x00000291253f7070
Event: 2.199 Thread 0x00000290dbfca980 Thread added: 0x00000291253f85b0
Event: 3.286 Thread 0x00000291254f0a00 Thread added: 0x0000029126290590
Event: 3.289 Thread 0x00000291254f0a00 Thread added: 0x0000029126290a70
Event: 3.875 Thread 0x0000029126290590 Thread added: 0x0000029126829950
Event: 4.370 Thread 0x00000291253f85b0 Thread exited: 0x00000291253f85b0
Event: 4.370 Thread 0x000002912021df70 Thread exited: 0x000002912021df70
Event: 5.344 Thread 0x00000291253f7070 Thread exited: 0x00000291253f7070
Event: 5.362 Thread 0x00000291201a9d30 Thread exited: 0x00000291201a9d30
Event: 5.362 Thread 0x00000291201a1800 Thread exited: 0x00000291201a1800
Event: 6.283 Thread 0x00000291200d4700 Thread added: 0x00000291253f9050
Event: 6.283 Thread 0x00000291200d4700 Thread added: 0x00000291253f85b0
Event: 7.824 Thread 0x00000291253f9050 Thread added: 0x00000291253f9af0
Event: 7.824 Thread 0x00000291253f9050 Thread added: 0x00000291253fa040


Dynamic libraries:
0x00007ff7e9e00000 - 0x00007ff7e9e0e000 	C:\Program Files\Microsoft\jdk-17.0.20.8-hotspot\bin\java.exe
0x00007ff8e0ec0000 - 0x00007ff8e1127000 	C:\WINDOWS\SYSTEM32\ntdll.dll
0x00007ff8dfa60000 - 0x00007ff8dfb2b000 	C:\WINDOWS\System32\KERNEL32.DLL
0x00007ff8de720000 - 0x00007ff8deb22000 	C:\WINDOWS\System32\KERNELBASE.dll
0x00007ff8de440000 - 0x00007ff8de58c000 	C:\WINDOWS\System32\ucrtbase.dll
0x00007ff8c1d70000 - 0x00007ff8c1d88000 	C:\Program Files\Microsoft\jdk-17.0.20.8-hotspot\bin\jli.dll
0x00007ff8df880000 - 0x00007ff8dfa4f000 	C:\WINDOWS\System32\USER32.dll
0x00007ff8de380000 - 0x00007ff8de3a7000 	C:\WINDOWS\System32\win32u.dll
0x00007ff8c1d10000 - 0x00007ff8c1d2e000 	C:\Program Files\Microsoft\jdk-17.0.20.8-hotspot\bin\VCRUNTIME140.dll
0x00007ff8e0660000 - 0x00007ff8e068b000 	C:\WINDOWS\System32\GDI32.dll
0x00007ff8de250000 - 0x00007ff8de379000 	C:\WINDOWS\System32\gdi32full.dll
0x00007ff8deb30000 - 0x00007ff8debd3000 	C:\WINDOWS\System32\msvcp_win.dll
0x00007ff8b2700000 - 0x00007ff8b2990000 	C:\WINDOWS\WinSxS\amd64_microsoft.windows.common-controls_6595b64144ccf1df_6.0.26100.9278_none_3e0d1ba8e3303201\COMCTL32.dll
0x00007ff8e0b20000 - 0x00007ff8e0bc9000 	C:\WINDOWS\System32\msvcrt.dll
0x00007ff8e0600000 - 0x00007ff8e0631000 	C:\WINDOWS\System32\IMM32.DLL
0x00007ff8c3790000 - 0x00007ff8c379c000 	C:\Program Files\Microsoft\jdk-17.0.20.8-hotspot\bin\vcruntime140_1.dll
0x00007ff899d20000 - 0x00007ff899da9000 	C:\Program Files\Microsoft\jdk-17.0.20.8-hotspot\bin\msvcp140.dll
0x00007ff8163c0000 - 0x00007ff81703b000 	C:\Program Files\Microsoft\jdk-17.0.20.8-hotspot\bin\server\jvm.dll
0x00007ff8deeb0000 - 0x00007ff8def6c000 	C:\WINDOWS\System32\ADVAPI32.dll
0x00007ff8df7d0000 - 0x00007ff8df879000 	C:\WINDOWS\System32\sechost.dll
0x00007ff8e0bd0000 - 0x00007ff8e0ce8000 	C:\WINDOWS\System32\RPCRT4.dll
0x00007ff8dfb30000 - 0x00007ff8dfbb0000 	C:\WINDOWS\System32\WS2_32.dll
0x00007ff8ddf20000 - 0x00007ff8ddf7e000 	C:\WINDOWS\SYSTEM32\POWRPROF.dll
0x00007ff8cd450000 - 0x00007ff8cd486000 	C:\WINDOWS\SYSTEM32\WINMM.dll
0x00007ff8d7810000 - 0x00007ff8d781b000 	C:\WINDOWS\SYSTEM32\VERSION.dll
0x00007ff8ddf00000 - 0x00007ff8ddf15000 	C:\WINDOWS\SYSTEM32\UMPDC.dll
0x00007ff8dcd90000 - 0x00007ff8dcdab000 	C:\WINDOWS\SYSTEM32\kernel.appcore.dll
0x00007ff8c3620000 - 0x00007ff8c362a000 	C:\Program Files\Microsoft\jdk-17.0.20.8-hotspot\bin\jimage.dll
0x00007ff8ce330000 - 0x00007ff8ce57c000 	C:\WINDOWS\SYSTEM32\DBGHELP.DLL
0x00007ff8e0690000 - 0x00007ff8e0a15000 	C:\WINDOWS\System32\combase.dll
0x00007ff8dedd0000 - 0x00007ff8deea9000 	C:\WINDOWS\System32\OLEAUT32.dll
0x00007ff8ce270000 - 0x00007ff8ce2ab000 	C:\WINDOWS\SYSTEM32\dbgcore.DLL
0x00007ff8de660000 - 0x00007ff8de70c000 	C:\WINDOWS\System32\bcryptPrimitives.dll
0x00007ff8a5da0000 - 0x00007ff8a5dc6000 	C:\Program Files\Microsoft\jdk-17.0.20.8-hotspot\bin\java.dll
0x00007ff857360000 - 0x00007ff857436000 	C:\Program Files\Microsoft\jdk-17.0.20.8-hotspot\bin\jsvml.dll
0x00007ff8dfe60000 - 0x00007ff8e05f8000 	C:\WINDOWS\System32\SHELL32.dll
0x00007ff8dbb60000 - 0x00007ff8dc40e000 	C:\WINDOWS\SYSTEM32\windows.storage.dll
0x00007ff8df600000 - 0x00007ff8df6fb000 	C:\WINDOWS\System32\SHCORE.dll
0x00007ff8df710000 - 0x00007ff8df776000 	C:\WINDOWS\System32\shlwapi.dll
0x00007ff8ddfe0000 - 0x00007ff8de009000 	C:\WINDOWS\SYSTEM32\profapi.dll
0x00007ff8b7d50000 - 0x00007ff8b7d6b000 	C:\Program Files\Microsoft\jdk-17.0.20.8-hotspot\bin\net.dll
0x00007ff8d6700000 - 0x00007ff8d682a000 	C:\WINDOWS\SYSTEM32\WINHTTP.dll
0x00007ff8dd350000 - 0x00007ff8dd3bc000 	C:\WINDOWS\system32\mswsock.dll
0x00007ff8b5680000 - 0x00007ff8b5696000 	C:\Program Files\Microsoft\jdk-17.0.20.8-hotspot\bin\nio.dll
0x00007ff8aaab0000 - 0x00007ff8aaac8000 	C:\Program Files\Microsoft\jdk-17.0.20.8-hotspot\bin\zip.dll
0x00007ff8dae60000 - 0x00007ff8dae70000 	C:\Program Files\Microsoft\jdk-17.0.20.8-hotspot\bin\verify.dll

dbghelp: loaded successfully - version: 4.0.5 - missing functions: none
symbol engine: initialized successfully - sym options: 0x614 - pdb path: .;C:\Program Files\Microsoft\jdk-17.0.20.8-hotspot\bin;C:\WINDOWS\SYSTEM32;C:\WINDOWS\WinSxS\amd64_microsoft.windows.common-controls_6595b64144ccf1df_6.0.26100.9278_none_3e0d1ba8e3303201;C:\Program Files\Microsoft\jdk-17.0.20.8-hotspot\bin\server

VM Arguments:
jvm_args: -Ddebug.internal.errors=true -Ddebug.semantic.errors=false -Ddebug.completion.statistics=false -Dlwc.typegeneration.disabled=true 
java_command: apex.jorje.lsp.ApexLanguageServerLauncher
java_class_path (initial): c:\Users\rafal\.vscode\extensions\salesforce.salesforcedx-vscode-apex-67.18.2\dist\apex-jorje-lsp.jar
Launcher Type: SUN_STANDARD

[Global flags]
     intx CICompilerCount                          = 12                                        {product} {ergonomic}
     uint ConcGCThreads                            = 3                                         {product} {ergonomic}
     uint G1ConcRefinementThreads                  = 13                                        {product} {ergonomic}
   size_t G1HeapRegionSize                         = 4194304                                   {product} {ergonomic}
    uintx GCDrainStackTargetSize                   = 64                                        {product} {ergonomic}
   size_t InitialHeapSize                          = 536870912                                 {product} {ergonomic}
   size_t MarkStackSize                            = 4194304                                   {product} {ergonomic}
   size_t MaxHeapSize                              = 8573157376                                {product} {ergonomic}
   size_t MaxNewSize                               = 5142216704                                {product} {ergonomic}
   size_t MinHeapDeltaBytes                        = 4194304                                   {product} {ergonomic}
   size_t MinHeapSize                              = 8388608                                   {product} {ergonomic}
    uintx NonNMethodCodeHeapSize                   = 7602480                                {pd product} {ergonomic}
    uintx NonProfiledCodeHeapSize                  = 122027880                              {pd product} {ergonomic}
    uintx ProfiledCodeHeapSize                     = 122027880                              {pd product} {ergonomic}
    uintx ReservedCodeCacheSize                    = 251658240                              {pd product} {ergonomic}
     bool SegmentedCodeCache                       = true                                      {product} {ergonomic}
   size_t SoftMaxHeapSize                          = 8573157376                             {manageable} {ergonomic}
     bool UseCompressedClassPointers               = true                           {product lp64_product} {ergonomic}
     bool UseCompressedOops                        = true                           {product lp64_product} {ergonomic}
     bool UseG1GC                                  = true                                      {product} {ergonomic}
     bool UseLargePagesIndividualAllocation        = false                                  {pd product} {ergonomic}

Logging:
Log output configuration:
 #0: stdout all=warning uptime,level,tags
 #1: stderr all=off uptime,level,tags

Environment Variables:
JAVA_HOME=C:\Program Files\Microsoft\jdk-17.0.20.8-hotspot
PATH=C:\Program Files\Microsoft\jdk-17.0.20.8-hotspot\bin;C:\WINDOWS\system32;C:\WINDOWS;C:\WINDOWS\System32\Wbem;C:\WINDOWS\System32\WindowsPowerShell\v1.0\;C:\WINDOWS\System32\OpenSSH\;C:\Program Files\NVIDIA Corporation\NVIDIA App\NvDLISR;C:\Program Files (x86)\NVIDIA Corporation\PhysX\Common;C:\Program Files\nodejs\;C:\Program Files\Git\cmd;C:\Users\rafal\AppData\Local\Programs\Python\Python314\Scripts\;C:\Users\rafal\AppData\Local\Programs\Python\Python314\;C:\Users\rafal\AppData\Local\Programs\Python\Launcher\;C:\Users\rafal\AppData\Local\Microsoft\WindowsApps;C:\Users\rafal\AppData\Roaming\npm;C:\Users\rafal\AppData\Local\Programs\Microsoft VS Code\bin;C:\Program Files\JetBrains\PyCharm 2026.2.2\bin
USERNAME=rafal
OS=Windows_NT
PROCESSOR_IDENTIFIER=AMD64 Family 25 Model 33 Stepping 2, AuthenticAMD
TMP=C:\Users\rafal\AppData\Local\Temp
TEMP=C:\Users\rafal\AppData\Local\Temp



Periodic native trim disabled


---------------  S Y S T E M  ---------------

OS:
 Windows 11 , 64 bit Build 26100 (10.0.26100.9444)
OS uptime: 2 days 11:06 hours

CPU: total 16 (initial active 16) (16 cores per cpu, 2 threads per core) family 25 model 33 stepping 2 microcode 0xa201210, cx8, cmov, fxsr, ht, mmx, 3dnowpref, sse, sse2, sse3, ssse3, sse4a, sse4.1, sse4.2, popcnt, lzcnt, tsc, tscinvbit, avx, avx2, aes, erms, clmul, bmi1, bmi2, adx, sha, fma, vzeroupper, clflush, clflushopt
Processor Information for the first 16 processors :
  Max Mhz: 3401, Current Mhz: 3401, Mhz Limit: 3401

Memory: 4k page, system-wide physical 32690M (523M free)
TotalPageFile size 67180M (AvailPageFile size 68M)
current process WorkingSet (physical memory assigned to process): 430M, peak: 431M
current process commit charge ("private bytes"): 731M, peak: 919M

vm_info: OpenJDK 64-Bit Server VM (17.0.20+8-LTS) for windows-amd64 JRE (17.0.20+8-LTS), built on Jul 14 2026 18:14:29 by "MicrosoftCorporation" with MS VC++ 17.14 (VS2022)

END.
