#
# There is insufficient memory for the Java Runtime Environment to continue.
# Native memory allocation (malloc) failed to allocate 1079376 bytes. Error detail: Chunk::new
# Possible reasons:
#   The system is out of physical RAM or swap space
#   This process is running with CompressedOops enabled, and the Java Heap may be blocking the growth of the native heap
# Possible solutions:
#   Reduce memory load on the system
#   Increase physical memory or swap space
#   Check if swap backing store is full
#   Decrease Java heap size (-Xmx/-Xms)
#   Decrease number of Java threads
#   Decrease Java thread stack sizes (-Xss)
#   Set larger code cache with -XX:ReservedCodeCacheSize=
#   JVM is running with Zero Based Compressed Oops mode in which the Java heap is
#     placed in the first 32GB address space. The Java Heap base address is the
#     maximum limit for the native heap growth. Please use -XX:HeapBaseMinAddress
#     to set the Java Heap base and to place the Java Heap above 32GB virtual address.
# This output file may be truncated or incomplete.
#
#  Out of Memory Error (arena.cpp:191), pid=47268, tid=54656
#
# JRE version: OpenJDK Runtime Environment Microsoft-14653939 (17.0.20+8) (build 17.0.20+8-LTS)
# Java VM: OpenJDK 64-Bit Server VM Microsoft-14653939 (17.0.20+8-LTS, mixed mode, sharing, tiered, compressed oops, compressed class ptrs, g1 gc, windows-amd64)
# No core dump will be written. Minidumps are not enabled by default on client versions of Windows
#

---------------  S U M M A R Y ------------

Command Line: -Ddebug.internal.errors=true -Ddebug.semantic.errors=false -Ddebug.completion.statistics=false -Dlwc.typegeneration.disabled=true apex.jorje.lsp.ApexLanguageServerLauncher

Host: AMD Ryzen 7 5700X 8-Core Processor             , 16 cores, 31G,  Windows 11 , 64 bit Build 26100 (10.0.26100.9444)
Time: Mon Sep 21 13:59:14 2026 Hora Padrão da Bahia elapsed time: 0.178963 seconds (0d 0h 0m 0s)

---------------  T H R E A D  ---------------

Current thread (0x0000021ac937fdd0):  JavaThread "C2 CompilerThread2" daemon [_thread_in_native, id=54656, stack(0x0000002f1e300000,0x0000002f1e400000)]


Current CompileTask:
C2:179  167   !   4       java.util.jar.Attributes::read (494 bytes)

Stack: [0x0000002f1e300000,0x0000002f1e400000]
Native frames: (J=compiled Java code, j=interpreted, Vv=VM code, C=native code)
V  [jvm.dll+0x68d159]  (no source info available)
V  [jvm.dll+0x8462c9]  (no source info available)
V  [jvm.dll+0x84803b]  (no source info available)
V  [jvm.dll+0x8486c3]  (no source info available)
V  [jvm.dll+0x24d12f]  (no source info available)
V  [jvm.dll+0xaed56]  (no source info available)
V  [jvm.dll+0xaf3fc]  (no source info available)
V  [jvm.dll+0x3718ef]  (no source info available)
V  [jvm.dll+0x33bb95]  (no source info available)
V  [jvm.dll+0x33affa]  (no source info available)
V  [jvm.dll+0x21e039]  (no source info available)
V  [jvm.dll+0x21d482]  (no source info available)
V  [jvm.dll+0x1a8db6]  (no source info available)
V  [jvm.dll+0x22dcdb]  (no source info available)
V  [jvm.dll+0x22be66]  (no source info available)
V  [jvm.dll+0x7fc40b]  (no source info available)
V  [jvm.dll+0x7f67dc]  (no source info available)
V  [jvm.dll+0x68e6f7]  (no source info available)
C  [ucrtbase.dll+0x2cd30]  (no source info available)
C  [KERNEL32.DLL+0x2cd87]  (no source info available)
C  [ntdll.dll+0xacaec]  (no source info available)


---------------  P R O C E S S  ---------------

Threads class SMR info:
_java_thread_list=0x0000021ac9280990, length=20, elements={
0x0000021ad6106020, 0x0000021af8797b60, 0x0000021af87991a0, 0x0000021af87ae740,
0x0000021ac9089710, 0x0000021ac908ab50, 0x0000021ac908bf90, 0x0000021ac9097720,
0x0000021ac90a9da0, 0x0000021ac90e02b0, 0x0000021ac91cf760, 0x0000021ac9212a70,
0x0000021ac9217210, 0x0000021ac927c2e0, 0x0000021ac93b0d10, 0x0000021ac93b1230,
0x0000021ac937fdd0, 0x0000021ac953fc60, 0x0000021ac9540180, 0x0000021ac93f8210
}

Java Threads: ( => current thread )
  0x0000021ad6106020 JavaThread "main" [_thread_in_vm, id=55680, stack(0x0000002f1cc00000,0x0000002f1cd00000)]
  0x0000021af8797b60 JavaThread "Reference Handler" daemon [_thread_blocked, id=59388, stack(0x0000002f1d300000,0x0000002f1d400000)]
  0x0000021af87991a0 JavaThread "Finalizer" daemon [_thread_blocked, id=57648, stack(0x0000002f1d400000,0x0000002f1d500000)]
  0x0000021af87ae740 JavaThread "Signal Dispatcher" daemon [_thread_blocked, id=35108, stack(0x0000002f1d500000,0x0000002f1d600000)]
  0x0000021ac9089710 JavaThread "Attach Listener" daemon [_thread_blocked, id=55168, stack(0x0000002f1d600000,0x0000002f1d700000)]
  0x0000021ac908ab50 JavaThread "Service Thread" daemon [_thread_blocked, id=45220, stack(0x0000002f1d700000,0x0000002f1d800000)]
  0x0000021ac908bf90 JavaThread "Monitor Deflation Thread" daemon [_thread_blocked, id=21128, stack(0x0000002f1d800000,0x0000002f1d900000)]
  0x0000021ac9097720 JavaThread "C2 CompilerThread0" daemon [_thread_blocked, id=49500, stack(0x0000002f1d900000,0x0000002f1da00000)]
  0x0000021ac90a9da0 JavaThread "C1 CompilerThread0" daemon [_thread_blocked, id=43228, stack(0x0000002f1da00000,0x0000002f1db00000)]
  0x0000021ac90e02b0 JavaThread "Sweeper thread" daemon [_thread_blocked, id=56884, stack(0x0000002f1db00000,0x0000002f1dc00000)]
  0x0000021ac91cf760 JavaThread "C1 CompilerThread1" daemon [_thread_blocked, id=49400, stack(0x0000002f1dc00000,0x0000002f1dd00000)]
  0x0000021ac9212a70 JavaThread "Notification Thread" daemon [_thread_blocked, id=22980, stack(0x0000002f1dd00000,0x0000002f1de00000)]
  0x0000021ac9217210 JavaThread "Common-Cleaner" daemon [_thread_blocked, id=57492, stack(0x0000002f1df00000,0x0000002f1e000000)]
  0x0000021ac927c2e0 JavaThread "C2 CompilerThread1" daemon [_thread_blocked, id=45576, stack(0x0000002f1e000000,0x0000002f1e100000)]
  0x0000021ac93b0d10 JavaThread "C1 CompilerThread2" daemon [_thread_blocked, id=57952, stack(0x0000002f1e100000,0x0000002f1e200000)]
  0x0000021ac93b1230 JavaThread "C1 CompilerThread3" daemon [_thread_blocked, id=19676, stack(0x0000002f1e200000,0x0000002f1e300000)]
=>0x0000021ac937fdd0 JavaThread "C2 CompilerThread2" daemon [_thread_in_native, id=54656, stack(0x0000002f1e300000,0x0000002f1e400000)]
  0x0000021ac953fc60 JavaThread "C2 CompilerThread3" daemon [_thread_blocked, id=56012, stack(0x0000002f1e400000,0x0000002f1e500000)]
  0x0000021ac9540180 JavaThread "C2 CompilerThread4" daemon [_thread_blocked, id=53008, stack(0x0000002f1e500000,0x0000002f1e600000)]
  0x0000021ac93f8210 JavaThread "C2 CompilerThread5" daemon [_thread_blocked, id=42800, stack(0x0000002f1e600000,0x0000002f1e700000)]

Other Threads:
  0x0000021ac9081b70 VMThread "VM Thread" [stack: 0x0000002f1d200000,0x0000002f1d300000] [id=46240]
  0x0000021ac9216f70 WatcherThread [stack: 0x0000002f1de00000,0x0000002f1df00000] [id=58868]
  0x0000021ad61b98b0 GCTaskThread "GC Thread#0" [stack: 0x0000002f1cd00000,0x0000002f1ce00000] [id=43796]
  0x0000021ac93f8b40 GCTaskThread "GC Thread#1" [stack: 0x0000002f1e700000,0x0000002f1e800000] [id=58136]
  0x0000021ac953f710 GCTaskThread "GC Thread#2" [stack: 0x0000002f1e800000,0x0000002f1e900000] [id=49512]
  0x0000021ac93db420 GCTaskThread "GC Thread#3" [stack: 0x0000002f1e900000,0x0000002f1ea00000] [id=52268]
  0x0000021ac93da070 GCTaskThread "GC Thread#4" [stack: 0x0000002f1ea00000,0x0000002f1eb00000] [id=11304]
  0x0000021ac93da610 GCTaskThread "GC Thread#5" [stack: 0x0000002f1eb00000,0x0000002f1ec00000] [id=49256]
  0x0000021ac93da8e0 GCTaskThread "GC Thread#6" [stack: 0x0000002f1ec00000,0x0000002f1ed00000] [id=57504]
  0x0000021ac93dabb0 GCTaskThread "GC Thread#7" [stack: 0x0000002f1ed00000,0x0000002f1ee00000] [id=48972]
  0x0000021ac93d9da0 GCTaskThread "GC Thread#8" [stack: 0x0000002f1ee00000,0x0000002f1ef00000] [id=13700]
  0x0000021ac93db6f0 GCTaskThread "GC Thread#9" [stack: 0x0000002f1ef00000,0x0000002f1f000000] [id=48284]
  0x0000021ac93da340 GCTaskThread "GC Thread#10" [stack: 0x0000002f1f000000,0x0000002f1f100000] [id=17992]
  0x0000021ac93db9c0 GCTaskThread "GC Thread#11" [stack: 0x0000002f1f100000,0x0000002f1f200000] [id=41632]
  0x0000021ad61be590 ConcurrentGCThread "G1 Main Marker" [stack: 0x0000002f1ce00000,0x0000002f1cf00000] [id=45800]
  0x0000021af85bcf50 ConcurrentGCThread "G1 Conc#0" [stack: 0x0000002f1cf00000,0x0000002f1d000000] [id=53040]
  0x0000021af86c7c00 ConcurrentGCThread "G1 Refine#0" [stack: 0x0000002f1d000000,0x0000002f1d100000] [id=51908]
  0x0000021ac9842a60 ConcurrentGCThread "G1 Refine#1" [stack: 0x0000002f1f200000,0x0000002f1f300000] [id=57936]
  0x0000021acf0318d0 ConcurrentGCThread "G1 Refine#2" [stack: 0x0000002f1f300000,0x0000002f1f400000] [id=23908]
  0x0000021acf031bd0 ConcurrentGCThread "G1 Refine#3" [stack: 0x0000002f1f400000,0x0000002f1f500000] [id=56612]
  0x0000021af86c9400 ConcurrentGCThread "G1 Service" [stack: 0x0000002f1d100000,0x0000002f1d200000] [id=53172]

Threads with active compile tasks:
C2 CompilerThread2  204  167   !   4       java.util.jar.Attributes::read (494 bytes)

VM state: not at safepoint (normal execution)

VM Mutex/Monitor currently owned by a thread: None

Heap address: 0x0000000601000000, size: 8176 MB, Compressed Oops mode: Zero based, Oop shift amount: 3

CDS archive(s) mapped at: [0x0000021a88000000-0x0000021a88bb0000-0x0000021a88bb0000), size 12255232, SharedBaseAddress: 0x0000021a88000000, ArchiveRelocationMode: 1.
Compressed class space mapped at: 0x0000021a89000000-0x0000021ac9000000, reserved size: 1073741824
Narrow klass base: 0x0000021a88000000, Narrow klass shift: 0, Narrow klass range: 0x100000000

GC Precious Log:
 CPUs: 16 total, 16 available
 Memory: 32690M
 Large Page Support: Disabled
 NUMA Support: Disabled
 Compressed Oops: Enabled (Zero based)
 Heap Region Size: 4M
 Heap Min Capacity: 8M
 Heap Initial Capacity: 512M
 Heap Max Capacity: 8176M
 Pre-touch: Disabled
 Parallel Workers: 13
 Concurrent Workers: 3
 Concurrent Refinement Workers: 13
 Periodic GC: Disabled

Heap:
 garbage-first heap   total 524288K, used 20731K [0x0000000601000000, 0x0000000800000000)
  region size 4096K, 4 young (16384K), 1 survivors (4096K)
 Metaspace       used 911K, committed 1152K, reserved 1114112K
  class space    used 66K, committed 192K, reserved 1048576K

Heap Regions: E=young(eden), S=young(survivor), O=old, HS=humongous(starts), HC=humongous(continues), CS=collection set, F=free, OA=open archive, CA=closed archive, TAMS=top-at-mark-start (previous, next)
|   0|0x0000000601000000, 0x0000000601400000, 0x0000000601400000|100%| O|  |TAMS 0x0000000601000000, 0x0000000601000000| Untracked 
|   1|0x0000000601400000, 0x0000000601800000, 0x0000000601800000|100%| O|  |TAMS 0x0000000601400000, 0x0000000601400000| Untracked 
|   2|0x0000000601800000, 0x000000060183ee00, 0x0000000601c00000|  6%| O|  |TAMS 0x0000000601800000, 0x0000000601800000| Untracked 
|   3|0x0000000601c00000, 0x0000000601c00000, 0x0000000602000000|  0%| F|  |TAMS 0x0000000601c00000, 0x0000000601c00000| Untracked 
|   4|0x0000000602000000, 0x0000000602000000, 0x0000000602400000|  0%| F|  |TAMS 0x0000000602000000, 0x0000000602000000| Untracked 
|   5|0x0000000602400000, 0x0000000602400000, 0x0000000602800000|  0%| F|  |TAMS 0x0000000602400000, 0x0000000602400000| Untracked 
|   6|0x0000000602800000, 0x0000000602800000, 0x0000000602c00000|  0%| F|  |TAMS 0x0000000602800000, 0x0000000602800000| Untracked 
|   7|0x0000000602c00000, 0x0000000602c00000, 0x0000000603000000|  0%| F|  |TAMS 0x0000000602c00000, 0x0000000602c00000| Untracked 
|   8|0x0000000603000000, 0x0000000603000000, 0x0000000603400000|  0%| F|  |TAMS 0x0000000603000000, 0x0000000603000000| Untracked 
|   9|0x0000000603400000, 0x0000000603400000, 0x0000000603800000|  0%| F|  |TAMS 0x0000000603400000, 0x0000000603400000| Untracked 
|  10|0x0000000603800000, 0x0000000603800000, 0x0000000603c00000|  0%| F|  |TAMS 0x0000000603800000, 0x0000000603800000| Untracked 
|  11|0x0000000603c00000, 0x0000000603c00000, 0x0000000604000000|  0%| F|  |TAMS 0x0000000603c00000, 0x0000000603c00000| Untracked 
|  12|0x0000000604000000, 0x0000000604000000, 0x0000000604400000|  0%| F|  |TAMS 0x0000000604000000, 0x0000000604000000| Untracked 
|  13|0x0000000604400000, 0x0000000604400000, 0x0000000604800000|  0%| F|  |TAMS 0x0000000604400000, 0x0000000604400000| Untracked 
|  14|0x0000000604800000, 0x0000000604800000, 0x0000000604c00000|  0%| F|  |TAMS 0x0000000604800000, 0x0000000604800000| Untracked 
|  15|0x0000000604c00000, 0x0000000604c00000, 0x0000000605000000|  0%| F|  |TAMS 0x0000000604c00000, 0x0000000604c00000| Untracked 
|  16|0x0000000605000000, 0x0000000605000000, 0x0000000605400000|  0%| F|  |TAMS 0x0000000605000000, 0x0000000605000000| Untracked 
|  17|0x0000000605400000, 0x0000000605400000, 0x0000000605800000|  0%| F|  |TAMS 0x0000000605400000, 0x0000000605400000| Untracked 
|  18|0x0000000605800000, 0x0000000605800000, 0x0000000605c00000|  0%| F|  |TAMS 0x0000000605800000, 0x0000000605800000| Untracked 
|  19|0x0000000605c00000, 0x0000000605c00000, 0x0000000606000000|  0%| F|  |TAMS 0x0000000605c00000, 0x0000000605c00000| Untracked 
|  20|0x0000000606000000, 0x0000000606000000, 0x0000000606400000|  0%| F|  |TAMS 0x0000000606000000, 0x0000000606000000| Untracked 
|  21|0x0000000606400000, 0x0000000606400000, 0x0000000606800000|  0%| F|  |TAMS 0x0000000606400000, 0x0000000606400000| Untracked 
|  22|0x0000000606800000, 0x0000000606800000, 0x0000000606c00000|  0%| F|  |TAMS 0x0000000606800000, 0x0000000606800000| Untracked 
|  23|0x0000000606c00000, 0x0000000606c00000, 0x0000000607000000|  0%| F|  |TAMS 0x0000000606c00000, 0x0000000606c00000| Untracked 
|  24|0x0000000607000000, 0x0000000607000000, 0x0000000607400000|  0%| F|  |TAMS 0x0000000607000000, 0x0000000607000000| Untracked 
|  25|0x0000000607400000, 0x0000000607400000, 0x0000000607800000|  0%| F|  |TAMS 0x0000000607400000, 0x0000000607400000| Untracked 
|  26|0x0000000607800000, 0x0000000607800000, 0x0000000607c00000|  0%| F|  |TAMS 0x0000000607800000, 0x0000000607800000| Untracked 
|  27|0x0000000607c00000, 0x0000000607c00000, 0x0000000608000000|  0%| F|  |TAMS 0x0000000607c00000, 0x0000000607c00000| Untracked 
|  28|0x0000000608000000, 0x0000000608000000, 0x0000000608400000|  0%| F|  |TAMS 0x0000000608000000, 0x0000000608000000| Untracked 
|  29|0x0000000608400000, 0x0000000608400000, 0x0000000608800000|  0%| F|  |TAMS 0x0000000608400000, 0x0000000608400000| Untracked 
|  30|0x0000000608800000, 0x0000000608800000, 0x0000000608c00000|  0%| F|  |TAMS 0x0000000608800000, 0x0000000608800000| Untracked 
|  31|0x0000000608c00000, 0x0000000608c00000, 0x0000000609000000|  0%| F|  |TAMS 0x0000000608c00000, 0x0000000608c00000| Untracked 
|  32|0x0000000609000000, 0x0000000609000000, 0x0000000609400000|  0%| F|  |TAMS 0x0000000609000000, 0x0000000609000000| Untracked 
|  33|0x0000000609400000, 0x0000000609400000, 0x0000000609800000|  0%| F|  |TAMS 0x0000000609400000, 0x0000000609400000| Untracked 
|  34|0x0000000609800000, 0x0000000609800000, 0x0000000609c00000|  0%| F|  |TAMS 0x0000000609800000, 0x0000000609800000| Untracked 
|  35|0x0000000609c00000, 0x0000000609c00000, 0x000000060a000000|  0%| F|  |TAMS 0x0000000609c00000, 0x0000000609c00000| Untracked 
|  36|0x000000060a000000, 0x000000060a000000, 0x000000060a400000|  0%| F|  |TAMS 0x000000060a000000, 0x000000060a000000| Untracked 
|  37|0x000000060a400000, 0x000000060a400000, 0x000000060a800000|  0%| F|  |TAMS 0x000000060a400000, 0x000000060a400000| Untracked 
|  38|0x000000060a800000, 0x000000060a800000, 0x000000060ac00000|  0%| F|  |TAMS 0x000000060a800000, 0x000000060a800000| Untracked 
|  39|0x000000060ac00000, 0x000000060ac00000, 0x000000060b000000|  0%| F|  |TAMS 0x000000060ac00000, 0x000000060ac00000| Untracked 
|  40|0x000000060b000000, 0x000000060b000000, 0x000000060b400000|  0%| F|  |TAMS 0x000000060b000000, 0x000000060b000000| Untracked 
|  41|0x000000060b400000, 0x000000060b400000, 0x000000060b800000|  0%| F|  |TAMS 0x000000060b400000, 0x000000060b400000| Untracked 
|  42|0x000000060b800000, 0x000000060b800000, 0x000000060bc00000|  0%| F|  |TAMS 0x000000060b800000, 0x000000060b800000| Untracked 
|  43|0x000000060bc00000, 0x000000060bc00000, 0x000000060c000000|  0%| F|  |TAMS 0x000000060bc00000, 0x000000060bc00000| Untracked 
|  44|0x000000060c000000, 0x000000060c000000, 0x000000060c400000|  0%| F|  |TAMS 0x000000060c000000, 0x000000060c000000| Untracked 
|  45|0x000000060c400000, 0x000000060c400000, 0x000000060c800000|  0%| F|  |TAMS 0x000000060c400000, 0x000000060c400000| Untracked 
|  46|0x000000060c800000, 0x000000060c800000, 0x000000060cc00000|  0%| F|  |TAMS 0x000000060c800000, 0x000000060c800000| Untracked 
|  47|0x000000060cc00000, 0x000000060cc00000, 0x000000060d000000|  0%| F|  |TAMS 0x000000060cc00000, 0x000000060cc00000| Untracked 
|  48|0x000000060d000000, 0x000000060d000000, 0x000000060d400000|  0%| F|  |TAMS 0x000000060d000000, 0x000000060d000000| Untracked 
|  49|0x000000060d400000, 0x000000060d400000, 0x000000060d800000|  0%| F|  |TAMS 0x000000060d400000, 0x000000060d400000| Untracked 
|  50|0x000000060d800000, 0x000000060d800000, 0x000000060dc00000|  0%| F|  |TAMS 0x000000060d800000, 0x000000060d800000| Untracked 
|  51|0x000000060dc00000, 0x000000060dc00000, 0x000000060e000000|  0%| F|  |TAMS 0x000000060dc00000, 0x000000060dc00000| Untracked 
|  52|0x000000060e000000, 0x000000060e000000, 0x000000060e400000|  0%| F|  |TAMS 0x000000060e000000, 0x000000060e000000| Untracked 
|  53|0x000000060e400000, 0x000000060e400000, 0x000000060e800000|  0%| F|  |TAMS 0x000000060e400000, 0x000000060e400000| Untracked 
|  54|0x000000060e800000, 0x000000060e800000, 0x000000060ec00000|  0%| F|  |TAMS 0x000000060e800000, 0x000000060e800000| Untracked 
|  55|0x000000060ec00000, 0x000000060ec00000, 0x000000060f000000|  0%| F|  |TAMS 0x000000060ec00000, 0x000000060ec00000| Untracked 
|  56|0x000000060f000000, 0x000000060f000000, 0x000000060f400000|  0%| F|  |TAMS 0x000000060f000000, 0x000000060f000000| Untracked 
|  57|0x000000060f400000, 0x000000060f400000, 0x000000060f800000|  0%| F|  |TAMS 0x000000060f400000, 0x000000060f400000| Untracked 
|  58|0x000000060f800000, 0x000000060f800000, 0x000000060fc00000|  0%| F|  |TAMS 0x000000060f800000, 0x000000060f800000| Untracked 
|  59|0x000000060fc00000, 0x000000060fc00000, 0x0000000610000000|  0%| F|  |TAMS 0x000000060fc00000, 0x000000060fc00000| Untracked 
|  60|0x0000000610000000, 0x0000000610000000, 0x0000000610400000|  0%| F|  |TAMS 0x0000000610000000, 0x0000000610000000| Untracked 
|  61|0x0000000610400000, 0x0000000610400000, 0x0000000610800000|  0%| F|  |TAMS 0x0000000610400000, 0x0000000610400000| Untracked 
|  62|0x0000000610800000, 0x0000000610800000, 0x0000000610c00000|  0%| F|  |TAMS 0x0000000610800000, 0x0000000610800000| Untracked 
|  63|0x0000000610c00000, 0x0000000610c00000, 0x0000000611000000|  0%| F|  |TAMS 0x0000000610c00000, 0x0000000610c00000| Untracked 
|  64|0x0000000611000000, 0x0000000611000000, 0x0000000611400000|  0%| F|  |TAMS 0x0000000611000000, 0x0000000611000000| Untracked 
|  65|0x0000000611400000, 0x0000000611400000, 0x0000000611800000|  0%| F|  |TAMS 0x0000000611400000, 0x0000000611400000| Untracked 
|  66|0x0000000611800000, 0x0000000611800000, 0x0000000611c00000|  0%| F|  |TAMS 0x0000000611800000, 0x0000000611800000| Untracked 
|  67|0x0000000611c00000, 0x0000000611c00000, 0x0000000612000000|  0%| F|  |TAMS 0x0000000611c00000, 0x0000000611c00000| Untracked 
|  68|0x0000000612000000, 0x0000000612000000, 0x0000000612400000|  0%| F|  |TAMS 0x0000000612000000, 0x0000000612000000| Untracked 
|  69|0x0000000612400000, 0x0000000612400000, 0x0000000612800000|  0%| F|  |TAMS 0x0000000612400000, 0x0000000612400000| Untracked 
|  70|0x0000000612800000, 0x0000000612800000, 0x0000000612c00000|  0%| F|  |TAMS 0x0000000612800000, 0x0000000612800000| Untracked 
|  71|0x0000000612c00000, 0x0000000612c00000, 0x0000000613000000|  0%| F|  |TAMS 0x0000000612c00000, 0x0000000612c00000| Untracked 
|  72|0x0000000613000000, 0x0000000613000000, 0x0000000613400000|  0%| F|  |TAMS 0x0000000613000000, 0x0000000613000000| Untracked 
|  73|0x0000000613400000, 0x0000000613400000, 0x0000000613800000|  0%| F|  |TAMS 0x0000000613400000, 0x0000000613400000| Untracked 
|  74|0x0000000613800000, 0x0000000613800000, 0x0000000613c00000|  0%| F|  |TAMS 0x0000000613800000, 0x0000000613800000| Untracked 
|  75|0x0000000613c00000, 0x0000000613c00000, 0x0000000614000000|  0%| F|  |TAMS 0x0000000613c00000, 0x0000000613c00000| Untracked 
|  76|0x0000000614000000, 0x0000000614000000, 0x0000000614400000|  0%| F|  |TAMS 0x0000000614000000, 0x0000000614000000| Untracked 
|  77|0x0000000614400000, 0x0000000614400000, 0x0000000614800000|  0%| F|  |TAMS 0x0000000614400000, 0x0000000614400000| Untracked 
|  78|0x0000000614800000, 0x0000000614800000, 0x0000000614c00000|  0%| F|  |TAMS 0x0000000614800000, 0x0000000614800000| Untracked 
|  79|0x0000000614c00000, 0x0000000614c00000, 0x0000000615000000|  0%| F|  |TAMS 0x0000000614c00000, 0x0000000614c00000| Untracked 
|  80|0x0000000615000000, 0x0000000615000000, 0x0000000615400000|  0%| F|  |TAMS 0x0000000615000000, 0x0000000615000000| Untracked 
|  81|0x0000000615400000, 0x0000000615400000, 0x0000000615800000|  0%| F|  |TAMS 0x0000000615400000, 0x0000000615400000| Untracked 
|  82|0x0000000615800000, 0x0000000615800000, 0x0000000615c00000|  0%| F|  |TAMS 0x0000000615800000, 0x0000000615800000| Untracked 
|  83|0x0000000615c00000, 0x0000000615c00000, 0x0000000616000000|  0%| F|  |TAMS 0x0000000615c00000, 0x0000000615c00000| Untracked 
|  84|0x0000000616000000, 0x0000000616000000, 0x0000000616400000|  0%| F|  |TAMS 0x0000000616000000, 0x0000000616000000| Untracked 
|  85|0x0000000616400000, 0x0000000616400000, 0x0000000616800000|  0%| F|  |TAMS 0x0000000616400000, 0x0000000616400000| Untracked 
|  86|0x0000000616800000, 0x0000000616800000, 0x0000000616c00000|  0%| F|  |TAMS 0x0000000616800000, 0x0000000616800000| Untracked 
|  87|0x0000000616c00000, 0x0000000616c00000, 0x0000000617000000|  0%| F|  |TAMS 0x0000000616c00000, 0x0000000616c00000| Untracked 
|  88|0x0000000617000000, 0x0000000617000000, 0x0000000617400000|  0%| F|  |TAMS 0x0000000617000000, 0x0000000617000000| Untracked 
|  89|0x0000000617400000, 0x0000000617400000, 0x0000000617800000|  0%| F|  |TAMS 0x0000000617400000, 0x0000000617400000| Untracked 
|  90|0x0000000617800000, 0x0000000617800000, 0x0000000617c00000|  0%| F|  |TAMS 0x0000000617800000, 0x0000000617800000| Untracked 
|  91|0x0000000617c00000, 0x0000000617c00000, 0x0000000618000000|  0%| F|  |TAMS 0x0000000617c00000, 0x0000000617c00000| Untracked 
|  92|0x0000000618000000, 0x0000000618000000, 0x0000000618400000|  0%| F|  |TAMS 0x0000000618000000, 0x0000000618000000| Untracked 
|  93|0x0000000618400000, 0x0000000618400000, 0x0000000618800000|  0%| F|  |TAMS 0x0000000618400000, 0x0000000618400000| Untracked 
|  94|0x0000000618800000, 0x0000000618800000, 0x0000000618c00000|  0%| F|  |TAMS 0x0000000618800000, 0x0000000618800000| Untracked 
|  95|0x0000000618c00000, 0x0000000618c00000, 0x0000000619000000|  0%| F|  |TAMS 0x0000000618c00000, 0x0000000618c00000| Untracked 
|  96|0x0000000619000000, 0x0000000619000000, 0x0000000619400000|  0%| F|  |TAMS 0x0000000619000000, 0x0000000619000000| Untracked 
|  97|0x0000000619400000, 0x0000000619400000, 0x0000000619800000|  0%| F|  |TAMS 0x0000000619400000, 0x0000000619400000| Untracked 
|  98|0x0000000619800000, 0x0000000619800000, 0x0000000619c00000|  0%| F|  |TAMS 0x0000000619800000, 0x0000000619800000| Untracked 
|  99|0x0000000619c00000, 0x0000000619c00000, 0x000000061a000000|  0%| F|  |TAMS 0x0000000619c00000, 0x0000000619c00000| Untracked 
| 100|0x000000061a000000, 0x000000061a000000, 0x000000061a400000|  0%| F|  |TAMS 0x000000061a000000, 0x000000061a000000| Untracked 
| 101|0x000000061a400000, 0x000000061a400000, 0x000000061a800000|  0%| F|  |TAMS 0x000000061a400000, 0x000000061a400000| Untracked 
| 102|0x000000061a800000, 0x000000061a800000, 0x000000061ac00000|  0%| F|  |TAMS 0x000000061a800000, 0x000000061a800000| Untracked 
| 103|0x000000061ac00000, 0x000000061ac00000, 0x000000061b000000|  0%| F|  |TAMS 0x000000061ac00000, 0x000000061ac00000| Untracked 
| 104|0x000000061b000000, 0x000000061b000000, 0x000000061b400000|  0%| F|  |TAMS 0x000000061b000000, 0x000000061b000000| Untracked 
| 105|0x000000061b400000, 0x000000061b400000, 0x000000061b800000|  0%| F|  |TAMS 0x000000061b400000, 0x000000061b400000| Untracked 
| 106|0x000000061b800000, 0x000000061b800000, 0x000000061bc00000|  0%| F|  |TAMS 0x000000061b800000, 0x000000061b800000| Untracked 
| 107|0x000000061bc00000, 0x000000061bc00000, 0x000000061c000000|  0%| F|  |TAMS 0x000000061bc00000, 0x000000061bc00000| Untracked 
| 108|0x000000061c000000, 0x000000061c000000, 0x000000061c400000|  0%| F|  |TAMS 0x000000061c000000, 0x000000061c000000| Untracked 
| 109|0x000000061c400000, 0x000000061c400000, 0x000000061c800000|  0%| F|  |TAMS 0x000000061c400000, 0x000000061c400000| Untracked 
| 110|0x000000061c800000, 0x000000061c800000, 0x000000061cc00000|  0%| F|  |TAMS 0x000000061c800000, 0x000000061c800000| Untracked 
| 111|0x000000061cc00000, 0x000000061cc00000, 0x000000061d000000|  0%| F|  |TAMS 0x000000061cc00000, 0x000000061cc00000| Untracked 
| 112|0x000000061d000000, 0x000000061d000000, 0x000000061d400000|  0%| F|  |TAMS 0x000000061d000000, 0x000000061d000000| Untracked 
| 113|0x000000061d400000, 0x000000061d400000, 0x000000061d800000|  0%| F|  |TAMS 0x000000061d400000, 0x000000061d400000| Untracked 
| 114|0x000000061d800000, 0x000000061d800000, 0x000000061dc00000|  0%| F|  |TAMS 0x000000061d800000, 0x000000061d800000| Untracked 
| 115|0x000000061dc00000, 0x000000061dc00000, 0x000000061e000000|  0%| F|  |TAMS 0x000000061dc00000, 0x000000061dc00000| Untracked 
| 116|0x000000061e000000, 0x000000061e000000, 0x000000061e400000|  0%| F|  |TAMS 0x000000061e000000, 0x000000061e000000| Untracked 
| 117|0x000000061e400000, 0x000000061e400000, 0x000000061e800000|  0%| F|  |TAMS 0x000000061e400000, 0x000000061e400000| Untracked 
| 118|0x000000061e800000, 0x000000061e800000, 0x000000061ec00000|  0%| F|  |TAMS 0x000000061e800000, 0x000000061e800000| Untracked 
| 119|0x000000061ec00000, 0x000000061ec00000, 0x000000061f000000|  0%| F|  |TAMS 0x000000061ec00000, 0x000000061ec00000| Untracked 
| 120|0x000000061f000000, 0x000000061f000000, 0x000000061f400000|  0%| F|  |TAMS 0x000000061f000000, 0x000000061f000000| Untracked 
| 121|0x000000061f400000, 0x000000061f800000, 0x000000061f800000|100%| S|CS|TAMS 0x000000061f400000, 0x000000061f400000| Complete 
| 122|0x000000061f800000, 0x000000061f800000, 0x000000061fc00000|  0%| F|  |TAMS 0x000000061f800000, 0x000000061f800000| Untracked 
| 123|0x000000061fc00000, 0x000000061fc00000, 0x0000000620000000|  0%| F|  |TAMS 0x000000061fc00000, 0x000000061fc00000| Untracked 
| 124|0x0000000620000000, 0x0000000620000000, 0x0000000620400000|  0%| F|  |TAMS 0x0000000620000000, 0x0000000620000000| Untracked 
| 125|0x0000000620400000, 0x00000006204f8218, 0x0000000620800000| 24%| E|  |TAMS 0x0000000620400000, 0x0000000620400000| Complete 
| 126|0x0000000620800000, 0x0000000620c00000, 0x0000000620c00000|100%| E|CS|TAMS 0x0000000620800000, 0x0000000620800000| Complete 
| 127|0x0000000620c00000, 0x0000000621000000, 0x0000000621000000|100%| E|CS|TAMS 0x0000000620c00000, 0x0000000620c00000| Complete 

Card table byte_map: [0x0000021aee520000,0x0000021aef520000] _byte_map_base: 0x0000021aeb518000

Marking Bits (Prev, Next): (CMBitMap*) 0x0000021ad61b9ee0, (CMBitMap*) 0x0000021ad61b9f20
 Prev Bits: [0x0000021af0520000, 0x0000021af84e0000)
 Next Bits: [0x0000021a80000000, 0x0000021a87fc0000)

Polling page: 0x0000021ad4100000

Metaspace:

Usage:
  Non-class:   1001.76 KB used.
      Class:     89.98 KB used.
       Both:      1.07 MB used.

Virtual space:
  Non-class space:       64.00 MB reserved,       1.06 MB (  2%) committed,  1 nodes.
      Class space:        1.00 GB reserved,     192.00 KB ( <1%) committed,  1 nodes.
             Both:        1.06 GB reserved,       1.25 MB ( <1%) committed. 

Chunk freelists:
   Non-Class:  12.00 MB
       Class:  15.75 MB
        Both:  27.75 MB

MaxMetaspaceSize: unlimited
CompressedClassSpaceSize: 1.00 GB
Initial GC threshold: 21.00 MB
Current GC threshold: 21.00 MB
CDS: on
MetaspaceReclaimPolicy: balanced
 - commit_granule_bytes: 65536.
 - commit_granule_words: 8192.
 - virtual_space_node_default_size: 8388608.
 - enlarge_chunks_in_place: 1.
 - new_chunks_are_fully_committed: 0.
 - uncommit_free_chunks: 1.
 - use_allocation_guard: 0.
 - handle_deallocations: 1.


Internal statistics:

num_allocs_failed_limit: 0.
num_arena_births: 4.
num_arena_deaths: 0.
num_vsnodes_births: 2.
num_vsnodes_deaths: 0.
num_space_committed: 20.
num_space_uncommitted: 0.
num_chunks_returned_to_freelist: 0.
num_chunks_taken_from_freelist: 5.
num_chunk_merges: 0.
num_chunk_splits: 3.
num_chunks_enlarged: 1.
num_inconsistent_stats: 0.

CodeHeap 'non-profiled nmethods': size=119168Kb used=150Kb max_used=150Kb free=119017Kb
 bounds [0x0000021ae5840000, 0x0000021ae5ab0000, 0x0000021aecca0000]
CodeHeap 'profiled nmethods': size=119104Kb used=437Kb max_used=437Kb free=118666Kb
 bounds [0x0000021addca0000, 0x0000021addf10000, 0x0000021ae50f0000]
CodeHeap 'non-nmethods': size=7488Kb used=2795Kb max_used=2818Kb free=4692Kb
 bounds [0x0000021ae50f0000, 0x0000021ae53c0000, 0x0000021ae5840000]
 total_blobs=690 nmethods=310 adapters=290
 compilation: enabled
              stopped_count=0, restarted_count=0
 full_count=0

Compilation events (20 events):
Event: 0.172 Thread 0x0000021ac90a9da0 nmethod 222 0x0000021addce9790 code [0x0000021addce9940, 0x0000021addce9b18]
Event: 0.172 Thread 0x0000021ac9097720  231 %     4       sun.security.util.ManifestDigester::findSection @ 27 (181 bytes)
Event: 0.172 Thread 0x0000021ac90a9da0  226       3       java.lang.invoke.Invokers$Holder::linkToTargetMethod (8 bytes)
Event: 0.173 Thread 0x0000021ac93b1230 nmethod 219 0x0000021addce9c10 code [0x0000021addce9e20, 0x0000021addcea478]
Event: 0.173 Thread 0x0000021ac9540180  232       4       java.util.HashMap::hash (20 bytes)
Event: 0.173 Thread 0x0000021ac93b0d10 nmethod 225 0x0000021addcea690 code [0x0000021addcea840, 0x0000021addceaaa8]
Event: 0.173 Thread 0x0000021ac93b1230  227       3       java.lang.invoke.LambdaForm$MH/0x0000021a89000400::invoke (8 bytes)
Event: 0.173 Thread 0x0000021ac93b0d10  229       3       sun.security.util.ManifestDigester$$Lambda$1/0x0000021a890425b0::apply (8 bytes)
Event: 0.173 Thread 0x0000021ac90a9da0 nmethod 226 0x0000021addceab90 code [0x0000021addcead40, 0x0000021addceb018]
Event: 0.173 Thread 0x0000021ac90a9da0  230       3       sun.security.util.ManifestDigester::lambda$new$0 (8 bytes)
Event: 0.173 Thread 0x0000021ac93b1230 nmethod 227 0x0000021addceb110 code [0x0000021addceb2c0, 0x0000021addceb4f8]
Event: 0.173 Thread 0x0000021ac93b1230  224       3       sun.security.util.ManifestDigester::isNameAttr (102 bytes)
Event: 0.173 Thread 0x0000021ac93b0d10 nmethod 229 0x0000021addceb610 code [0x0000021addceb800, 0x0000021addcebe38]
Event: 0.173 Thread 0x0000021ac90a9da0 nmethod 230 0x0000021addcec010 code [0x0000021addcec1e0, 0x0000021addcec698]
Event: 0.173 Thread 0x0000021ac93b1230 nmethod 224 0x0000021addcec810 code [0x0000021addcec9c0, 0x0000021addcecdd8]
Event: 0.173 Thread 0x0000021ac93f8210 nmethod 213 0x0000021ae585a390 code [0x0000021ae585a520, 0x0000021ae585a6d8]
Event: 0.174 Thread 0x0000021ac91cf760 nmethod 228 0x0000021addcecf10 code [0x0000021addced220, 0x0000021addcee828]
Event: 0.174 Thread 0x0000021ac9540180 nmethod 232 0x0000021ae585a790 code [0x0000021ae585a920, 0x0000021ae585a9f8]
Event: 0.175 Thread 0x0000021ac9097720 nmethod 231% 0x0000021ae585ab10 code [0x0000021ae585aca0, 0x0000021ae585b038]
Event: 0.175 Thread 0x0000021ac9540180  233       4       sun.security.util.ManifestDigester::findSection (181 bytes)

GC Heap History (2 events):
Event: 0.158 GC heap before
{Heap before GC invocations=0 (full 0):
 garbage-first heap   total 524288K, used 20480K [0x0000000601000000, 0x0000000800000000)
  region size 4096K, 6 young (24576K), 0 survivors (0K)
 Metaspace       used 229K, committed 320K, reserved 1114112K
  class space    used 7K, committed 64K, reserved 1048576K
}
Event: 0.162 GC heap after
{Heap after GC invocations=1 (full 0):
 garbage-first heap   total 524288K, used 12539K [0x0000000601000000, 0x0000000800000000)
  region size 4096K, 1 young (4096K), 1 survivors (4096K)
 Metaspace       used 229K, committed 320K, reserved 1114112K
  class space    used 7K, committed 64K, reserved 1048576K
}

Dll operation events (5 events):
Event: 0.008 Loaded shared library C:\Program Files\Microsoft\jdk-17.0.20.8-hotspot\bin\java.dll
Event: 0.052 Loaded shared library C:\Program Files\Microsoft\jdk-17.0.20.8-hotspot\bin\jsvml.dll
Event: 0.078 Loaded shared library C:\Program Files\Microsoft\jdk-17.0.20.8-hotspot\bin\net.dll
Event: 0.080 Loaded shared library C:\Program Files\Microsoft\jdk-17.0.20.8-hotspot\bin\nio.dll
Event: 0.098 Loaded shared library C:\Program Files\Microsoft\jdk-17.0.20.8-hotspot\bin\zip.dll

Deoptimization events (20 events):
Event: 0.176 Thread 0x0000021ad6106020 DEOPT UNPACKING pc=0x0000021ae5147143 sp=0x0000002f1ccfd670 mode 0
Event: 0.176 Thread 0x0000021ad6106020 DEOPT PACKING pc=0x0000021addce64c8 sp=0x0000002f1ccfe200
Event: 0.176 Thread 0x0000021ad6106020 DEOPT UNPACKING pc=0x0000021ae5147143 sp=0x0000002f1ccfd670 mode 0
Event: 0.176 Thread 0x0000021ad6106020 DEOPT PACKING pc=0x0000021addce64c8 sp=0x0000002f1ccfe200
Event: 0.176 Thread 0x0000021ad6106020 DEOPT UNPACKING pc=0x0000021ae5147143 sp=0x0000002f1ccfd670 mode 0
Event: 0.176 Thread 0x0000021ad6106020 DEOPT PACKING pc=0x0000021addce64c8 sp=0x0000002f1ccfe200
Event: 0.176 Thread 0x0000021ad6106020 DEOPT UNPACKING pc=0x0000021ae5147143 sp=0x0000002f1ccfd670 mode 0
Event: 0.176 Thread 0x0000021ad6106020 DEOPT PACKING pc=0x0000021addce64c8 sp=0x0000002f1ccfe200
Event: 0.176 Thread 0x0000021ad6106020 DEOPT UNPACKING pc=0x0000021ae5147143 sp=0x0000002f1ccfd670 mode 0
Event: 0.176 Thread 0x0000021ad6106020 DEOPT PACKING pc=0x0000021addce64c8 sp=0x0000002f1ccfe200
Event: 0.176 Thread 0x0000021ad6106020 DEOPT UNPACKING pc=0x0000021ae5147143 sp=0x0000002f1ccfd670 mode 0
Event: 0.176 Thread 0x0000021ad6106020 DEOPT PACKING pc=0x0000021addce64c8 sp=0x0000002f1ccfe200
Event: 0.176 Thread 0x0000021ad6106020 DEOPT UNPACKING pc=0x0000021ae5147143 sp=0x0000002f1ccfd670 mode 0
Event: 0.176 Thread 0x0000021ad6106020 DEOPT PACKING pc=0x0000021addce64c8 sp=0x0000002f1ccfe200
Event: 0.176 Thread 0x0000021ad6106020 DEOPT UNPACKING pc=0x0000021ae5147143 sp=0x0000002f1ccfd670 mode 0
Event: 0.177 Thread 0x0000021ad6106020 DEOPT PACKING pc=0x0000021addce64c8 sp=0x0000002f1ccfe200
Event: 0.177 Thread 0x0000021ad6106020 DEOPT UNPACKING pc=0x0000021ae5147143 sp=0x0000002f1ccfd670 mode 0
Event: 0.177 Thread 0x0000021ad6106020 DEOPT PACKING pc=0x0000021addce64c8 sp=0x0000002f1ccfe200
Event: 0.177 Thread 0x0000021ad6106020 DEOPT UNPACKING pc=0x0000021ae5147143 sp=0x0000002f1ccfd670 mode 0
Event: 0.177 Thread 0x0000021ad6106020 DEOPT PACKING pc=0x0000021addce64c8 sp=0x0000002f1ccfe200

Classes loaded (12 events):
Event: 0.075 Loading class jdk/internal/vm/PostVMInitHook
Event: 0.075 Loading class jdk/internal/vm/PostVMInitHook done
Event: 0.147 Loading class sun/security/util/ManifestEntryVerifier
Event: 0.147 Loading class sun/security/util/ManifestEntryVerifier done
Event: 0.165 Loading class sun/security/util/ManifestDigester
Event: 0.165 Loading class sun/security/util/ManifestDigester done
Event: 0.165 Loading class sun/security/util/ManifestDigester$Position
Event: 0.165 Loading class sun/security/util/ManifestDigester$Position done
Event: 0.165 Loading class sun/security/util/ManifestDigester$Entry
Event: 0.165 Loading class sun/security/util/ManifestDigester$Entry done
Event: 0.165 Loading class sun/security/util/ManifestDigester$Section
Event: 0.165 Loading class sun/security/util/ManifestDigester$Section done

Classes unloaded (0 events):
No events

Classes redefined (0 events):
No events

Internal exceptions (0 events):
No events

VM Operations (4 events):
Event: 0.118 Executing VM operation: HandshakeAllThreads
Event: 0.118 Executing VM operation: HandshakeAllThreads done
Event: 0.157 Executing VM operation: G1CollectForAllocation
Event: 0.162 Executing VM operation: G1CollectForAllocation done

Memory protections (0 events):
No events

Nmethod flushes (0 events):
No events

Events (20 events):
Event: 0.052 Thread 0x0000021ad6106020 Thread added: 0x0000021ad6106020
Event: 0.054 Thread 0x0000021ad6106020 Thread added: 0x0000021af8797b60
Event: 0.054 Thread 0x0000021ad6106020 Thread added: 0x0000021af87991a0
Event: 0.060 Thread 0x0000021ad6106020 Thread added: 0x0000021af87ae740
Event: 0.060 Thread 0x0000021ad6106020 Thread added: 0x0000021ac9089710
Event: 0.060 Thread 0x0000021ad6106020 Thread added: 0x0000021ac908ab50
Event: 0.060 Thread 0x0000021ad6106020 Thread added: 0x0000021ac908bf90
Event: 0.060 Thread 0x0000021ad6106020 Thread added: 0x0000021ac9097720
Event: 0.061 Thread 0x0000021ad6106020 Thread added: 0x0000021ac90a9da0
Event: 0.061 Thread 0x0000021ad6106020 Thread added: 0x0000021ac90e02b0
Event: 0.072 Thread 0x0000021ac90a9da0 Thread added: 0x0000021ac91cf760
Event: 0.075 Thread 0x0000021ad6106020 Thread added: 0x0000021ac9212a70
Event: 0.076 Thread 0x0000021ad6106020 Thread added: 0x0000021ac9217210
Event: 0.094 Thread 0x0000021ac9097720 Thread added: 0x0000021ac927c2e0
Event: 0.121 Thread 0x0000021ac91cf760 Thread added: 0x0000021ac93b0d10
Event: 0.121 Thread 0x0000021ac91cf760 Thread added: 0x0000021ac93b1230
Event: 0.125 Thread 0x0000021ac927c2e0 Thread added: 0x0000021ac937fdd0
Event: 0.137 Thread 0x0000021ac927c2e0 Thread added: 0x0000021ac953fc60
Event: 0.137 Thread 0x0000021ac927c2e0 Thread added: 0x0000021ac9540180
Event: 0.137 Thread 0x0000021ac927c2e0 Thread added: 0x0000021ac93f8210


Dynamic libraries:
0x00007ff783540000 - 0x00007ff78354e000 	C:\Program Files\Microsoft\jdk-17.0.20.8-hotspot\bin\java.exe
0x00007ff8e0ec0000 - 0x00007ff8e1127000 	C:\WINDOWS\SYSTEM32\ntdll.dll
0x00007ff8dfa60000 - 0x00007ff8dfb2b000 	C:\WINDOWS\System32\KERNEL32.DLL
0x00007ff8de720000 - 0x00007ff8deb22000 	C:\WINDOWS\System32\KERNELBASE.dll
0x00007ff8de440000 - 0x00007ff8de58c000 	C:\WINDOWS\System32\ucrtbase.dll
0x00007ff8c3720000 - 0x00007ff8c373e000 	C:\Program Files\Microsoft\jdk-17.0.20.8-hotspot\bin\VCRUNTIME140.dll
0x00007ff8c3790000 - 0x00007ff8c37a8000 	C:\Program Files\Microsoft\jdk-17.0.20.8-hotspot\bin\jli.dll
0x00007ff8df880000 - 0x00007ff8dfa4f000 	C:\WINDOWS\System32\USER32.dll
0x00007ff8de380000 - 0x00007ff8de3a7000 	C:\WINDOWS\System32\win32u.dll
0x00007ff8b2700000 - 0x00007ff8b2990000 	C:\WINDOWS\WinSxS\amd64_microsoft.windows.common-controls_6595b64144ccf1df_6.0.26100.9278_none_3e0d1ba8e3303201\COMCTL32.dll
0x00007ff8e0660000 - 0x00007ff8e068b000 	C:\WINDOWS\System32\GDI32.dll
0x00007ff8e0b20000 - 0x00007ff8e0bc9000 	C:\WINDOWS\System32\msvcrt.dll
0x00007ff8de250000 - 0x00007ff8de379000 	C:\WINDOWS\System32\gdi32full.dll
0x00007ff8deb30000 - 0x00007ff8debd3000 	C:\WINDOWS\System32\msvcp_win.dll
0x00007ff8e0600000 - 0x00007ff8e0631000 	C:\WINDOWS\System32\IMM32.DLL
0x00007ff8dae60000 - 0x00007ff8dae6c000 	C:\Program Files\Microsoft\jdk-17.0.20.8-hotspot\bin\vcruntime140_1.dll
0x00007ff89a2b0000 - 0x00007ff89a339000 	C:\Program Files\Microsoft\jdk-17.0.20.8-hotspot\bin\msvcp140.dll
0x00007ff813980000 - 0x00007ff8145fb000 	C:\Program Files\Microsoft\jdk-17.0.20.8-hotspot\bin\server\jvm.dll
0x00007ff8deeb0000 - 0x00007ff8def6c000 	C:\WINDOWS\System32\ADVAPI32.dll
0x00007ff8df7d0000 - 0x00007ff8df879000 	C:\WINDOWS\System32\sechost.dll
0x00007ff8e0bd0000 - 0x00007ff8e0ce8000 	C:\WINDOWS\System32\RPCRT4.dll
0x00007ff8dfb30000 - 0x00007ff8dfbb0000 	C:\WINDOWS\System32\WS2_32.dll
0x00007ff8cd450000 - 0x00007ff8cd486000 	C:\WINDOWS\SYSTEM32\WINMM.dll
0x00007ff8ddf20000 - 0x00007ff8ddf7e000 	C:\WINDOWS\SYSTEM32\POWRPROF.dll
0x00007ff8d7810000 - 0x00007ff8d781b000 	C:\WINDOWS\SYSTEM32\VERSION.dll
0x00007ff8ddf00000 - 0x00007ff8ddf15000 	C:\WINDOWS\SYSTEM32\UMPDC.dll
0x00007ff8dcd90000 - 0x00007ff8dcdab000 	C:\WINDOWS\SYSTEM32\kernel.appcore.dll
0x00007ff8da5c0000 - 0x00007ff8da5ca000 	C:\Program Files\Microsoft\jdk-17.0.20.8-hotspot\bin\jimage.dll
0x00007ff8ce330000 - 0x00007ff8ce57c000 	C:\WINDOWS\SYSTEM32\DBGHELP.DLL
0x00007ff8e0690000 - 0x00007ff8e0a15000 	C:\WINDOWS\System32\combase.dll
0x00007ff8dedd0000 - 0x00007ff8deea9000 	C:\WINDOWS\System32\OLEAUT32.dll
0x00007ff8ce270000 - 0x00007ff8ce2ab000 	C:\WINDOWS\SYSTEM32\dbgcore.DLL
0x00007ff8de660000 - 0x00007ff8de70c000 	C:\WINDOWS\System32\bcryptPrimitives.dll
0x00007ff8c3630000 - 0x00007ff8c3656000 	C:\Program Files\Microsoft\jdk-17.0.20.8-hotspot\bin\java.dll
0x00007ff856690000 - 0x00007ff856766000 	C:\Program Files\Microsoft\jdk-17.0.20.8-hotspot\bin\jsvml.dll
0x00007ff8dfe60000 - 0x00007ff8e05f8000 	C:\WINDOWS\System32\SHELL32.dll
0x00007ff8dbb60000 - 0x00007ff8dc40e000 	C:\WINDOWS\SYSTEM32\windows.storage.dll
0x00007ff8df600000 - 0x00007ff8df6fb000 	C:\WINDOWS\System32\SHCORE.dll
0x00007ff8df710000 - 0x00007ff8df776000 	C:\WINDOWS\System32\shlwapi.dll
0x00007ff8ddfe0000 - 0x00007ff8de009000 	C:\WINDOWS\SYSTEM32\profapi.dll
0x00007ff8c3610000 - 0x00007ff8c362b000 	C:\Program Files\Microsoft\jdk-17.0.20.8-hotspot\bin\net.dll
0x00007ff8d6700000 - 0x00007ff8d682a000 	C:\WINDOWS\SYSTEM32\WINHTTP.dll
0x00007ff8dd350000 - 0x00007ff8dd3bc000 	C:\WINDOWS\system32\mswsock.dll
0x00007ff8c1d70000 - 0x00007ff8c1d86000 	C:\Program Files\Microsoft\jdk-17.0.20.8-hotspot\bin\nio.dll
0x00007ff8c37b0000 - 0x00007ff8c37c8000 	C:\Program Files\Microsoft\jdk-17.0.20.8-hotspot\bin\zip.dll

dbghelp: loaded successfully - version: 4.0.5 - missing functions: none
symbol engine: initialized successfully - sym options: 0x614 - pdb path: .;C:\Program Files\Microsoft\jdk-17.0.20.8-hotspot\bin;C:\WINDOWS\SYSTEM32;C:\WINDOWS\WinSxS\amd64_microsoft.windows.common-controls_6595b64144ccf1df_6.0.26100.9278_none_3e0d1ba8e3303201;C:\Program Files\Microsoft\jdk-17.0.20.8-hotspot\bin\server

VM Arguments:
jvm_args: -Ddebug.internal.errors=true -Ddebug.semantic.errors=false -Ddebug.completion.statistics=false -Dlwc.typegeneration.disabled=true 
java_command: apex.jorje.lsp.ApexLanguageServerLauncher
java_class_path (initial): c:\Users\rafal\.vscode\extensions\salesforce.salesforcedx-vscode-apex-67.18.2\dist\apex-jorje-lsp.jar
Launcher Type: SUN_STANDARD

[Global flags]
     intx CICompilerCount                          = 12                                        {product} {ergonomic}
     uint ConcGCThreads                            = 3                                         {product} {ergonomic}
     uint G1ConcRefinementThreads                  = 13                                        {product} {ergonomic}
   size_t G1HeapRegionSize                         = 4194304                                   {product} {ergonomic}
    uintx GCDrainStackTargetSize                   = 64                                        {product} {ergonomic}
   size_t InitialHeapSize                          = 536870912                                 {product} {ergonomic}
   size_t MarkStackSize                            = 4194304                                   {product} {ergonomic}
   size_t MaxHeapSize                              = 8573157376                                {product} {ergonomic}
   size_t MaxNewSize                               = 5142216704                                {product} {ergonomic}
   size_t MinHeapDeltaBytes                        = 4194304                                   {product} {ergonomic}
   size_t MinHeapSize                              = 8388608                                   {product} {ergonomic}
    uintx NonNMethodCodeHeapSize                   = 7602480                                {pd product} {ergonomic}
    uintx NonProfiledCodeHeapSize                  = 122027880                              {pd product} {ergonomic}
    uintx ProfiledCodeHeapSize                     = 122027880                              {pd product} {ergonomic}
    uintx ReservedCodeCacheSize                    = 251658240                              {pd product} {ergonomic}
     bool SegmentedCodeCache                       = true                                      {product} {ergonomic}
   size_t SoftMaxHeapSize                          = 8573157376                             {manageable} {ergonomic}
     bool UseCompressedClassPointers               = true                           {product lp64_product} {ergonomic}
     bool UseCompressedOops                        = true                           {product lp64_product} {ergonomic}
     bool UseG1GC                                  = true                                      {product} {ergonomic}
     bool UseLargePagesIndividualAllocation        = false                                  {pd product} {ergonomic}

Logging:
Log output configuration:
 #0: stdout all=warning uptime,level,tags
 #1: stderr all=off uptime,level,tags

Environment Variables:
JAVA_HOME=C:\Program Files\Microsoft\jdk-17.0.20.8-hotspot
PATH=C:\Program Files\Microsoft\jdk-17.0.20.8-hotspot\bin;C:\WINDOWS\system32;C:\WINDOWS;C:\WINDOWS\System32\Wbem;C:\WINDOWS\System32\WindowsPowerShell\v1.0\;C:\WINDOWS\System32\OpenSSH\;C:\Program Files\NVIDIA Corporation\NVIDIA App\NvDLISR;C:\Program Files (x86)\NVIDIA Corporation\PhysX\Common;C:\Program Files\nodejs\;C:\Program Files\Git\cmd;C:\Users\rafal\AppData\Local\Programs\Python\Python314\Scripts\;C:\Users\rafal\AppData\Local\Programs\Python\Python314\;C:\Users\rafal\AppData\Local\Programs\Python\Launcher\;C:\Users\rafal\AppData\Local\Microsoft\WindowsApps;C:\Users\rafal\AppData\Roaming\npm;C:\Users\rafal\AppData\Local\Programs\Microsoft VS Code\bin;C:\Program Files\JetBrains\PyCharm 2026.2.2\bin
USERNAME=rafal
OS=Windows_NT
PROCESSOR_IDENTIFIER=AMD64 Family 25 Model 33 Stepping 2, AuthenticAMD
TMP=C:\Users\rafal\AppData\Local\Temp
TEMP=C:\Users\rafal\AppData\Local\Temp



Periodic native trim disabled


---------------  S Y S T E M  ---------------

OS:
 Windows 11 , 64 bit Build 26100 (10.0.26100.9444)
OS uptime: 2 days 9:39 hours

CPU: total 16 (initial active 16) (16 cores per cpu, 2 threads per core) family 25 model 33 stepping 2 microcode 0xa201210, cx8, cmov, fxsr, ht, mmx, 3dnowpref, sse, sse2, sse3, ssse3, sse4a, sse4.1, sse4.2, popcnt, lzcnt, tsc, tscinvbit, avx, avx2, aes, erms, clmul, bmi1, bmi2, adx, sha, fma, vzeroupper, clflush, clflushopt
Processor Information for the first 16 processors :
  Max Mhz: 3401, Current Mhz: 3401, Mhz Limit: 3401

Memory: 4k page, system-wide physical 32690M (1372M free)
TotalPageFile size 67180M (AvailPageFile size 234M)
current process WorkingSet (physical memory assigned to process): 86M, peak: 86M
current process commit charge ("private bytes"): 635M, peak: 635M

vm_info: OpenJDK 64-Bit Server VM (17.0.20+8-LTS) for windows-amd64 JRE (17.0.20+8-LTS), built on Jul 14 2026 18:14:29 by "MicrosoftCorporation" with MS VC++ 17.14 (VS2022)

END.
