#
# There is insufficient memory for the Java Runtime Environment to continue.
# Native memory allocation (malloc) failed to allocate 1063456 bytes. Error detail: Chunk::new
# Possible reasons:
#   The system is out of physical RAM or swap space
#   This process is running with CompressedOops enabled, and the Java Heap may be blocking the growth of the native heap
# Possible solutions:
#   Reduce memory load on the system
#   Increase physical memory or swap space
#   Check if swap backing store is full
#   Decrease Java heap size (-Xmx/-Xms)
#   Decrease number of Java threads
#   Decrease Java thread stack sizes (-Xss)
#   Set larger code cache with -XX:ReservedCodeCacheSize=
#   JVM is running with Zero Based Compressed Oops mode in which the Java heap is
#     placed in the first 32GB address space. The Java Heap base address is the
#     maximum limit for the native heap growth. Please use -XX:HeapBaseMinAddress
#     to set the Java Heap base and to place the Java Heap above 32GB virtual address.
# This output file may be truncated or incomplete.
#
#  Out of Memory Error (arena.cpp:191), pid=25372, tid=17060
#
# JRE version: OpenJDK Runtime Environment Microsoft-14653939 (17.0.20+8) (build 17.0.20+8-LTS)
# Java VM: OpenJDK 64-Bit Server VM Microsoft-14653939 (17.0.20+8-LTS, mixed mode, sharing, tiered, compressed oops, compressed class ptrs, g1 gc, windows-amd64)
# No core dump will be written. Minidumps are not enabled by default on client versions of Windows
#

---------------  S U M M A R Y ------------

Command Line: -Ddebug.internal.errors=true -Ddebug.semantic.errors=false -Ddebug.completion.statistics=false -Dlwc.typegeneration.disabled=true apex.jorje.lsp.ApexLanguageServerLauncher

Host: AMD Ryzen 7 5700X 8-Core Processor             , 16 cores, 31G,  Windows 11 , 64 bit Build 26100 (10.0.26100.9444)
Time: Mon Sep 21 15:26:38 2026 Hora Padrão da Bahia elapsed time: 7.847738 seconds (0d 0h 0m 7s)

---------------  T H R E A D  ---------------

Current thread (0x00000269f707cb60):  JavaThread "C2 CompilerThread3" daemon [_thread_in_native, id=17060, stack(0x0000009932300000,0x0000009932400000)]


Current CompileTask:
C2:7847 7462       4       apex.jorje.semantic.ast.compilation.VirtualMethodsCreator::create (1001 bytes)

Stack: [0x0000009932300000,0x0000009932400000]
Native frames: (J=compiled Java code, j=interpreted, Vv=VM code, C=native code)
V  [jvm.dll+0x68d159]  (no source info available)
V  [jvm.dll+0x8462c9]  (no source info available)
V  [jvm.dll+0x84803b]  (no source info available)
V  [jvm.dll+0x8486c3]  (no source info available)
V  [jvm.dll+0x24d12f]  (no source info available)
V  [jvm.dll+0xaed56]  (no source info available)
V  [jvm.dll+0xaf3fc]  (no source info available)
V  [jvm.dll+0x2b4d4f]  (no source info available)
V  [jvm.dll+0x594c24]  (no source info available)
V  [jvm.dll+0x226f44]  (no source info available)
V  [jvm.dll+0x22734d]  (no source info available)
V  [jvm.dll+0x2202a3]  (no source info available)
V  [jvm.dll+0x21d375]  (no source info available)
V  [jvm.dll+0x1a8db6]  (no source info available)
V  [jvm.dll+0x22dcdb]  (no source info available)
V  [jvm.dll+0x22be66]  (no source info available)
V  [jvm.dll+0x7fc40b]  (no source info available)
V  [jvm.dll+0x7f67dc]  (no source info available)
V  [jvm.dll+0x68e6f7]  (no source info available)
C  [ucrtbase.dll+0x2cd30]  (no source info available)
C  [KERNEL32.DLL+0x2cd87]  (no source info available)
C  [ntdll.dll+0xacaec]  (no source info available)


---------------  P R O C E S S  ---------------

Threads class SMR info:
_java_thread_list=0x00000269f92baff0, length=23, elements={
0x00000269838a6020, 0x00000269ade29580, 0x00000269ade2acb0, 0x00000269ade42f10,
0x00000269ade458e0, 0x00000269ade47980, 0x00000269ade48340, 0x00000269ade49870,
0x00000269ade4ae90, 0x00000269ade4e410, 0x00000269f21ecaa0, 0x00000269f21ef7e0,
0x00000269f73b5ac0, 0x00000269f7183060, 0x00000269f7c475b0, 0x00000269f72473d0,
0x00000269f27aa6a0, 0x00000269f219d960, 0x00000269f21de520, 0x00000269f9040100,
0x00000269f7e42070, 0x00000269f8442510, 0x00000269f707cb60
}

Java Threads: ( => current thread )
  0x00000269838a6020 JavaThread "main" [_thread_blocked, id=58516, stack(0x000000992f300000,0x000000992f400000)]
  0x00000269ade29580 JavaThread "Reference Handler" daemon [_thread_blocked, id=54940, stack(0x000000992fa00000,0x000000992fb00000)]
  0x00000269ade2acb0 JavaThread "Finalizer" daemon [_thread_blocked, id=58064, stack(0x000000992fb00000,0x000000992fc00000)]
  0x00000269ade42f10 JavaThread "Signal Dispatcher" daemon [_thread_blocked, id=48840, stack(0x000000992fc00000,0x000000992fd00000)]
  0x00000269ade458e0 JavaThread "Attach Listener" daemon [_thread_blocked, id=44900, stack(0x000000992fd00000,0x000000992fe00000)]
  0x00000269ade47980 JavaThread "Service Thread" daemon [_thread_blocked, id=54588, stack(0x000000992fe00000,0x000000992ff00000)]
  0x00000269ade48340 JavaThread "Monitor Deflation Thread" daemon [_thread_blocked, id=14560, stack(0x000000992ff00000,0x0000009930000000)]
  0x00000269ade49870 JavaThread "C2 CompilerThread0" daemon [_thread_in_native, id=24824, stack(0x0000009930000000,0x0000009930100000)]
  0x00000269ade4ae90 JavaThread "C1 CompilerThread0" daemon [_thread_blocked, id=20756, stack(0x0000009930100000,0x0000009930200000)]
  0x00000269ade4e410 JavaThread "Sweeper thread" daemon [_thread_blocked, id=11856, stack(0x0000009930200000,0x0000009930300000)]
  0x00000269f21ecaa0 JavaThread "Notification Thread" daemon [_thread_blocked, id=52964, stack(0x0000009930500000,0x0000009930600000)]
  0x00000269f21ef7e0 JavaThread "Common-Cleaner" daemon [_thread_blocked, id=59088, stack(0x0000009930700000,0x0000009930800000)]
  0x00000269f73b5ac0 JavaThread "pool-1-thread-1" [_thread_blocked, id=10684, stack(0x0000009931a00000,0x0000009931b00000)]
  0x00000269f7183060 JavaThread "Apex Prelude Service STARTING" [_thread_blocked, id=58404, stack(0x0000009930a00000,0x0000009930b00000)]
  0x00000269f7c475b0 JavaThread "ForkJoinPool.commonPool-worker-1" daemon [_thread_blocked, id=18492, stack(0x0000009931c00000,0x0000009931d00000)]
  0x00000269f72473d0 JavaThread "ApexIndexer STARTING" [_thread_in_Java, id=31328, stack(0x0000009931d00000,0x0000009931e00000)]
  0x00000269f27aa6a0 JavaThread "ForkJoinPool.commonPool-worker-2" daemon [_thread_blocked, id=18604, stack(0x0000009930800000,0x0000009930900000)]
  0x00000269f219d960 JavaThread "C1 CompilerThread1" daemon [_thread_blocked, id=44844, stack(0x0000009930300000,0x0000009930400000)]
  0x00000269f21de520 JavaThread "C2 CompilerThread1" daemon [_thread_in_native, id=38192, stack(0x0000009930400000,0x0000009930500000)]
  0x00000269f9040100 JavaThread "C1 CompilerThread2" daemon [_thread_blocked, id=6204, stack(0x0000009932000000,0x0000009932100000)]
  0x00000269f7e42070 JavaThread "C1 CompilerThread3" daemon [_thread_blocked, id=59124, stack(0x0000009932100000,0x0000009932200000)]
  0x00000269f8442510 JavaThread "C2 CompilerThread2" daemon [_thread_in_native, id=51240, stack(0x0000009932200000,0x0000009932300000)]
=>0x00000269f707cb60 JavaThread "C2 CompilerThread3" daemon [_thread_in_native, id=17060, stack(0x0000009932300000,0x0000009932400000)]

Other Threads:
  0x00000269ade254d0 VMThread "VM Thread" [stack: 0x000000992f900000,0x000000992fa00000] [id=2612]
  0x00000269f21ef390 WatcherThread [stack: 0x0000009930600000,0x0000009930700000] [id=52352]
  0x00000269839598b0 GCTaskThread "GC Thread#0" [stack: 0x000000992f400000,0x000000992f500000] [id=51100]
  0x00000269f24e7460 GCTaskThread "GC Thread#1" [stack: 0x0000009930b00000,0x0000009930c00000] [id=57800]
  0x00000269f24e7730 GCTaskThread "GC Thread#2" [stack: 0x0000009930c00000,0x0000009930d00000] [id=33220]
  0x00000269f270f190 GCTaskThread "GC Thread#3" [stack: 0x0000009930d00000,0x0000009930e00000] [id=56948]
  0x00000269f270e380 GCTaskThread "GC Thread#4" [stack: 0x0000009930e00000,0x0000009930f00000] [id=19536]
  0x00000269f270eec0 GCTaskThread "GC Thread#5" [stack: 0x0000009930f00000,0x0000009931000000] [id=23904]
  0x00000269f270f460 GCTaskThread "GC Thread#6" [stack: 0x0000009931000000,0x0000009931100000] [id=41492]
  0x00000269f270e650 GCTaskThread "GC Thread#7" [stack: 0x0000009931100000,0x0000009931200000] [id=2920]
  0x00000269f270f730 GCTaskThread "GC Thread#8" [stack: 0x0000009931200000,0x0000009931300000] [id=44220]
  0x00000269f270e920 GCTaskThread "GC Thread#9" [stack: 0x0000009931300000,0x0000009931400000] [id=56920]
  0x00000269f270ebf0 GCTaskThread "GC Thread#10" [stack: 0x0000009931400000,0x0000009931500000] [id=22156]
  0x00000269f270fa00 GCTaskThread "GC Thread#11" [stack: 0x0000009931500000,0x0000009931600000] [id=57068]
  0x00000269f2a6f550 GCTaskThread "GC Thread#12" [stack: 0x0000009930900000,0x0000009930a00000] [id=41788]
  0x000002698395e590 ConcurrentGCThread "G1 Main Marker" [stack: 0x000000992f500000,0x000000992f600000] [id=40148]
  0x00000269adc5cf50 ConcurrentGCThread "G1 Conc#0" [stack: 0x000000992f600000,0x000000992f700000] [id=49076]
  0x00000269f2a727f0 ConcurrentGCThread "G1 Conc#1" [stack: 0x0000009931e00000,0x0000009931f00000] [id=45420]
  0x00000269f2a72ac0 ConcurrentGCThread "G1 Conc#2" [stack: 0x0000009931f00000,0x0000009932000000] [id=41952]
  0x00000269add5d0c0 ConcurrentGCThread "G1 Refine#0" [stack: 0x000000992f700000,0x000000992f800000] [id=19992]
  0x00000269f2443030 ConcurrentGCThread "G1 Refine#1" [stack: 0x0000009931600000,0x0000009931700000] [id=28084]
  0x00000269f2508270 ConcurrentGCThread "G1 Refine#2" [stack: 0x0000009931700000,0x0000009931800000] [id=53180]
  0x00000269f274e300 ConcurrentGCThread "G1 Refine#3" [stack: 0x0000009931800000,0x0000009931900000] [id=58500]
  0x00000269f2a90bf0 ConcurrentGCThread "G1 Refine#4" [stack: 0x0000009931900000,0x0000009931a00000] [id=31572]
  0x00000269f881e740 ConcurrentGCThread "G1 Refine#5" [stack: 0x0000009931b00000,0x0000009931c00000] [id=12632]
  0x00000269f92b8370 ConcurrentGCThread "G1 Refine#6" [stack: 0x0000009932400000,0x0000009932500000] [id=36580]
  0x00000269f92b7770 ConcurrentGCThread "G1 Refine#7" [stack: 0x0000009932500000,0x0000009932600000] [id=36512]
  0x00000269f92b7d70 ConcurrentGCThread "G1 Refine#8" [stack: 0x0000009932600000,0x0000009932700000] [id=54260]
  0x00000269f82ab7f0 ConcurrentGCThread "G1 Refine#9" [stack: 0x0000009932700000,0x0000009932800000] [id=31076]
  0x00000269f82ab4f0 ConcurrentGCThread "G1 Refine#10" [stack: 0x0000009932800000,0x0000009932900000] [id=11900]
  0x00000269f82ac6f0 ConcurrentGCThread "G1 Refine#11" [stack: 0x0000009932900000,0x0000009932a00000] [id=31832]
  0x00000269add5e9b0 ConcurrentGCThread "G1 Service" [stack: 0x000000992f800000,0x000000992f900000] [id=48664]

Threads with active compile tasks:
C2 CompilerThread0  7887 7439       4       apex.jorje.semantic.symbol.member.method.StandardMethodTable::getApproximate (182 bytes)
C2 CompilerThread1  7887 7449       4       apex.jorje.semantic.ast.visitor.PostTypeResolveVisitor::visit (231 bytes)
C2 CompilerThread2  7887 7438       4       apex.jorje.semantic.symbol.member.method.StandardMethodTable::getApproximate (169 bytes)
C2 CompilerThread3  7887 7462       4       apex.jorje.semantic.ast.compilation.VirtualMethodsCreator::create (1001 bytes)

VM state: not at safepoint (normal execution)

VM Mutex/Monitor currently owned by a thread: None

Heap address: 0x0000000601000000, size: 8176 MB, Compressed Oops mode: Zero based, Oop shift amount: 3

CDS archive(s) mapped at: [0x00000269b1000000-0x00000269b1bb0000-0x00000269b1bb0000), size 12255232, SharedBaseAddress: 0x00000269b1000000, ArchiveRelocationMode: 1.
Compressed class space mapped at: 0x00000269b2000000-0x00000269f2000000, reserved size: 1073741824
Narrow klass base: 0x00000269b1000000, Narrow klass shift: 0, Narrow klass range: 0x100000000

GC Precious Log:
 CPUs: 16 total, 16 available
 Memory: 32690M
 Large Page Support: Disabled
 NUMA Support: Disabled
 Compressed Oops: Enabled (Zero based)
 Heap Region Size: 4M
 Heap Min Capacity: 8M
 Heap Initial Capacity: 512M
 Heap Max Capacity: 8176M
 Pre-touch: Disabled
 Parallel Workers: 13
 Concurrent Workers: 3
 Concurrent Refinement Workers: 13
 Periodic GC: Disabled

Heap:
 garbage-first heap   total 778240K, used 335268K [0x0000000601000000, 0x0000000800000000)
  region size 4096K, 36 young (147456K), 4 survivors (16384K)
 Metaspace       used 26067K, committed 26368K, reserved 1114112K
  class space    used 3203K, committed 3392K, reserved 1048576K

Heap Regions: E=young(eden), S=young(survivor), O=old, HS=humongous(starts), HC=humongous(continues), CS=collection set, F=free, OA=open archive, CA=closed archive, TAMS=top-at-mark-start (previous, next)
|   0|0x0000000601000000, 0x0000000601400000, 0x0000000601400000|100%| O|  |TAMS 0x0000000601400000, 0x0000000601000000| Untracked 
|   1|0x0000000601400000, 0x0000000601800000, 0x0000000601800000|100%| O|  |TAMS 0x0000000601800000, 0x0000000601400000| Untracked 
|   2|0x0000000601800000, 0x0000000601c00000, 0x0000000601c00000|100%| O|  |TAMS 0x0000000601c00000, 0x0000000601800000| Untracked 
|   3|0x0000000601c00000, 0x0000000602000000, 0x0000000602000000|100%| O|  |TAMS 0x0000000602000000, 0x0000000601c00000| Untracked 
|   4|0x0000000602000000, 0x0000000602400000, 0x0000000602400000|100%| O|  |TAMS 0x0000000602400000, 0x0000000602000000| Untracked 
|   5|0x0000000602400000, 0x0000000602800000, 0x0000000602800000|100%| O|  |TAMS 0x0000000602800000, 0x0000000602400000| Untracked 
|   6|0x0000000602800000, 0x0000000602c00000, 0x0000000602c00000|100%| O|  |TAMS 0x0000000602a0ee00, 0x0000000602800000| Untracked 
|   7|0x0000000602c00000, 0x0000000603000000, 0x0000000603000000|100%| O|  |TAMS 0x0000000602c00000, 0x0000000602c00000| Untracked 
|   8|0x0000000603000000, 0x0000000603400000, 0x0000000603400000|100%| O|  |TAMS 0x0000000603000000, 0x0000000603000000| Untracked 
|   9|0x0000000603400000, 0x0000000603800000, 0x0000000603800000|100%| O|  |TAMS 0x0000000603400000, 0x0000000603400000| Untracked 
|  10|0x0000000603800000, 0x0000000603c00000, 0x0000000603c00000|100%| O|  |TAMS 0x0000000603800000, 0x0000000603800000| Untracked 
|  11|0x0000000603c00000, 0x0000000604000000, 0x0000000604000000|100%| O|  |TAMS 0x0000000603c00000, 0x0000000603c00000| Untracked 
|  12|0x0000000604000000, 0x0000000604400000, 0x0000000604400000|100%| O|  |TAMS 0x0000000604000000, 0x0000000604000000| Untracked 
|  13|0x0000000604400000, 0x0000000604800000, 0x0000000604800000|100%| O|  |TAMS 0x0000000604400000, 0x0000000604400000| Untracked 
|  14|0x0000000604800000, 0x0000000604c00000, 0x0000000604c00000|100%| O|  |TAMS 0x0000000604800000, 0x0000000604800000| Untracked 
|  15|0x0000000604c00000, 0x0000000605000000, 0x0000000605000000|100%| O|  |TAMS 0x0000000604c00000, 0x0000000604c00000| Untracked 
|  16|0x0000000605000000, 0x0000000605400000, 0x0000000605400000|100%| O|  |TAMS 0x0000000605000000, 0x0000000605000000| Untracked 
|  17|0x0000000605400000, 0x0000000605800000, 0x0000000605800000|100%| O|  |TAMS 0x0000000605400000, 0x0000000605400000| Untracked 
|  18|0x0000000605800000, 0x0000000605c00000, 0x0000000605c00000|100%| O|  |TAMS 0x0000000605800000, 0x0000000605800000| Untracked 
|  19|0x0000000605c00000, 0x0000000606000000, 0x0000000606000000|100%| O|  |TAMS 0x0000000605c00000, 0x0000000605c00000| Untracked 
|  20|0x0000000606000000, 0x0000000606400000, 0x0000000606400000|100%| O|  |TAMS 0x0000000606000000, 0x0000000606000000| Untracked 
|  21|0x0000000606400000, 0x0000000606800000, 0x0000000606800000|100%| O|  |TAMS 0x0000000606400000, 0x0000000606400000| Untracked 
|  22|0x0000000606800000, 0x0000000606c00000, 0x0000000606c00000|100%| O|  |TAMS 0x0000000606800000, 0x0000000606800000| Untracked 
|  23|0x0000000606c00000, 0x0000000607000000, 0x0000000607000000|100%| O|  |TAMS 0x0000000606c00000, 0x0000000606c00000| Untracked 
|  24|0x0000000607000000, 0x0000000607400000, 0x0000000607400000|100%| O|  |TAMS 0x0000000607000000, 0x0000000607000000| Untracked 
|  25|0x0000000607400000, 0x0000000607800000, 0x0000000607800000|100%| O|  |TAMS 0x0000000607400000, 0x0000000607400000| Untracked 
|  26|0x0000000607800000, 0x0000000607c00000, 0x0000000607c00000|100%| O|  |TAMS 0x0000000607800000, 0x0000000607800000| Untracked 
|  27|0x0000000607c00000, 0x0000000608000000, 0x0000000608000000|100%| O|  |TAMS 0x0000000607c00000, 0x0000000607c00000| Untracked 
|  28|0x0000000608000000, 0x0000000608400000, 0x0000000608400000|100%| O|  |TAMS 0x0000000608000000, 0x0000000608000000| Untracked 
|  29|0x0000000608400000, 0x0000000608800000, 0x0000000608800000|100%| O|  |TAMS 0x0000000608400000, 0x0000000608400000| Untracked 
|  30|0x0000000608800000, 0x0000000608c00000, 0x0000000608c00000|100%| O|  |TAMS 0x0000000608800000, 0x0000000608800000| Untracked 
|  31|0x0000000608c00000, 0x0000000609000000, 0x0000000609000000|100%| O|  |TAMS 0x0000000608c00000, 0x0000000608c00000| Untracked 
|  32|0x0000000609000000, 0x0000000609400000, 0x0000000609400000|100%| O|  |TAMS 0x0000000609000000, 0x0000000609000000| Untracked 
|  33|0x0000000609400000, 0x0000000609800000, 0x0000000609800000|100%| O|  |TAMS 0x0000000609400000, 0x0000000609400000| Untracked 
|  34|0x0000000609800000, 0x0000000609c00000, 0x0000000609c00000|100%| O|  |TAMS 0x0000000609800000, 0x0000000609800000| Untracked 
|  35|0x0000000609c00000, 0x000000060a000000, 0x000000060a000000|100%| O|  |TAMS 0x0000000609c00000, 0x0000000609c00000| Untracked 
|  36|0x000000060a000000, 0x000000060a400000, 0x000000060a400000|100%| O|  |TAMS 0x000000060a000000, 0x000000060a000000| Untracked 
|  37|0x000000060a400000, 0x000000060a800000, 0x000000060a800000|100%| O|  |TAMS 0x000000060a400000, 0x000000060a400000| Untracked 
|  38|0x000000060a800000, 0x000000060ac00000, 0x000000060ac00000|100%| O|  |TAMS 0x000000060a800000, 0x000000060a800000| Untracked 
|  39|0x000000060ac00000, 0x000000060b000000, 0x000000060b000000|100%| O|  |TAMS 0x000000060ac00000, 0x000000060ac00000| Untracked 
|  40|0x000000060b000000, 0x000000060b400000, 0x000000060b400000|100%| O|  |TAMS 0x000000060b000000, 0x000000060b000000| Untracked 
|  41|0x000000060b400000, 0x000000060b800000, 0x000000060b800000|100%| O|  |TAMS 0x000000060b400000, 0x000000060b400000| Untracked 
|  42|0x000000060b800000, 0x000000060bc00000, 0x000000060bc00000|100%| O|  |TAMS 0x000000060b800000, 0x000000060b800000| Untracked 
|  43|0x000000060bc00000, 0x000000060bf69200, 0x000000060c000000| 85%| O|  |TAMS 0x000000060bc00000, 0x000000060bc00000| Untracked 
|  44|0x000000060c000000, 0x000000060c000000, 0x000000060c400000|  0%| F|  |TAMS 0x000000060c000000, 0x000000060c000000| Untracked 
|  45|0x000000060c400000, 0x000000060c400000, 0x000000060c800000|  0%| F|  |TAMS 0x000000060c400000, 0x000000060c400000| Untracked 
|  46|0x000000060c800000, 0x000000060c800000, 0x000000060cc00000|  0%| F|  |TAMS 0x000000060c800000, 0x000000060c800000| Untracked 
|  47|0x000000060cc00000, 0x000000060cc00000, 0x000000060d000000|  0%| F|  |TAMS 0x000000060cc00000, 0x000000060cc00000| Untracked 
|  48|0x000000060d000000, 0x000000060d000000, 0x000000060d400000|  0%| F|  |TAMS 0x000000060d000000, 0x000000060d000000| Untracked 
|  49|0x000000060d400000, 0x000000060d400000, 0x000000060d800000|  0%| F|  |TAMS 0x000000060d400000, 0x000000060d400000| Untracked 
|  50|0x000000060d800000, 0x000000060d800000, 0x000000060dc00000|  0%| F|  |TAMS 0x000000060d800000, 0x000000060d800000| Untracked 
|  51|0x000000060dc00000, 0x000000060dc00000, 0x000000060e000000|  0%| F|  |TAMS 0x000000060dc00000, 0x000000060dc00000| Untracked 
|  52|0x000000060e000000, 0x000000060e000000, 0x000000060e400000|  0%| F|  |TAMS 0x000000060e000000, 0x000000060e000000| Untracked 
|  53|0x000000060e400000, 0x000000060e400000, 0x000000060e800000|  0%| F|  |TAMS 0x000000060e400000, 0x000000060e400000| Untracked 
|  54|0x000000060e800000, 0x000000060e800000, 0x000000060ec00000|  0%| F|  |TAMS 0x000000060e800000, 0x000000060e800000| Untracked 
|  55|0x000000060ec00000, 0x000000060ec00000, 0x000000060f000000|  0%| F|  |TAMS 0x000000060ec00000, 0x000000060ec00000| Untracked 
|  56|0x000000060f000000, 0x000000060f000000, 0x000000060f400000|  0%| F|  |TAMS 0x000000060f000000, 0x000000060f000000| Untracked 
|  57|0x000000060f400000, 0x000000060f400000, 0x000000060f800000|  0%| F|  |TAMS 0x000000060f400000, 0x000000060f400000| Untracked 
|  58|0x000000060f800000, 0x000000060f800000, 0x000000060fc00000|  0%| F|  |TAMS 0x000000060f800000, 0x000000060f800000| Untracked 
|  59|0x000000060fc00000, 0x000000060fc00000, 0x0000000610000000|  0%| F|  |TAMS 0x000000060fc00000, 0x000000060fc00000| Untracked 
|  60|0x0000000610000000, 0x0000000610400000, 0x0000000610400000|100%| S|CS|TAMS 0x0000000610000000, 0x0000000610000000| Complete 
|  61|0x0000000610400000, 0x0000000610400000, 0x0000000610800000|  0%| F|  |TAMS 0x0000000610400000, 0x0000000610400000| Untracked 
|  62|0x0000000610800000, 0x0000000610800000, 0x0000000610c00000|  0%| F|  |TAMS 0x0000000610800000, 0x0000000610800000| Untracked 
|  63|0x0000000610c00000, 0x0000000610c00000, 0x0000000611000000|  0%| F|  |TAMS 0x0000000610c00000, 0x0000000610c00000| Untracked 
|  64|0x0000000611000000, 0x0000000611400000, 0x0000000611400000|100%| S|CS|TAMS 0x0000000611000000, 0x0000000611000000| Complete 
|  65|0x0000000611400000, 0x0000000611800000, 0x0000000611800000|100%| S|CS|TAMS 0x0000000611400000, 0x0000000611400000| Complete 
|  66|0x0000000611800000, 0x0000000611c00000, 0x0000000611c00000|100%| S|CS|TAMS 0x0000000611800000, 0x0000000611800000| Complete 
|  67|0x0000000611c00000, 0x0000000611c00000, 0x0000000612000000|  0%| F|  |TAMS 0x0000000611c00000, 0x0000000611c00000| Untracked 
|  68|0x0000000612000000, 0x0000000612000000, 0x0000000612400000|  0%| F|  |TAMS 0x0000000612000000, 0x0000000612000000| Untracked 
|  69|0x0000000612400000, 0x0000000612400000, 0x0000000612800000|  0%| F|  |TAMS 0x0000000612400000, 0x0000000612400000| Untracked 
|  70|0x0000000612800000, 0x0000000612800000, 0x0000000612c00000|  0%| F|  |TAMS 0x0000000612800000, 0x0000000612800000| Untracked 
|  71|0x0000000612c00000, 0x0000000612c00000, 0x0000000613000000|  0%| F|  |TAMS 0x0000000612c00000, 0x0000000612c00000| Untracked 
|  72|0x0000000613000000, 0x0000000613000000, 0x0000000613400000|  0%| F|  |TAMS 0x0000000613000000, 0x0000000613000000| Untracked 
|  73|0x0000000613400000, 0x0000000613400000, 0x0000000613800000|  0%| F|  |TAMS 0x0000000613400000, 0x0000000613400000| Untracked 
|  74|0x0000000613800000, 0x0000000613800000, 0x0000000613c00000|  0%| F|  |TAMS 0x0000000613800000, 0x0000000613800000| Untracked 
|  75|0x0000000613c00000, 0x0000000613c00000, 0x0000000614000000|  0%| F|  |TAMS 0x0000000613c00000, 0x0000000613c00000| Untracked 
|  76|0x0000000614000000, 0x0000000614000000, 0x0000000614400000|  0%| F|  |TAMS 0x0000000614000000, 0x0000000614000000| Untracked 
|  77|0x0000000614400000, 0x0000000614400000, 0x0000000614800000|  0%| F|  |TAMS 0x0000000614400000, 0x0000000614400000| Untracked 
|  78|0x0000000614800000, 0x0000000614800000, 0x0000000614c00000|  0%| F|  |TAMS 0x0000000614800000, 0x0000000614800000| Untracked 
|  79|0x0000000614c00000, 0x0000000614c00000, 0x0000000615000000|  0%| F|  |TAMS 0x0000000614c00000, 0x0000000614c00000| Untracked 
|  80|0x0000000615000000, 0x0000000615000000, 0x0000000615400000|  0%| F|  |TAMS 0x0000000615000000, 0x0000000615000000| Untracked 
|  81|0x0000000615400000, 0x0000000615400000, 0x0000000615800000|  0%| F|  |TAMS 0x0000000615400000, 0x0000000615400000| Untracked 
|  82|0x0000000615800000, 0x0000000615800000, 0x0000000615c00000|  0%| F|  |TAMS 0x0000000615800000, 0x0000000615800000| Untracked 
|  83|0x0000000615c00000, 0x0000000615c00000, 0x0000000616000000|  0%| F|  |TAMS 0x0000000615c00000, 0x0000000615c00000| Untracked 
|  84|0x0000000616000000, 0x0000000616000000, 0x0000000616400000|  0%| F|  |TAMS 0x0000000616000000, 0x0000000616000000| Untracked 
|  85|0x0000000616400000, 0x0000000616400000, 0x0000000616800000|  0%| F|  |TAMS 0x0000000616400000, 0x0000000616400000| Untracked 
|  86|0x0000000616800000, 0x0000000616800000, 0x0000000616c00000|  0%| F|  |TAMS 0x0000000616800000, 0x0000000616800000| Untracked 
|  87|0x0000000616c00000, 0x0000000616c00000, 0x0000000617000000|  0%| F|  |TAMS 0x0000000616c00000, 0x0000000616c00000| Untracked 
|  88|0x0000000617000000, 0x0000000617000000, 0x0000000617400000|  0%| F|  |TAMS 0x0000000617000000, 0x0000000617000000| Untracked 
|  89|0x0000000617400000, 0x0000000617400000, 0x0000000617800000|  0%| F|  |TAMS 0x0000000617400000, 0x0000000617400000| Untracked 
|  90|0x0000000617800000, 0x0000000617800000, 0x0000000617c00000|  0%| F|  |TAMS 0x0000000617800000, 0x0000000617800000| Untracked 
|  91|0x0000000617c00000, 0x0000000617c00000, 0x0000000618000000|  0%| F|  |TAMS 0x0000000617c00000, 0x0000000617c00000| Untracked 
|  92|0x0000000618000000, 0x0000000618000000, 0x0000000618400000|  0%| F|  |TAMS 0x0000000618000000, 0x0000000618000000| Untracked 
|  93|0x0000000618400000, 0x0000000618400000, 0x0000000618800000|  0%| F|  |TAMS 0x0000000618400000, 0x0000000618400000| Untracked 
|  94|0x0000000618800000, 0x0000000618800000, 0x0000000618c00000|  0%| F|  |TAMS 0x0000000618800000, 0x0000000618800000| Untracked 
|  95|0x0000000618c00000, 0x0000000618c00000, 0x0000000619000000|  0%| F|  |TAMS 0x0000000618c00000, 0x0000000618c00000| Untracked 
|  96|0x0000000619000000, 0x0000000619000000, 0x0000000619400000|  0%| F|  |TAMS 0x0000000619000000, 0x0000000619000000| Untracked 
|  97|0x0000000619400000, 0x0000000619400000, 0x0000000619800000|  0%| F|  |TAMS 0x0000000619400000, 0x0000000619400000| Untracked 
|  98|0x0000000619800000, 0x0000000619800000, 0x0000000619c00000|  0%| F|  |TAMS 0x0000000619800000, 0x0000000619800000| Untracked 
|  99|0x0000000619c00000, 0x0000000619c00000, 0x000000061a000000|  0%| F|  |TAMS 0x0000000619c00000, 0x0000000619c00000| Untracked 
| 100|0x000000061a000000, 0x000000061a000000, 0x000000061a400000|  0%| F|  |TAMS 0x000000061a000000, 0x000000061a000000| Untracked 
| 101|0x000000061a400000, 0x000000061a400000, 0x000000061a800000|  0%| F|  |TAMS 0x000000061a400000, 0x000000061a400000| Untracked 
| 102|0x000000061a800000, 0x000000061a800000, 0x000000061ac00000|  0%| F|  |TAMS 0x000000061a800000, 0x000000061a800000| Untracked 
| 103|0x000000061ac00000, 0x000000061ac00000, 0x000000061b000000|  0%| F|  |TAMS 0x000000061ac00000, 0x000000061ac00000| Untracked 
| 104|0x000000061b000000, 0x000000061b000000, 0x000000061b400000|  0%| F|  |TAMS 0x000000061b000000, 0x000000061b000000| Untracked 
| 105|0x000000061b400000, 0x000000061b400000, 0x000000061b800000|  0%| F|  |TAMS 0x000000061b400000, 0x000000061b400000| Untracked 
| 106|0x000000061b800000, 0x000000061b800000, 0x000000061bc00000|  0%| F|  |TAMS 0x000000061b800000, 0x000000061b800000| Untracked 
| 107|0x000000061bc00000, 0x000000061bc00000, 0x000000061c000000|  0%| F|  |TAMS 0x000000061bc00000, 0x000000061bc00000| Untracked 
| 108|0x000000061c000000, 0x000000061c000000, 0x000000061c400000|  0%| F|  |TAMS 0x000000061c000000, 0x000000061c000000| Untracked 
| 109|0x000000061c400000, 0x000000061c400000, 0x000000061c800000|  0%| F|  |TAMS 0x000000061c400000, 0x000000061c400000| Untracked 
| 110|0x000000061c800000, 0x000000061c800000, 0x000000061cc00000|  0%| F|  |TAMS 0x000000061c800000, 0x000000061c800000| Untracked 
| 111|0x000000061cc00000, 0x000000061cc00000, 0x000000061d000000|  0%| F|  |TAMS 0x000000061cc00000, 0x000000061cc00000| Untracked 
| 112|0x000000061d000000, 0x000000061d000000, 0x000000061d400000|  0%| F|  |TAMS 0x000000061d000000, 0x000000061d000000| Untracked 
| 113|0x000000061d400000, 0x000000061d400000, 0x000000061d800000|  0%| F|  |TAMS 0x000000061d400000, 0x000000061d400000| Untracked 
| 114|0x000000061d800000, 0x000000061d800000, 0x000000061dc00000|  0%| F|  |TAMS 0x000000061d800000, 0x000000061d800000| Untracked 
| 115|0x000000061dc00000, 0x000000061dc00000, 0x000000061e000000|  0%| F|  |TAMS 0x000000061dc00000, 0x000000061dc00000| Untracked 
| 116|0x000000061e000000, 0x000000061e000000, 0x000000061e400000|  0%| F|  |TAMS 0x000000061e000000, 0x000000061e000000| Untracked 
| 117|0x000000061e400000, 0x000000061e400000, 0x000000061e800000|  0%| F|  |TAMS 0x000000061e400000, 0x000000061e400000| Untracked 
| 118|0x000000061e800000, 0x000000061e800000, 0x000000061ec00000|  0%| F|  |TAMS 0x000000061e800000, 0x000000061e800000| Untracked 
| 119|0x000000061ec00000, 0x000000061ec00000, 0x000000061f000000|  0%| F|  |TAMS 0x000000061ec00000, 0x000000061ec00000| Untracked 
| 120|0x000000061f000000, 0x000000061f000000, 0x000000061f400000|  0%| F|  |TAMS 0x000000061f000000, 0x000000061f000000| Untracked 
| 121|0x000000061f400000, 0x000000061f400000, 0x000000061f800000|  0%| F|  |TAMS 0x000000061f400000, 0x000000061f400000| Untracked 
| 122|0x000000061f800000, 0x000000061f800000, 0x000000061fc00000|  0%| F|  |TAMS 0x000000061f800000, 0x000000061f800000| Untracked 
| 123|0x000000061fc00000, 0x000000061fc00000, 0x0000000620000000|  0%| F|  |TAMS 0x000000061fc00000, 0x000000061fc00000| Untracked 
| 124|0x0000000620000000, 0x0000000620000000, 0x0000000620400000|  0%| F|  |TAMS 0x0000000620000000, 0x0000000620000000| Untracked 
| 125|0x0000000620400000, 0x0000000620400000, 0x0000000620800000|  0%| F|  |TAMS 0x0000000620400000, 0x0000000620400000| Untracked 
| 126|0x0000000620800000, 0x0000000620800000, 0x0000000620c00000|  0%| F|  |TAMS 0x0000000620800000, 0x0000000620800000| Untracked 
| 127|0x0000000620c00000, 0x0000000620c00000, 0x0000000621000000|  0%| F|  |TAMS 0x0000000620c00000, 0x0000000620c00000| Untracked 
| 128|0x0000000621000000, 0x0000000621000000, 0x0000000621400000|  0%| F|  |TAMS 0x0000000621000000, 0x0000000621000000| Untracked 
| 129|0x0000000621400000, 0x0000000621400000, 0x0000000621800000|  0%| F|  |TAMS 0x0000000621400000, 0x0000000621400000| Untracked 
| 130|0x0000000621800000, 0x0000000621800000, 0x0000000621c00000|  0%| F|  |TAMS 0x0000000621800000, 0x0000000621800000| Untracked 
| 131|0x0000000621c00000, 0x0000000621c00000, 0x0000000622000000|  0%| F|  |TAMS 0x0000000621c00000, 0x0000000621c00000| Untracked 
| 132|0x0000000622000000, 0x0000000622000000, 0x0000000622400000|  0%| F|  |TAMS 0x0000000622000000, 0x0000000622000000| Untracked 
| 133|0x0000000622400000, 0x0000000622400000, 0x0000000622800000|  0%| F|  |TAMS 0x0000000622400000, 0x0000000622400000| Untracked 
| 134|0x0000000622800000, 0x0000000622800000, 0x0000000622c00000|  0%| F|  |TAMS 0x0000000622800000, 0x0000000622800000| Untracked 
| 135|0x0000000622c00000, 0x0000000622c00000, 0x0000000623000000|  0%| F|  |TAMS 0x0000000622c00000, 0x0000000622c00000| Untracked 
| 136|0x0000000623000000, 0x0000000623000000, 0x0000000623400000|  0%| F|  |TAMS 0x0000000623000000, 0x0000000623000000| Untracked 
| 137|0x0000000623400000, 0x0000000623400000, 0x0000000623800000|  0%| F|  |TAMS 0x0000000623400000, 0x0000000623400000| Untracked 
| 138|0x0000000623800000, 0x0000000623800000, 0x0000000623c00000|  0%| F|  |TAMS 0x0000000623800000, 0x0000000623800000| Untracked 
| 139|0x0000000623c00000, 0x0000000623c00000, 0x0000000624000000|  0%| F|  |TAMS 0x0000000623c00000, 0x0000000623c00000| Untracked 
| 140|0x0000000624000000, 0x0000000624000000, 0x0000000624400000|  0%| F|  |TAMS 0x0000000624000000, 0x0000000624000000| Untracked 
| 141|0x0000000624400000, 0x0000000624400000, 0x0000000624800000|  0%| F|  |TAMS 0x0000000624400000, 0x0000000624400000| Untracked 
| 142|0x0000000624800000, 0x0000000624800000, 0x0000000624c00000|  0%| F|  |TAMS 0x0000000624800000, 0x0000000624800000| Untracked 
| 143|0x0000000624c00000, 0x0000000624c00000, 0x0000000625000000|  0%| F|  |TAMS 0x0000000624c00000, 0x0000000624c00000| Untracked 
| 144|0x0000000625000000, 0x0000000625000000, 0x0000000625400000|  0%| F|  |TAMS 0x0000000625000000, 0x0000000625000000| Untracked 
| 145|0x0000000625400000, 0x0000000625400000, 0x0000000625800000|  0%| F|  |TAMS 0x0000000625400000, 0x0000000625400000| Untracked 
| 146|0x0000000625800000, 0x0000000625800000, 0x0000000625c00000|  0%| F|  |TAMS 0x0000000625800000, 0x0000000625800000| Untracked 
| 147|0x0000000625c00000, 0x0000000625c00000, 0x0000000626000000|  0%| F|  |TAMS 0x0000000625c00000, 0x0000000625c00000| Untracked 
| 148|0x0000000626000000, 0x0000000626000000, 0x0000000626400000|  0%| F|  |TAMS 0x0000000626000000, 0x0000000626000000| Untracked 
| 149|0x0000000626400000, 0x0000000626400000, 0x0000000626800000|  0%| F|  |TAMS 0x0000000626400000, 0x0000000626400000| Untracked 
| 150|0x0000000626800000, 0x0000000626800000, 0x0000000626c00000|  0%| F|  |TAMS 0x0000000626800000, 0x0000000626800000| Untracked 
| 151|0x0000000626c00000, 0x0000000626c00000, 0x0000000627000000|  0%| F|  |TAMS 0x0000000626c00000, 0x0000000626c00000| Untracked 
| 152|0x0000000627000000, 0x0000000627000000, 0x0000000627400000|  0%| F|  |TAMS 0x0000000627000000, 0x0000000627000000| Untracked 
| 153|0x0000000627400000, 0x0000000627400000, 0x0000000627800000|  0%| F|  |TAMS 0x0000000627400000, 0x0000000627400000| Untracked 
| 154|0x0000000627800000, 0x0000000627800000, 0x0000000627c00000|  0%| F|  |TAMS 0x0000000627800000, 0x0000000627800000| Untracked 
| 155|0x0000000627c00000, 0x0000000628000000, 0x0000000628000000|100%| E|  |TAMS 0x0000000627c00000, 0x0000000627c00000| Complete 
| 156|0x0000000628000000, 0x0000000628400000, 0x0000000628400000|100%| E|CS|TAMS 0x0000000628000000, 0x0000000628000000| Complete 
| 157|0x0000000628400000, 0x0000000628800000, 0x0000000628800000|100%| E|CS|TAMS 0x0000000628400000, 0x0000000628400000| Complete 
| 158|0x0000000628800000, 0x0000000628c00000, 0x0000000628c00000|100%| E|CS|TAMS 0x0000000628800000, 0x0000000628800000| Complete 
| 159|0x0000000628c00000, 0x0000000629000000, 0x0000000629000000|100%| E|CS|TAMS 0x0000000628c00000, 0x0000000628c00000| Complete 
| 160|0x0000000629000000, 0x0000000629400000, 0x0000000629400000|100%| E|CS|TAMS 0x0000000629000000, 0x0000000629000000| Complete 
| 161|0x0000000629400000, 0x0000000629800000, 0x0000000629800000|100%| E|CS|TAMS 0x0000000629400000, 0x0000000629400000| Complete 
| 162|0x0000000629800000, 0x0000000629c00000, 0x0000000629c00000|100%| E|CS|TAMS 0x0000000629800000, 0x0000000629800000| Complete 
| 163|0x0000000629c00000, 0x000000062a000000, 0x000000062a000000|100%| E|CS|TAMS 0x0000000629c00000, 0x0000000629c00000| Complete 
| 164|0x000000062a000000, 0x000000062a400000, 0x000000062a400000|100%| E|CS|TAMS 0x000000062a000000, 0x000000062a000000| Complete 
| 165|0x000000062a400000, 0x000000062a800000, 0x000000062a800000|100%| E|CS|TAMS 0x000000062a400000, 0x000000062a400000| Complete 
| 166|0x000000062a800000, 0x000000062ac00000, 0x000000062ac00000|100%| E|CS|TAMS 0x000000062a800000, 0x000000062a800000| Complete 
| 167|0x000000062ac00000, 0x000000062b000000, 0x000000062b000000|100%| E|CS|TAMS 0x000000062ac00000, 0x000000062ac00000| Complete 
| 168|0x000000062b000000, 0x000000062b400000, 0x000000062b400000|100%| E|CS|TAMS 0x000000062b000000, 0x000000062b000000| Complete 
| 169|0x000000062b400000, 0x000000062b800000, 0x000000062b800000|100%| E|CS|TAMS 0x000000062b400000, 0x000000062b400000| Complete 
| 170|0x000000062b800000, 0x000000062bc00000, 0x000000062bc00000|100%| E|CS|TAMS 0x000000062b800000, 0x000000062b800000| Complete 
| 171|0x000000062bc00000, 0x000000062c000000, 0x000000062c000000|100%| E|CS|TAMS 0x000000062bc00000, 0x000000062bc00000| Complete 
| 172|0x000000062c000000, 0x000000062c400000, 0x000000062c400000|100%| E|CS|TAMS 0x000000062c000000, 0x000000062c000000| Complete 
| 173|0x000000062c400000, 0x000000062c800000, 0x000000062c800000|100%| E|CS|TAMS 0x000000062c400000, 0x000000062c400000| Complete 
| 174|0x000000062c800000, 0x000000062cc00000, 0x000000062cc00000|100%| E|CS|TAMS 0x000000062c800000, 0x000000062c800000| Complete 
| 175|0x000000062cc00000, 0x000000062d000000, 0x000000062d000000|100%| E|CS|TAMS 0x000000062cc00000, 0x000000062cc00000| Complete 
| 176|0x000000062d000000, 0x000000062d400000, 0x000000062d400000|100%| E|CS|TAMS 0x000000062d000000, 0x000000062d000000| Complete 
| 177|0x000000062d400000, 0x000000062d800000, 0x000000062d800000|100%| E|CS|TAMS 0x000000062d400000, 0x000000062d400000| Complete 
| 178|0x000000062d800000, 0x000000062dc00000, 0x000000062dc00000|100%| E|CS|TAMS 0x000000062d800000, 0x000000062d800000| Complete 
| 179|0x000000062dc00000, 0x000000062e000000, 0x000000062e000000|100%| E|CS|TAMS 0x000000062dc00000, 0x000000062dc00000| Complete 
| 180|0x000000062e000000, 0x000000062e400000, 0x000000062e400000|100%| E|CS|TAMS 0x000000062e000000, 0x000000062e000000| Complete 
| 181|0x000000062e400000, 0x000000062e800000, 0x000000062e800000|100%| E|CS|TAMS 0x000000062e400000, 0x000000062e400000| Complete 
| 182|0x000000062e800000, 0x000000062ec00000, 0x000000062ec00000|100%| E|CS|TAMS 0x000000062e800000, 0x000000062e800000| Complete 
| 183|0x000000062ec00000, 0x000000062f000000, 0x000000062f000000|100%| E|CS|TAMS 0x000000062ec00000, 0x000000062ec00000| Complete 
| 184|0x000000062f000000, 0x000000062f400000, 0x000000062f400000|100%| E|CS|TAMS 0x000000062f000000, 0x000000062f000000| Complete 
| 185|0x000000062f400000, 0x000000062f800000, 0x000000062f800000|100%| E|CS|TAMS 0x000000062f400000, 0x000000062f400000| Complete 
| 186|0x000000062f800000, 0x000000062fc00000, 0x000000062fc00000|100%| E|CS|TAMS 0x000000062f800000, 0x000000062f800000| Complete 
|2041|0x00000007ff400000, 0x00000007ff800000, 0x00000007ff800000|100%| O|  |TAMS 0x00000007ff400000, 0x00000007ff400000| Untracked 
|2042|0x00000007ff800000, 0x00000007ffc00000, 0x00000007ffc00000|100%| O|  |TAMS 0x00000007ff800000, 0x00000007ff800000| Untracked 
|2043|0x00000007ffc00000, 0x0000000800000000, 0x0000000800000000|100%| O|  |TAMS 0x00000007ffc00000, 0x00000007ffc00000| Untracked 

Card table byte_map: [0x000002699bcd0000,0x000002699ccd0000] _byte_map_base: 0x0000026998cc8000

Marking Bits (Prev, Next): (CMBitMap*) 0x0000026983959f20, (CMBitMap*) 0x0000026983959ee0
 Prev Bits: [0x00000269a5c90000, 0x00000269adc50000)
 Next Bits: [0x000002699dcd0000, 0x00000269a5c90000)

Polling page: 0x0000026981650000

Metaspace:

Usage:
  Non-class:     22.33 MB used.
      Class:      3.13 MB used.
       Both:     25.46 MB used.

Virtual space:
  Non-class space:       64.00 MB reserved,      22.44 MB ( 35%) committed,  1 nodes.
      Class space:        1.00 GB reserved,       3.31 MB ( <1%) committed,  1 nodes.
             Both:        1.06 GB reserved,      25.75 MB (  2%) committed. 

Chunk freelists:
   Non-Class:  9.38 MB
       Class:  12.56 MB
        Both:  21.94 MB

MaxMetaspaceSize: unlimited
CompressedClassSpaceSize: 1.00 GB
Initial GC threshold: 21.00 MB
Current GC threshold: 35.25 MB
CDS: on
MetaspaceReclaimPolicy: balanced
 - commit_granule_bytes: 65536.
 - commit_granule_words: 8192.
 - virtual_space_node_default_size: 8388608.
 - enlarge_chunks_in_place: 1.
 - new_chunks_are_fully_committed: 0.
 - uncommit_free_chunks: 1.
 - use_allocation_guard: 0.
 - handle_deallocations: 1.


Internal statistics:

num_allocs_failed_limit: 3.
num_arena_births: 354.
num_arena_deaths: 0.
num_vsnodes_births: 2.
num_vsnodes_deaths: 0.
num_space_committed: 410.
num_space_uncommitted: 0.
num_chunks_returned_to_freelist: 3.
num_chunks_taken_from_freelist: 1285.
num_chunk_merges: 3.
num_chunk_splits: 839.
num_chunks_enlarged: 581.
num_inconsistent_stats: 0.

CodeHeap 'non-profiled nmethods': size=119168Kb used=4823Kb max_used=4823Kb free=114344Kb
 bounds [0x0000026992fe0000, 0x00000269934a0000, 0x000002699a440000]
CodeHeap 'profiled nmethods': size=119104Kb used=11506Kb max_used=12220Kb free=107597Kb
 bounds [0x000002698b440000, 0x000002698c040000, 0x0000026992890000]
CodeHeap 'non-nmethods': size=7488Kb used=2914Kb max_used=3020Kb free=4573Kb
 bounds [0x0000026992890000, 0x0000026992b90000, 0x0000026992fe0000]
 total_blobs=6431 nmethods=5904 adapters=436
 compilation: enabled
              stopped_count=0, restarted_count=0
 full_count=0

Compilation events (20 events):
Event: 7.845 Thread 0x00000269f7e42070 nmethod 7582 0x000002698bbb7610 code [0x000002698bbb77c0, 0x000002698bbb7a58]
Event: 7.845 Thread 0x00000269f219d960 nmethod 7579 0x000002698b9a1d10 code [0x000002698b9a1ec0, 0x000002698b9a2038]
Event: 7.845 Thread 0x00000269f7e42070 7607       3       apex.jorje.semantic.exception.Errors::isInvalid (46 bytes)
Event: 7.845 Thread 0x00000269f219d960 7608       3       apex.jorje.semantic.ast.modifier.ModifierNode::validate (69 bytes)
Event: 7.845 Thread 0x00000269f9040100 7626       3       apex.jorje.semantic.common.iterable.ExtendedTypeIterable$1::next (179 bytes)
Event: 7.845 Thread 0x00000269ade4ae90 nmethod 7581 0x000002698bbb6f90 code [0x000002698bbb7140, 0x000002698bbb74f8]
Event: 7.845 Thread 0x00000269ade4ae90 7611       3       apex.jorje.semantic.symbol.resolver.StandardSymbolResolver::fields (11 bytes)
Event: 7.845 Thread 0x00000269f7e42070 nmethod 7607 0x000002698bbb6590 code [0x000002698bbb67a0, 0x000002698bbb6df8]
Event: 7.845 Thread 0x00000269ade4ae90 nmethod 7611 0x000002698bd03790 code [0x000002698bd039a0, 0x000002698bd04018]
Event: 7.845 Thread 0x00000269f7e42070 7614       3       apex.jorje.semantic.common.iterable.ExtendedTypeIterable$1::next (5 bytes)
Event: 7.845 Thread 0x00000269ade4ae90 7615       3       apex.jorje.semantic.symbol.member.variable.MultipleFieldTable::get (88 bytes)
Event: 7.845 Thread 0x00000269f219d960 nmethod 7608 0x000002698bd02490 code [0x000002698bd02700, 0x000002698bd03378]
Event: 7.845 Thread 0x00000269f7e42070 nmethod 7614 0x000002698bbb6210 code [0x000002698bbb63c0, 0x000002698bbb6508]
Event: 7.845 Thread 0x00000269f219d960 7619       3       java.util.ArrayDeque::remove (5 bytes)
Event: 7.845 Thread 0x00000269f7e42070 7620       3       apex.jorje.semantic.common.iterable.ExtendedTypeIterable$1::hasNext (21 bytes)
Event: 7.845 Thread 0x00000269f7e42070 nmethod 7620 0x000002698bd01f90 code [0x000002698bd02140, 0x000002698bd02388]
Event: 7.845 Thread 0x00000269f219d960 nmethod 7619 0x000002698bd01a10 code [0x000002698bd01be0, 0x000002698bd01e78]
Event: 7.845 Thread 0x00000269ade4ae90 nmethod 7615 0x000002698ba07910 code [0x000002698ba07b20, 0x000002698ba082c8]
Event: 7.846 Thread 0x00000269f7e42070 7622       3       apex.jorje.semantic.symbol.resolver.StandardSymbolResolver::lookupVariableInfo (19 bytes)
Event: 7.846 Thread 0x00000269f219d960 7623       3       apex.jorje.semantic.common.iterable.ExtendedTypeIterable::iterator (9 bytes)

GC Heap History (20 events):
Event: 0.357 GC heap before
{Heap before GC invocations=2 (full 0):
 garbage-first heap   total 524288K, used 36831K [0x0000000601000000, 0x0000000800000000)
  region size 4096K, 7 young (28672K), 1 survivors (4096K)
 Metaspace       used 2667K, committed 2816K, reserved 1114112K
  class space    used 253K, committed 320K, reserved 1048576K
}
Event: 0.361 GC heap after
{Heap after GC invocations=3 (full 0):
 garbage-first heap   total 524288K, used 26747K [0x0000000601000000, 0x0000000800000000)
  region size 4096K, 1 young (4096K), 1 survivors (4096K)
 Metaspace       used 2667K, committed 2816K, reserved 1114112K
  class space    used 253K, committed 320K, reserved 1048576K
}
Event: 0.683 GC heap before
{Heap before GC invocations=3 (full 0):
 garbage-first heap   total 524288K, used 79995K [0x0000000601000000, 0x0000000800000000)
  region size 4096K, 15 young (61440K), 1 survivors (4096K)
 Metaspace       used 6328K, committed 6464K, reserved 1114112K
  class space    used 775K, committed 832K, reserved 1048576K
}
Event: 0.687 GC heap after
{Heap after GC invocations=4 (full 0):
 garbage-first heap   total 524288K, used 34875K [0x0000000601000000, 0x0000000800000000)
  region size 4096K, 2 young (8192K), 2 survivors (8192K)
 Metaspace       used 6328K, committed 6464K, reserved 1114112K
  class space    used 775K, committed 832K, reserved 1048576K
}
Event: 4.673 GC heap before
{Heap before GC invocations=4 (full 0):
 garbage-first heap   total 524288K, used 297019K [0x0000000601000000, 0x0000000800000000)
  region size 4096K, 67 young (274432K), 2 survivors (8192K)
 Metaspace       used 20312K, committed 20608K, reserved 1114112K
  class space    used 2648K, committed 2816K, reserved 1048576K
}
Event: 4.686 GC heap after
{Heap after GC invocations=5 (full 0):
 garbage-first heap   total 524288K, used 60811K [0x0000000601000000, 0x0000000800000000)
  region size 4096K, 9 young (36864K), 9 survivors (36864K)
 Metaspace       used 20312K, committed 20608K, reserved 1114112K
  class space    used 2648K, committed 2816K, reserved 1048576K
}
Event: 4.766 GC heap before
{Heap before GC invocations=5 (full 0):
 garbage-first heap   total 524288K, used 60811K [0x0000000601000000, 0x0000000800000000)
  region size 4096K, 10 young (40960K), 9 survivors (36864K)
 Metaspace       used 21280K, committed 21504K, reserved 1114112K
  class space    used 2696K, committed 2816K, reserved 1048576K
}
Event: 4.778 GC heap after
{Heap after GC invocations=6 (full 0):
 garbage-first heap   total 524288K, used 61870K [0x0000000601000000, 0x0000000800000000)
  region size 4096K, 1 young (4096K), 1 survivors (4096K)
 Metaspace       used 21280K, committed 21504K, reserved 1114112K
  class space    used 2696K, committed 2816K, reserved 1048576K
}
Event: 5.635 GC heap before
{Heap before GC invocations=7 (full 0):
 garbage-first heap   total 233472K, used 229806K [0x0000000601000000, 0x0000000800000000)
  region size 4096K, 42 young (172032K), 1 survivors (4096K)
 Metaspace       used 24283K, committed 24576K, reserved 1114112K
  class space    used 3055K, committed 3200K, reserved 1048576K
}
Event: 5.656 GC heap after
{Heap after GC invocations=8 (full 0):
 garbage-first heap   total 282624K, used 107191K [0x0000000601000000, 0x0000000800000000)
  region size 4096K, 9 young (36864K), 9 survivors (36864K)
 Metaspace       used 24283K, committed 24576K, reserved 1114112K
  class space    used 3055K, committed 3200K, reserved 1048576K
}
Event: 5.674 GC heap before
{Heap before GC invocations=8 (full 0):
 garbage-first heap   total 282624K, used 111287K [0x0000000601000000, 0x0000000800000000)
  region size 4096K, 10 young (40960K), 9 survivors (36864K)
 Metaspace       used 24286K, committed 24576K, reserved 1114112K
  class space    used 3055K, committed 3200K, reserved 1048576K
}
Event: 5.686 GC heap after
{Heap after GC invocations=9 (full 0):
 garbage-first heap   total 385024K, used 113847K [0x0000000601000000, 0x0000000800000000)
  region size 4096K, 2 young (8192K), 2 survivors (8192K)
 Metaspace       used 24286K, committed 24576K, reserved 1114112K
  class space    used 3055K, committed 3200K, reserved 1048576K
}
Event: 6.305 GC heap before
{Heap before GC invocations=9 (full 0):
 garbage-first heap   total 385024K, used 257207K [0x0000000601000000, 0x0000000800000000)
  region size 4096K, 37 young (151552K), 2 survivors (8192K)
 Metaspace       used 25238K, committed 25600K, reserved 1114112K
  class space    used 3138K, committed 3328K, reserved 1048576K
}
Event: 6.320 GC heap after
{Heap after GC invocations=10 (full 0):
 garbage-first heap   total 385024K, used 144729K [0x0000000601000000, 0x0000000800000000)
  region size 4096K, 5 young (20480K), 5 survivors (20480K)
 Metaspace       used 25238K, committed 25600K, reserved 1114112K
  class space    used 3138K, committed 3328K, reserved 1048576K
}
Event: 6.701 GC heap before
{Heap before GC invocations=10 (full 0):
 garbage-first heap   total 385024K, used 267609K [0x0000000601000000, 0x0000000800000000)
  region size 4096K, 35 young (143360K), 5 survivors (20480K)
 Metaspace       used 25480K, committed 25856K, reserved 1114112K
  class space    used 3153K, committed 3328K, reserved 1048576K
}
Event: 6.715 GC heap after
{Heap after GC invocations=11 (full 0):
 garbage-first heap   total 385024K, used 167041K [0x0000000601000000, 0x0000000800000000)
  region size 4096K, 5 young (20480K), 5 survivors (20480K)
 Metaspace       used 25480K, committed 25856K, reserved 1114112K
  class space    used 3153K, committed 3328K, reserved 1048576K
}
Event: 7.102 GC heap before
{Heap before GC invocations=11 (full 0):
 garbage-first heap   total 385024K, used 277633K [0x0000000601000000, 0x0000000800000000)
  region size 4096K, 32 young (131072K), 5 survivors (20480K)
 Metaspace       used 25490K, committed 25856K, reserved 1114112K
  class space    used 3153K, committed 3328K, reserved 1048576K
}
Event: 7.119 GC heap after
{Heap after GC invocations=12 (full 0):
 garbage-first heap   total 385024K, used 188416K [0x0000000601000000, 0x0000000800000000)
  region size 4096K, 4 young (16384K), 4 survivors (16384K)
 Metaspace       used 25490K, committed 25856K, reserved 1114112K
  class space    used 3153K, committed 3328K, reserved 1048576K
}
Event: 7.521 GC heap before
{Heap before GC invocations=12 (full 0):
 garbage-first heap   total 385024K, used 286720K [0x0000000601000000, 0x0000000800000000)
  region size 4096K, 28 young (114688K), 4 survivors (16384K)
 Metaspace       used 25874K, committed 26176K, reserved 1114112K
  class space    used 3188K, committed 3328K, reserved 1048576K
}
Event: 7.535 GC heap after
{Heap after GC invocations=13 (full 0):
 garbage-first heap   total 778240K, used 208292K [0x0000000601000000, 0x0000000800000000)
  region size 4096K, 4 young (16384K), 4 survivors (16384K)
 Metaspace       used 25874K, committed 26176K, reserved 1114112K
  class space    used 3188K, committed 3328K, reserved 1048576K
}

Dll operation events (7 events):
Event: 0.006 Loaded shared library C:\Program Files\Microsoft\jdk-17.0.20.8-hotspot\bin\java.dll
Event: 0.021 Loaded shared library C:\Program Files\Microsoft\jdk-17.0.20.8-hotspot\bin\jsvml.dll
Event: 0.046 Loaded shared library C:\Program Files\Microsoft\jdk-17.0.20.8-hotspot\bin\net.dll
Event: 0.048 Loaded shared library C:\Program Files\Microsoft\jdk-17.0.20.8-hotspot\bin\nio.dll
Event: 0.061 Loaded shared library C:\Program Files\Microsoft\jdk-17.0.20.8-hotspot\bin\zip.dll
Event: 0.250 Loaded shared library C:\Program Files\Microsoft\jdk-17.0.20.8-hotspot\bin\jimage.dll
Event: 0.995 Loaded shared library C:\Program Files\Microsoft\jdk-17.0.20.8-hotspot\bin\verify.dll

Deoptimization events (20 events):
Event: 7.765 Thread 0x00000269f72473d0 DEOPT PACKING pc=0x000002699344d7d0 sp=0x0000009931dfe7a0
Event: 7.765 Thread 0x00000269f72473d0 DEOPT UNPACKING pc=0x00000269928e69a3 sp=0x0000009931dfe748 mode 2
Event: 7.765 Thread 0x00000269f72473d0 DEOPT PACKING pc=0x000002698bfcd072 sp=0x0000009931dfe330
Event: 7.765 Thread 0x00000269f72473d0 DEOPT UNPACKING pc=0x00000269928e7143 sp=0x0000009931dfd7d0 mode 0
Event: 7.774 Thread 0x00000269f72473d0 DEOPT PACKING pc=0x000002698bfcd072 sp=0x0000009931dfe0d0
Event: 7.774 Thread 0x00000269f72473d0 DEOPT UNPACKING pc=0x00000269928e7143 sp=0x0000009931dfd570 mode 0
Event: 7.778 Thread 0x00000269f72473d0 DEOPT PACKING pc=0x000002698bfcd072 sp=0x0000009931dfe260
Event: 7.778 Thread 0x00000269f72473d0 DEOPT UNPACKING pc=0x00000269928e7143 sp=0x0000009931dfd700 mode 0
Event: 7.781 Thread 0x00000269f72473d0 DEOPT PACKING pc=0x000002698bfcd072 sp=0x0000009931dfe0d0
Event: 7.781 Thread 0x00000269f72473d0 DEOPT UNPACKING pc=0x00000269928e7143 sp=0x0000009931dfd570 mode 0
Event: 7.785 Thread 0x00000269f72473d0 DEOPT PACKING pc=0x000002698bfcd072 sp=0x0000009931dfe170
Event: 7.785 Thread 0x00000269f72473d0 DEOPT UNPACKING pc=0x00000269928e7143 sp=0x0000009931dfd610 mode 0
Event: 7.789 Thread 0x00000269f72473d0 DEOPT PACKING pc=0x000002698bfcd072 sp=0x0000009931dfe200
Event: 7.789 Thread 0x00000269f72473d0 DEOPT UNPACKING pc=0x00000269928e7143 sp=0x0000009931dfd6a0 mode 0
Event: 7.792 Thread 0x00000269f72473d0 DEOPT PACKING pc=0x000002698bfcd072 sp=0x0000009931dfe110
Event: 7.792 Thread 0x00000269f72473d0 DEOPT UNPACKING pc=0x00000269928e7143 sp=0x0000009931dfd5b0 mode 0
Event: 7.795 Thread 0x00000269f72473d0 DEOPT PACKING pc=0x000002698bfcd072 sp=0x0000009931dfe2d0
Event: 7.795 Thread 0x00000269f72473d0 DEOPT UNPACKING pc=0x00000269928e7143 sp=0x0000009931dfd770 mode 0
Event: 7.799 Thread 0x00000269f72473d0 DEOPT PACKING pc=0x000002698bfcd072 sp=0x0000009931dfe110
Event: 7.799 Thread 0x00000269f72473d0 DEOPT UNPACKING pc=0x00000269928e7143 sp=0x0000009931dfd5b0 mode 0

Classes loaded (20 events):
Event: 4.951 Loading class java/text/MessageFormat
Event: 4.952 Loading class java/text/MessageFormat done
Event: 4.953 Loading class java/text/MessageFormat$Field
Event: 4.953 Loading class java/text/MessageFormat$Field done
Event: 5.459 Loading class java/util/Collections$2
Event: 5.460 Loading class java/util/Collections$2 done
Event: 5.940 Loading class java/text/FieldPosition$Delegate
Event: 5.941 Loading class java/text/FieldPosition$Delegate done
Event: 6.155 Loading class java/lang/ConditionalSpecialCasing
Event: 6.156 Loading class java/lang/ConditionalSpecialCasing done
Event: 6.156 Loading class java/lang/ConditionalSpecialCasing$Entry
Event: 6.156 Loading class java/lang/ConditionalSpecialCasing$Entry done
Event: 6.445 Loading class java/text/NumberFormat$Style
Event: 6.445 Loading class java/text/NumberFormat$Style done
Event: 7.386 Loading class java/io/PrintWriter
Event: 7.389 Loading class java/io/PrintWriter done
Event: 7.389 Loading class java/lang/Throwable$WrappedPrintWriter
Event: 7.390 Loading class java/lang/Throwable$PrintStreamOrWriter
Event: 7.390 Loading class java/lang/Throwable$PrintStreamOrWriter done
Event: 7.390 Loading class java/lang/Throwable$WrappedPrintWriter done

Classes unloaded (0 events):
No events

Classes redefined (0 events):
No events

Internal exceptions (20 events):
Event: 3.076 Thread 0x00000269f72473d0 Exception <a 'sun/nio/fs/WindowsException'{0x00000006150564d8}> (0x00000006150564d8) 
thrown [s\src\hotspot\share\prims\jni.cpp, line 516]
Event: 3.077 Thread 0x00000269f72473d0 Exception <a 'java/lang/NoSuchMethodError'{0x0000000615063578}: 'void java.lang.invoke.DirectMethodHandle$Holder.invokeStatic(java.lang.Object, java.lang.Object, java.lang.Object, java.lang.Object, java.lang.Object, java.lang.Object)'> (0x0000000615063578) 
thrown [s\src\hotspot\share\interpreter\linkResolver.cpp, line 759]
Event: 3.081 Thread 0x00000269f72473d0 Exception <a 'java/lang/IncompatibleClassChangeError'{0x000000061506f400}: Found class java.lang.Object, but interface was expected> (0x000000061506f400) 
thrown [s\src\hotspot\share\interpreter\linkResolver.cpp, line 826]
Event: 3.096 Thread 0x00000269f72473d0 Exception <a 'java/lang/NoSuchMethodError'{0x0000000614cec978}: 'void java.lang.invoke.DirectMethodHandle$Holder.invokeInterface(java.lang.Object, java.lang.Object, java.lang.Object)'> (0x0000000614cec978) 
thrown [s\src\hotspot\share\interpreter\linkResolver.cpp, line 759]
Event: 4.596 Thread 0x00000269f72473d0 Exception <a 'java/lang/NoSuchMethodError'{0x0000000611639a78}: 'java.lang.Object java.lang.invoke.DirectMethodHandle$Holder.invokeStaticInit(java.lang.Object, java.lang.Object, java.lang.Object, java.lang.Object)'> (0x0000000611639a78) 
thrown [s\src\hotspot\share\interpreter\linkResolver.cpp, line 759]
Event: 4.654 Thread 0x00000269f72473d0 Exception <a 'java/lang/NoSuchMethodError'{0x000000061068e190}: 'java.lang.Object java.lang.invoke.DirectMethodHandle$Holder.invokeSpecial(java.lang.Object, java.lang.Object, long, java.lang.Object, int, int, int, int, long)'> (0x000000061068e190) 
thrown [s\src\hotspot\share\interpreter\linkResolver.cpp, line 759]
Event: 4.654 Thread 0x00000269f72473d0 Exception <a 'java/lang/NoSuchMethodError'{0x0000000610692058}: 'java.lang.Object java.lang.invoke.DelegatingMethodHandle$Holder.reinvoke_L(java.lang.Object, long, java.lang.Object, int, int, int, int, long)'> (0x0000000610692058) 
thrown [s\src\hotspot\share\interpreter\linkResolver.cpp, line 759]
Event: 4.662 Thread 0x00000269f72473d0 Exception <a 'java/lang/ClassNotFoundException'{0x00000006106b7480}: sun/util/logging/resources/spi/loggingProvider> (0x00000006106b7480) 
thrown [s\src\hotspot\share\classfile\systemDictionary.cpp, line 257]
Event: 4.792 Thread 0x00000269f72473d0 Exception <a 'java/lang/NoSuchMethodError'{0x0000000620c9c218}: 'int java.lang.invoke.DirectMethodHandle$Holder.invokeVirtual(java.lang.Object, java.lang.Object, java.lang.Object)'> (0x0000000620c9c218) 
thrown [s\src\hotspot\share\interpreter\linkResolver.cpp, line 759]
Event: 4.977 Thread 0x00000269f72473d0 Exception <a 'java/lang/NoSuchMethodError'{0x000000060dfea050}: 'void java.lang.invoke.DirectMethodHandle$Holder.invokeStatic(java.lang.Object, int, java.lang.Object)'> (0x000000060dfea050) 
thrown [s\src\hotspot\share\interpreter\linkResolver.cpp, line 759]
Event: 4.978 Thread 0x00000269f72473d0 Exception <a 'java/lang/NoSuchMethodError'{0x000000060dfed9e8}: 'void java.lang.invoke.DirectMethodHandle$Holder.invokeStaticInit(java.lang.Object, int, java.lang.Object)'> (0x000000060dfed9e8) 
thrown [s\src\hotspot\share\interpreter\linkResolver.cpp, line 759]
Event: 5.090 Thread 0x00000269f72473d0 Exception <a 'java/lang/NoSuchMethodError'{0x000000060d1c2220}: 'java.lang.Object java.lang.invoke.DelegatingMethodHandle$Holder.reinvoke_L(java.lang.Object, java.lang.Object, long, java.lang.Object, java.lang.Object, java.lang.Object, java.lang.Object, java.lang.Object, java.lang.Object, java.lang.Object, java.lang.Object, java.lang.Object, java.lang.Object, java.lang.Object, java.lang.Object, java.lang.Object)'> (0x000000060d1c2220) 
thrown [s\src\hotspot\share\interpreter\linkResolver.cpp, line 759]
Event: 5.093 Thread 0x00000269f72473d0 Exception <a 'java/lang/NoSuchMethodError'{0x000000060d2096f0}: 'java.lang.Object java.lang.invoke.DirectMethodHandle$Holder.invokeSpecial(java.lang.Object, java.lang.Object, long, java.lang.Object, java.lang.Object, java.lang.Object, java.lang.Object, java.lang.Object, java.lang.Object, java.lang.Object, java.lang.Object, java.lang.Object, java.lang.Object, java.lang.Object, java.lang.Object, java.lang.Object)'> (0x000000060d2096f0) 
thrown [s\src\hotspot\share\interpreter\linkResolver.cpp, line 759]
Event: 5.093 Thread 0x00000269f72473d0 Exception <a 'java/lang/NoSuchMethodError'{0x000000060d20e9d8}: 'java.lang.Object java.lang.invoke.DelegatingMethodHandle$Holder.reinvoke_L(java.lang.Object, long, java.lang.Object, java.lang.Object, java.lang.Object, java.lang.Object, java.lang.Object, java.lang.Object, java.lang.Object, java.lang.Object, java.lang.Object, java.lang.Object, java.lang.Object, java.lang.Object, java.lang.Object)'> (0x000000060d20e9d8) 
thrown [s\src\hotspot\share\interpreter\linkResolver.cpp, line 759]
Event: 5.094 Thread 0x00000269f72473d0 Exception <a 'java/lang/NoSuchMethodError'{0x000000060d2286b8}: 'java.lang.Object java.lang.invoke.DirectMethodHandle$Holder.invokeSpecial(java.lang.Object, java.lang.Object, java.lang.Object, java.lang.Object, java.lang.Object, java.lang.Object, java.lang.Object, java.lang.Object, java.lang.Object, java.lang.Object, java.lang.Object, java.lang.Object, java.lang.Object, java.lang.Object, java.lang.Object)'> (0x000000060d2286b8) 
thrown [s\src\hotspot\share\interpreter\linkResolver.cpp, line 759]
Event: 5.094 Thread 0x00000269f72473d0 Exception <a 'java/lang/NoSuchMethodError'{0x000000060d22dc00}: 'java.lang.Object java.lang.invoke.Invokers$Holder.linkToTargetMethod(java.lang.Object, java.lang.Object, java.lang.Object, java.lang.Object, java.lang.Object, java.lang.Object, java.lang.Object, java.lang.Object, java.lang.Object, java.lang.Object, java.lang.Object, java.lang.Object, java.lang.Object, java.lang.Object)'> (0x000000060d22dc00) 
thrown [s\src\hotspot\share\interpreter\linkResolver.cpp, line 759]
Event: 5.657 Thread 0x00000269f72473d0 Implicit null exception at 0x0000026993260a04 to 0x00000269932611bc
Event: 6.141 Thread 0x00000269f72473d0 Implicit null exception at 0x000002699328cf7b to 0x000002699328d1dc
Event: 7.261 Thread 0x00000269f72473d0 Exception <a 'java/lang/NoSuchMethodError'{0x0000000615539470}: 'void java.lang.invoke.DirectMethodHandle$Holder.invokeSpecial(java.lang.Object, java.lang.Object, java.lang.Object, java.lang.Object, java.lang.Object)'> (0x0000000615539470) 
thrown [s\src\hotspot\share\interpreter\linkResolver.cpp, line 759]
Event: 7.385 Thread 0x00000269f72473d0 Exception <a 'java/lang/ArrayIndexOutOfBoundsException'{0x00000006146dfbb8}: Index 0 out of bounds for length 0> (0x00000006146dfbb8) 
thrown [s\src\hotspot\share\interpreter\interpreterRuntime.cpp, line 428]

VM Operations (20 events):
Event: 6.559 Executing VM operation: ICBufferFull
Event: 6.559 Executing VM operation: ICBufferFull done
Event: 6.701 Executing VM operation: G1CollectForAllocation
Event: 6.715 Executing VM operation: G1CollectForAllocation done
Event: 7.102 Executing VM operation: G1CollectForAllocation
Event: 7.119 Executing VM operation: G1CollectForAllocation done
Event: 7.261 Executing VM operation: HandshakeAllThreads
Event: 7.261 Executing VM operation: HandshakeAllThreads done
Event: 7.293 Executing VM operation: ICBufferFull
Event: 7.293 Executing VM operation: ICBufferFull done
Event: 7.390 Executing VM operation: ICBufferFull
Event: 7.390 Executing VM operation: ICBufferFull done
Event: 7.494 Executing VM operation: ICBufferFull
Event: 7.495 Executing VM operation: ICBufferFull done
Event: 7.521 Executing VM operation: G1CollectForAllocation
Event: 7.535 Executing VM operation: G1CollectForAllocation done
Event: 7.756 Executing VM operation: HandshakeAllThreads
Event: 7.756 Executing VM operation: HandshakeAllThreads done
Event: 7.845 Executing VM operation: ICBufferFull
Event: 7.846 Executing VM operation: ICBufferFull done

Memory protections (0 events):
No events

Nmethod flushes (20 events):
Event: 6.557 Thread 0x00000269ade4e410 flushing  nmethod 0x000002698beaaa10
Event: 6.557 Thread 0x00000269ade4e410 flushing  nmethod 0x000002698beaaf90
Event: 6.557 Thread 0x00000269ade4e410 flushing  nmethod 0x000002698beac090
Event: 6.557 Thread 0x00000269ade4e410 flushing  nmethod 0x000002698beacd90
Event: 6.557 Thread 0x00000269ade4e410 flushing  nmethod 0x000002698beb4310
Event: 6.557 Thread 0x00000269ade4e410 flushing  nmethod 0x000002698beb5d10
Event: 6.557 Thread 0x00000269ade4e410 flushing  nmethod 0x000002698bebb990
Event: 6.557 Thread 0x00000269ade4e410 flushing  nmethod 0x000002698becfa10
Event: 6.557 Thread 0x00000269ade4e410 flushing  nmethod 0x000002698bedae10
Event: 6.557 Thread 0x00000269ade4e410 flushing  nmethod 0x000002698bf08790
Event: 6.557 Thread 0x00000269ade4e410 flushing  nmethod 0x000002698bf13f10
Event: 6.557 Thread 0x00000269ade4e410 flushing  nmethod 0x000002698bf24090
Event: 6.557 Thread 0x00000269ade4e410 flushing  nmethod 0x000002698bf51390
Event: 6.558 Thread 0x00000269ade4e410 flushing  nmethod 0x000002698bfcb810
Event: 6.558 Thread 0x00000269ade4e410 flushing  nmethod 0x000002698bfcc410
Event: 6.558 Thread 0x00000269ade4e410 flushing  nmethod 0x000002698bfccb90
Event: 6.558 Thread 0x00000269ade4e410 flushing  nmethod 0x000002698bfcfa10
Event: 6.558 Thread 0x00000269ade4e410 flushing  nmethod 0x000002698bfd7d90
Event: 6.558 Thread 0x00000269ade4e410 flushing  nmethod 0x000002698bffc010
Event: 6.558 Thread 0x00000269ade4e410 flushing  nmethod 0x000002698bfff190

Events (20 events):
Event: 1.477 Thread 0x00000269f73b5ac0 Thread added: 0x00000269f7183060
Event: 1.543 Thread 0x00000269f222f910 Thread added: 0x00000269f7a07210
Event: 2.584 Thread 0x00000269f7183060 Thread added: 0x00000269f7c475b0
Event: 2.589 Thread 0x00000269f7183060 Thread added: 0x00000269f72473d0
Event: 2.989 Thread 0x00000269f7a07210 Thread exited: 0x00000269f7a07210
Event: 2.989 Thread 0x00000269f222f910 Thread exited: 0x00000269f222f910
Event: 3.078 Thread 0x00000269f7c475b0 Thread added: 0x00000269f27aa6a0
Event: 3.088 Thread 0x00000269ade4ae90 Thread added: 0x00000269f222f860
Event: 4.055 Thread 0x00000269f2368630 Thread exited: 0x00000269f2368630
Event: 4.055 Thread 0x00000269f21de520 Thread exited: 0x00000269f21de520
Event: 4.055 Thread 0x00000269f222f860 Thread exited: 0x00000269f222f860
Event: 4.071 Thread 0x00000269f219d960 Thread exited: 0x00000269f219d960
Event: 4.433 Thread 0x00000269ade49870 Thread added: 0x00000269f219d960
Event: 4.583 Thread 0x00000269f219d960 Thread exited: 0x00000269f219d960
Event: 4.584 Thread 0x00000269ade4ae90 Thread added: 0x00000269f219d960
Event: 4.584 Thread 0x00000269ade49870 Thread added: 0x00000269f21de520
Event: 4.830 Thread 0x00000269ade4ae90 Thread added: 0x00000269f9040100
Event: 4.830 Thread 0x00000269ade4ae90 Thread added: 0x00000269f7e42070
Event: 4.844 Thread 0x00000269ade49870 Thread added: 0x00000269f8442510
Event: 5.583 Thread 0x00000269f21de520 Thread added: 0x00000269f707cb60


Dynamic libraries:
0x00007ff7e9e00000 - 0x00007ff7e9e0e000 	C:\Program Files\Microsoft\jdk-17.0.20.8-hotspot\bin\java.exe
0x00007ff8e0ec0000 - 0x00007ff8e1127000 	C:\WINDOWS\SYSTEM32\ntdll.dll
0x00007ff8dfa60000 - 0x00007ff8dfb2b000 	C:\WINDOWS\System32\KERNEL32.DLL
0x00007ff8de720000 - 0x00007ff8deb22000 	C:\WINDOWS\System32\KERNELBASE.dll
0x00007ff8de440000 - 0x00007ff8de58c000 	C:\WINDOWS\System32\ucrtbase.dll
0x00007ff8b4c10000 - 0x00007ff8b4c28000 	C:\Program Files\Microsoft\jdk-17.0.20.8-hotspot\bin\jli.dll
0x00007ff8b4bc0000 - 0x00007ff8b4bde000 	C:\Program Files\Microsoft\jdk-17.0.20.8-hotspot\bin\VCRUNTIME140.dll
0x00007ff8df880000 - 0x00007ff8dfa4f000 	C:\WINDOWS\System32\USER32.dll
0x00007ff8de380000 - 0x00007ff8de3a7000 	C:\WINDOWS\System32\win32u.dll
0x00007ff8b2700000 - 0x00007ff8b2990000 	C:\WINDOWS\WinSxS\amd64_microsoft.windows.common-controls_6595b64144ccf1df_6.0.26100.9278_none_3e0d1ba8e3303201\COMCTL32.dll
0x00007ff8e0660000 - 0x00007ff8e068b000 	C:\WINDOWS\System32\GDI32.dll
0x00007ff8de250000 - 0x00007ff8de379000 	C:\WINDOWS\System32\gdi32full.dll
0x00007ff8e0b20000 - 0x00007ff8e0bc9000 	C:\WINDOWS\System32\msvcrt.dll
0x00007ff8deb30000 - 0x00007ff8debd3000 	C:\WINDOWS\System32\msvcp_win.dll
0x00007ff8e0600000 - 0x00007ff8e0631000 	C:\WINDOWS\System32\IMM32.DLL
0x00007ff8b69e0000 - 0x00007ff8b69ec000 	C:\Program Files\Microsoft\jdk-17.0.20.8-hotspot\bin\vcruntime140_1.dll
0x00007ff87d430000 - 0x00007ff87d4b9000 	C:\Program Files\Microsoft\jdk-17.0.20.8-hotspot\bin\msvcp140.dll
0x00007ff8264a0000 - 0x00007ff82711b000 	C:\Program Files\Microsoft\jdk-17.0.20.8-hotspot\bin\server\jvm.dll
0x00007ff8deeb0000 - 0x00007ff8def6c000 	C:\WINDOWS\System32\ADVAPI32.dll
0x00007ff8df7d0000 - 0x00007ff8df879000 	C:\WINDOWS\System32\sechost.dll
0x00007ff8e0bd0000 - 0x00007ff8e0ce8000 	C:\WINDOWS\System32\RPCRT4.dll
0x00007ff8dfb30000 - 0x00007ff8dfbb0000 	C:\WINDOWS\System32\WS2_32.dll
0x00007ff8cd450000 - 0x00007ff8cd486000 	C:\WINDOWS\SYSTEM32\WINMM.dll
0x00007ff8ddf20000 - 0x00007ff8ddf7e000 	C:\WINDOWS\SYSTEM32\POWRPROF.dll
0x00007ff8d7810000 - 0x00007ff8d781b000 	C:\WINDOWS\SYSTEM32\VERSION.dll
0x00007ff8ddf00000 - 0x00007ff8ddf15000 	C:\WINDOWS\SYSTEM32\UMPDC.dll
0x00007ff8dcd90000 - 0x00007ff8dcdab000 	C:\WINDOWS\SYSTEM32\kernel.appcore.dll
0x00007ff8b6940000 - 0x00007ff8b694a000 	C:\Program Files\Microsoft\jdk-17.0.20.8-hotspot\bin\jimage.dll
0x00007ff8ce330000 - 0x00007ff8ce57c000 	C:\WINDOWS\SYSTEM32\DBGHELP.DLL
0x00007ff8e0690000 - 0x00007ff8e0a15000 	C:\WINDOWS\System32\combase.dll
0x00007ff8dedd0000 - 0x00007ff8deea9000 	C:\WINDOWS\System32\OLEAUT32.dll
0x00007ff8ce270000 - 0x00007ff8ce2ab000 	C:\WINDOWS\SYSTEM32\dbgcore.DLL
0x00007ff8de660000 - 0x00007ff8de70c000 	C:\WINDOWS\System32\bcryptPrimitives.dll
0x00007ff8aa6f0000 - 0x00007ff8aa716000 	C:\Program Files\Microsoft\jdk-17.0.20.8-hotspot\bin\java.dll
0x00007ff8779d0000 - 0x00007ff877aa6000 	C:\Program Files\Microsoft\jdk-17.0.20.8-hotspot\bin\jsvml.dll
0x00007ff8dfe60000 - 0x00007ff8e05f8000 	C:\WINDOWS\System32\SHELL32.dll
0x00007ff8dbb60000 - 0x00007ff8dc40e000 	C:\WINDOWS\SYSTEM32\windows.storage.dll
0x00007ff8df600000 - 0x00007ff8df6fb000 	C:\WINDOWS\System32\SHCORE.dll
0x00007ff8df710000 - 0x00007ff8df776000 	C:\WINDOWS\System32\shlwapi.dll
0x00007ff8ddfe0000 - 0x00007ff8de009000 	C:\WINDOWS\SYSTEM32\profapi.dll
0x00007ff8aa5a0000 - 0x00007ff8aa5bb000 	C:\Program Files\Microsoft\jdk-17.0.20.8-hotspot\bin\net.dll
0x00007ff8d6700000 - 0x00007ff8d682a000 	C:\WINDOWS\SYSTEM32\WINHTTP.dll
0x00007ff8dd350000 - 0x00007ff8dd3bc000 	C:\WINDOWS\system32\mswsock.dll
0x00007ff8aa540000 - 0x00007ff8aa556000 	C:\Program Files\Microsoft\jdk-17.0.20.8-hotspot\bin\nio.dll
0x00007ff8a8e60000 - 0x00007ff8a8e78000 	C:\Program Files\Microsoft\jdk-17.0.20.8-hotspot\bin\zip.dll
0x00007ff8c3790000 - 0x00007ff8c37a0000 	C:\Program Files\Microsoft\jdk-17.0.20.8-hotspot\bin\verify.dll

dbghelp: loaded successfully - version: 4.0.5 - missing functions: none
symbol engine: initialized successfully - sym options: 0x614 - pdb path: .;C:\Program Files\Microsoft\jdk-17.0.20.8-hotspot\bin;C:\WINDOWS\SYSTEM32;C:\WINDOWS\WinSxS\amd64_microsoft.windows.common-controls_6595b64144ccf1df_6.0.26100.9278_none_3e0d1ba8e3303201;C:\Program Files\Microsoft\jdk-17.0.20.8-hotspot\bin\server

VM Arguments:
jvm_args: -Ddebug.internal.errors=true -Ddebug.semantic.errors=false -Ddebug.completion.statistics=false -Dlwc.typegeneration.disabled=true 
java_command: apex.jorje.lsp.ApexLanguageServerLauncher
java_class_path (initial): c:\Users\rafal\.vscode\extensions\salesforce.salesforcedx-vscode-apex-67.18.2\dist\apex-jorje-lsp.jar
Launcher Type: SUN_STANDARD

[Global flags]
     intx CICompilerCount                          = 12                                        {product} {ergonomic}
     uint ConcGCThreads                            = 3                                         {product} {ergonomic}
     uint G1ConcRefinementThreads                  = 13                                        {product} {ergonomic}
   size_t G1HeapRegionSize                         = 4194304                                   {product} {ergonomic}
    uintx GCDrainStackTargetSize                   = 64                                        {product} {ergonomic}
   size_t InitialHeapSize                          = 536870912                                 {product} {ergonomic}
   size_t MarkStackSize                            = 4194304                                   {product} {ergonomic}
   size_t MaxHeapSize                              = 8573157376                                {product} {ergonomic}
   size_t MaxNewSize                               = 5142216704                                {product} {ergonomic}
   size_t MinHeapDeltaBytes                        = 4194304                                   {product} {ergonomic}
   size_t MinHeapSize                              = 8388608                                   {product} {ergonomic}
    uintx NonNMethodCodeHeapSize                   = 7602480                                {pd product} {ergonomic}
    uintx NonProfiledCodeHeapSize                  = 122027880                              {pd product} {ergonomic}
    uintx ProfiledCodeHeapSize                     = 122027880                              {pd product} {ergonomic}
    uintx ReservedCodeCacheSize                    = 251658240                              {pd product} {ergonomic}
     bool SegmentedCodeCache                       = true                                      {product} {ergonomic}
   size_t SoftMaxHeapSize                          = 8573157376                             {manageable} {ergonomic}
     bool UseCompressedClassPointers               = true                           {product lp64_product} {ergonomic}
     bool UseCompressedOops                        = true                           {product lp64_product} {ergonomic}
     bool UseG1GC                                  = true                                      {product} {ergonomic}
     bool UseLargePagesIndividualAllocation        = false                                  {pd product} {ergonomic}

Logging:
Log output configuration:
 #0: stdout all=warning uptime,level,tags
 #1: stderr all=off uptime,level,tags

Environment Variables:
JAVA_HOME=C:\Program Files\Microsoft\jdk-17.0.20.8-hotspot
PATH=C:\Program Files\Microsoft\jdk-17.0.20.8-hotspot\bin;C:\WINDOWS\system32;C:\WINDOWS;C:\WINDOWS\System32\Wbem;C:\WINDOWS\System32\WindowsPowerShell\v1.0\;C:\WINDOWS\System32\OpenSSH\;C:\Program Files\NVIDIA Corporation\NVIDIA App\NvDLISR;C:\Program Files (x86)\NVIDIA Corporation\PhysX\Common;C:\Program Files\nodejs\;C:\Program Files\Git\cmd;C:\Users\rafal\AppData\Local\Programs\Python\Python314\Scripts\;C:\Users\rafal\AppData\Local\Programs\Python\Python314\;C:\Users\rafal\AppData\Local\Programs\Python\Launcher\;C:\Users\rafal\AppData\Local\Microsoft\WindowsApps;C:\Users\rafal\AppData\Roaming\npm;C:\Users\rafal\AppData\Local\Programs\Microsoft VS Code\bin;C:\Program Files\JetBrains\PyCharm 2026.2.2\bin
USERNAME=rafal
OS=Windows_NT
PROCESSOR_IDENTIFIER=AMD64 Family 25 Model 33 Stepping 2, AuthenticAMD
TMP=C:\Users\rafal\AppData\Local\Temp
TEMP=C:\Users\rafal\AppData\Local\Temp



Periodic native trim disabled


---------------  S Y S T E M  ---------------

OS:
 Windows 11 , 64 bit Build 26100 (10.0.26100.9444)
OS uptime: 2 days 11:06 hours

CPU: total 16 (initial active 16) (16 cores per cpu, 2 threads per core) family 25 model 33 stepping 2 microcode 0xa201210, cx8, cmov, fxsr, ht, mmx, 3dnowpref, sse, sse2, sse3, ssse3, sse4a, sse4.1, sse4.2, popcnt, lzcnt, tsc, tscinvbit, avx, avx2, aes, erms, clmul, bmi1, bmi2, adx, sha, fma, vzeroupper, clflush, clflushopt
Processor Information for the first 16 processors :
  Max Mhz: 3401, Current Mhz: 3401, Mhz Limit: 3401

Memory: 4k page, system-wide physical 32690M (358M free)
TotalPageFile size 67180M (AvailPageFile size 5M)
current process WorkingSet (physical memory assigned to process): 681M, peak: 681M
current process commit charge ("private bytes"): 1009M, peak: 1010M

vm_info: OpenJDK 64-Bit Server VM (17.0.20+8-LTS) for windows-amd64 JRE (17.0.20+8-LTS), built on Jul 14 2026 18:14:29 by "MicrosoftCorporation" with MS VC++ 17.14 (VS2022)

END.
