#
# There is insufficient memory for the Java Runtime Environment to continue.
# Native memory allocation (malloc) failed to allocate 719936 bytes. Error detail: Chunk::new
# Possible reasons:
#   The system is out of physical RAM or swap space
#   This process is running with CompressedOops enabled, and the Java Heap may be blocking the growth of the native heap
# Possible solutions:
#   Reduce memory load on the system
#   Increase physical memory or swap space
#   Check if swap backing store is full
#   Decrease Java heap size (-Xmx/-Xms)
#   Decrease number of Java threads
#   Decrease Java thread stack sizes (-Xss)
#   Set larger code cache with -XX:ReservedCodeCacheSize=
#   JVM is running with Zero Based Compressed Oops mode in which the Java heap is
#     placed in the first 32GB address space. The Java Heap base address is the
#     maximum limit for the native heap growth. Please use -XX:HeapBaseMinAddress
#     to set the Java Heap base and to place the Java Heap above 32GB virtual address.
# This output file may be truncated or incomplete.
#
#  Out of Memory Error (arena.cpp:191), pid=46532, tid=13856
#
# JRE version: OpenJDK Runtime Environment Microsoft-14653939 (17.0.20+8) (build 17.0.20+8-LTS)
# Java VM: OpenJDK 64-Bit Server VM Microsoft-14653939 (17.0.20+8-LTS, mixed mode, sharing, tiered, compressed oops, compressed class ptrs, g1 gc, windows-amd64)
# No core dump will be written. Minidumps are not enabled by default on client versions of Windows
#

---------------  S U M M A R Y ------------

Command Line: -Ddebug.internal.errors=true -Ddebug.semantic.errors=false -Ddebug.completion.statistics=false -Dlwc.typegeneration.disabled=true apex.jorje.lsp.ApexLanguageServerLauncher

Host: AMD Ryzen 7 5700X 8-Core Processor             , 16 cores, 31G,  Windows 11 , 64 bit Build 26100 (10.0.26100.9444)
Time: Mon Sep 21 15:26:30 2026 Hora Padrão da Bahia elapsed time: 7.976548 seconds (0d 0h 0m 7s)

---------------  T H R E A D  ---------------

Current thread (0x00000141293c89d0):  JavaThread "C2 CompilerThread1" daemon [_thread_in_native, id=13856, stack(0x0000000871700000,0x0000000871800000)]


Current CompileTask:
C2:7976 6451   !   4       apex.jorje.semantic.ast.compilation.UserClass::traverse (221 bytes)

Stack: [0x0000000871700000,0x0000000871800000]
Native frames: (J=compiled Java code, j=interpreted, Vv=VM code, C=native code)
V  [jvm.dll+0x68d159]  (no source info available)
V  [jvm.dll+0x8462c9]  (no source info available)
V  [jvm.dll+0x84803b]  (no source info available)
V  [jvm.dll+0x8486c3]  (no source info available)
V  [jvm.dll+0x24d12f]  (no source info available)
V  [jvm.dll+0xaed56]  (no source info available)
V  [jvm.dll+0xaf3fc]  (no source info available)
V  [jvm.dll+0x2b4d4f]  (no source info available)
V  [jvm.dll+0x594c24]  (no source info available)
V  [jvm.dll+0x226f44]  (no source info available)
V  [jvm.dll+0x22734d]  (no source info available)
V  [jvm.dll+0x2202a3]  (no source info available)
V  [jvm.dll+0x21d375]  (no source info available)
V  [jvm.dll+0x1a8db6]  (no source info available)
V  [jvm.dll+0x22dcdb]  (no source info available)
V  [jvm.dll+0x22be66]  (no source info available)
V  [jvm.dll+0x7fc40b]  (no source info available)
V  [jvm.dll+0x7f67dc]  (no source info available)
V  [jvm.dll+0x68e6f7]  (no source info available)
C  [ucrtbase.dll+0x2cd30]  (no source info available)
C  [KERNEL32.DLL+0x2cd87]  (no source info available)
C  [ntdll.dll+0xacaec]  (no source info available)


---------------  P R O C E S S  ---------------

Threads class SMR info:
_java_thread_list=0x000001412a83df60, length=21, elements={
0x00000140b346e5b0, 0x00000140dfdf6120, 0x00000140dfdfa000, 0x00000140dfe131c0,
0x00000140dfe13be0, 0x00000140dfe136d0, 0x00000140dfe12290, 0x00000140dfe185d0,
0x00000140dfe1ce60, 0x00000140dfe2b580, 0x00000140dfe11870, 0x00000140dfe11d80,
0x00000140dfe14600, 0x0000014128da6f20, 0x0000014128da50c0, 0x0000014128da5ff0,
0x0000014128da8870, 0x0000014128cca720, 0x00000141293c89d0, 0x0000014128057e90,
0x0000014128f5e220
}

Java Threads: ( => current thread )
  0x00000140b346e5b0 JavaThread "main" [_thread_blocked, id=58832, stack(0x000000086fd00000,0x000000086fe00000)]
  0x00000140dfdf6120 JavaThread "Reference Handler" daemon [_thread_blocked, id=51504, stack(0x0000000870400000,0x0000000870500000)]
  0x00000140dfdfa000 JavaThread "Finalizer" daemon [_thread_blocked, id=37948, stack(0x0000000870500000,0x0000000870600000)]
  0x00000140dfe131c0 JavaThread "Signal Dispatcher" daemon [_thread_blocked, id=11184, stack(0x0000000870600000,0x0000000870700000)]
  0x00000140dfe13be0 JavaThread "Attach Listener" daemon [_thread_blocked, id=43144, stack(0x0000000870700000,0x0000000870800000)]
  0x00000140dfe136d0 JavaThread "Service Thread" daemon [_thread_blocked, id=58212, stack(0x0000000870800000,0x0000000870900000)]
  0x00000140dfe12290 JavaThread "Monitor Deflation Thread" daemon [_thread_blocked, id=47620, stack(0x0000000870900000,0x0000000870a00000)]
  0x00000140dfe185d0 JavaThread "C2 CompilerThread0" daemon [_thread_in_native, id=38868, stack(0x0000000870a00000,0x0000000870b00000)]
  0x00000140dfe1ce60 JavaThread "C1 CompilerThread0" daemon [_thread_blocked, id=34828, stack(0x0000000870b00000,0x0000000870c00000)]
  0x00000140dfe2b580 JavaThread "Sweeper thread" daemon [_thread_blocked, id=51208, stack(0x0000000870c00000,0x0000000870d00000)]
  0x00000140dfe11870 JavaThread "Notification Thread" daemon [_thread_blocked, id=46620, stack(0x0000000870f00000,0x0000000871000000)]
  0x00000140dfe11d80 JavaThread "Common-Cleaner" daemon [_thread_blocked, id=55964, stack(0x0000000871100000,0x0000000871200000)]
  0x00000140dfe14600 JavaThread "pool-1-thread-1" [_thread_blocked, id=56616, stack(0x0000000871300000,0x0000000871400000)]
  0x0000014128da6f20 JavaThread "Apex Prelude Service STARTING" [_thread_blocked, id=22144, stack(0x0000000871500000,0x0000000871600000)]
  0x0000014128da50c0 JavaThread "ForkJoinPool.commonPool-worker-1" daemon [_thread_blocked, id=16880, stack(0x0000000872900000,0x0000000872a00000)]
  0x0000014128da5ff0 JavaThread "ApexIndexer STARTING" [_thread_in_Java, id=17012, stack(0x0000000872a00000,0x0000000872b00000)]
  0x0000014128da8870 JavaThread "ForkJoinPool.commonPool-worker-2" daemon [_thread_blocked, id=9016, stack(0x0000000871200000,0x0000000871300000)]
  0x0000014128cca720 JavaThread "C1 CompilerThread1" daemon [_thread_blocked, id=9044, stack(0x0000000870d00000,0x0000000870e00000)]
=>0x00000141293c89d0 JavaThread "C2 CompilerThread1" daemon [_thread_in_native, id=13856, stack(0x0000000871700000,0x0000000871800000)]
  0x0000014128057e90 JavaThread "C1 CompilerThread2" daemon [_thread_blocked, id=21516, stack(0x0000000872b00000,0x0000000872c00000)]
  0x0000014128f5e220 JavaThread "C1 CompilerThread3" daemon [_thread_blocked, id=43040, stack(0x0000000872d00000,0x0000000872e00000)]

Other Threads:
  0x00000140dfdf18d0 VMThread "VM Thread" [stack: 0x0000000870300000,0x0000000870400000] [id=18364]
  0x00000140e2dd8970 WatcherThread [stack: 0x0000000871000000,0x0000000871100000] [id=57372]
  0x00000140b594a1b0 GCTaskThread "GC Thread#0" [stack: 0x000000086fe00000,0x000000086ff00000] [id=11848]
  0x00000140e2e954f0 GCTaskThread "GC Thread#1" [stack: 0x0000000871900000,0x0000000871a00000] [id=14712]
  0x00000141287074f0 GCTaskThread "GC Thread#2" [stack: 0x0000000871a00000,0x0000000871b00000] [id=28416]
  0x0000014128244630 GCTaskThread "GC Thread#3" [stack: 0x0000000871b00000,0x0000000871c00000] [id=56416]
  0x0000014128242fb0 GCTaskThread "GC Thread#4" [stack: 0x0000000871c00000,0x0000000871d00000] [id=56892]
  0x0000014128244900 GCTaskThread "GC Thread#5" [stack: 0x0000000871d00000,0x0000000871e00000] [id=34488]
  0x0000014128243820 GCTaskThread "GC Thread#6" [stack: 0x0000000871e00000,0x0000000871f00000] [id=29496]
  0x0000014128244090 GCTaskThread "GC Thread#7" [stack: 0x0000000871f00000,0x0000000872000000] [id=39852]
  0x0000014128244360 GCTaskThread "GC Thread#8" [stack: 0x0000000872000000,0x0000000872100000] [id=27408]
  0x0000014128244bd0 GCTaskThread "GC Thread#9" [stack: 0x0000000872100000,0x0000000872200000] [id=35868]
  0x0000014128243280 GCTaskThread "GC Thread#10" [stack: 0x0000000872200000,0x0000000872300000] [id=13396]
  0x0000014128243dc0 GCTaskThread "GC Thread#11" [stack: 0x0000000872300000,0x0000000872400000] [id=48716]
  0x0000014128117c40 GCTaskThread "GC Thread#12" [stack: 0x0000000871800000,0x0000000871900000] [id=16824]
  0x00000140dfc3c280 ConcurrentGCThread "G1 Main Marker" [stack: 0x000000086ff00000,0x0000000870000000] [id=57544]
  0x00000140dfc3d880 ConcurrentGCThread "G1 Conc#0" [stack: 0x0000000870000000,0x0000000870100000] [id=47052]
  0x00000141281181e0 ConcurrentGCThread "G1 Conc#1" [stack: 0x0000000870e00000,0x0000000870f00000] [id=57900]
  0x0000014128118d20 ConcurrentGCThread "G1 Conc#2" [stack: 0x0000000871600000,0x0000000871700000] [id=53272]
  0x00000140dfd28d30 ConcurrentGCThread "G1 Refine#0" [stack: 0x0000000870100000,0x0000000870200000] [id=45788]
  0x00000141283db310 ConcurrentGCThread "G1 Refine#1" [stack: 0x0000000872400000,0x0000000872500000] [id=15496]
  0x0000014128bea5d0 ConcurrentGCThread "G1 Refine#2" [stack: 0x0000000871400000,0x0000000871500000] [id=15816]
  0x0000014128de69f0 ConcurrentGCThread "G1 Refine#3" [stack: 0x0000000872500000,0x0000000872600000] [id=16828]
  0x00000141294cdca0 ConcurrentGCThread "G1 Refine#4" [stack: 0x0000000872600000,0x0000000872700000] [id=16832]
  0x00000141294ae1a0 ConcurrentGCThread "G1 Refine#5" [stack: 0x0000000872700000,0x0000000872800000] [id=16836]
  0x00000141294ae4a0 ConcurrentGCThread "G1 Refine#6" [stack: 0x0000000872800000,0x0000000872900000] [id=16840]
  0x000001412977c6c0 ConcurrentGCThread "G1 Refine#7" [stack: 0x0000000872c00000,0x0000000872d00000] [id=25016]
  0x0000014128a76850 ConcurrentGCThread "G1 Refine#8" [stack: 0x0000000872e00000,0x0000000872f00000] [id=16936]
  0x00000140dfd29610 ConcurrentGCThread "G1 Service" [stack: 0x0000000870200000,0x0000000870300000] [id=49396]

Threads with active compile tasks:
C2 CompilerThread0  8012 6671       4       org.eclipse.jdt.internal.core.nd.RawGrowableArray::size (93 bytes)
C2 CompilerThread1  8012 6451   !   4       apex.jorje.semantic.ast.compilation.UserClass::traverse (221 bytes)
C1 CompilerThread3  8012 6675       2       apex.jorje.semantic.symbol.member.method.signature.SignatureUtil::createStringRepresentation (53 bytes)

VM state: not at safepoint (normal execution)

VM Mutex/Monitor currently owned by a thread: None

Heap address: 0x0000000601000000, size: 8176 MB, Compressed Oops mode: Zero based, Oop shift amount: 3

CDS archive(s) mapped at: [0x00000140e3000000-0x00000140e3bb0000-0x00000140e3bb0000), size 12255232, SharedBaseAddress: 0x00000140e3000000, ArchiveRelocationMode: 1.
Compressed class space mapped at: 0x00000140e4000000-0x0000014124000000, reserved size: 1073741824
Narrow klass base: 0x00000140e3000000, Narrow klass shift: 0, Narrow klass range: 0x100000000

GC Precious Log:
 CPUs: 16 total, 16 available
 Memory: 32690M
 Large Page Support: Disabled
 NUMA Support: Disabled
 Compressed Oops: Enabled (Zero based)
 Heap Region Size: 4M
 Heap Min Capacity: 8M
 Heap Initial Capacity: 512M
 Heap Max Capacity: 8176M
 Pre-touch: Disabled
 Parallel Workers: 13
 Concurrent Workers: 3
 Concurrent Refinement Workers: 13
 Periodic GC: Disabled

Heap:
 garbage-first heap   total 724992K, used 244119K [0x0000000601000000, 0x0000000800000000)
  region size 4096K, 29 young (118784K), 4 survivors (16384K)
 Metaspace       used 25455K, committed 25856K, reserved 1114112K
  class space    used 3152K, committed 3328K, reserved 1048576K

Heap Regions: E=young(eden), S=young(survivor), O=old, HS=humongous(starts), HC=humongous(continues), CS=collection set, F=free, OA=open archive, CA=closed archive, TAMS=top-at-mark-start (previous, next)
|   0|0x0000000601000000, 0x0000000601400000, 0x0000000601400000|100%| O|  |TAMS 0x0000000601400000, 0x0000000601000000| Untracked 
|   1|0x0000000601400000, 0x0000000601800000, 0x0000000601800000|100%| O|  |TAMS 0x0000000601800000, 0x0000000601400000| Untracked 
|   2|0x0000000601800000, 0x0000000601c00000, 0x0000000601c00000|100%| O|  |TAMS 0x0000000601c00000, 0x0000000601800000| Untracked 
|   3|0x0000000601c00000, 0x0000000602000000, 0x0000000602000000|100%| O|  |TAMS 0x0000000602000000, 0x0000000601c00000| Untracked 
|   4|0x0000000602000000, 0x0000000602400000, 0x0000000602400000|100%| O|  |TAMS 0x0000000602400000, 0x0000000602000000| Untracked 
|   5|0x0000000602400000, 0x0000000602800000, 0x0000000602800000|100%| O|  |TAMS 0x0000000602800000, 0x0000000602400000| Untracked 
|   6|0x0000000602800000, 0x0000000602c00000, 0x0000000602c00000|100%| O|  |TAMS 0x0000000602800000, 0x0000000602800000| Untracked 
|   7|0x0000000602c00000, 0x0000000603000000, 0x0000000603000000|100%| O|  |TAMS 0x0000000602f9de00, 0x0000000602c00000| Untracked 
|   8|0x0000000603000000, 0x0000000603400000, 0x0000000603400000|100%| O|  |TAMS 0x0000000603000000, 0x0000000603000000| Untracked 
|   9|0x0000000603400000, 0x0000000603800000, 0x0000000603800000|100%| O|  |TAMS 0x0000000603400000, 0x0000000603400000| Untracked 
|  10|0x0000000603800000, 0x0000000603c00000, 0x0000000603c00000|100%| O|  |TAMS 0x0000000603800000, 0x0000000603800000| Untracked 
|  11|0x0000000603c00000, 0x0000000604000000, 0x0000000604000000|100%| O|  |TAMS 0x0000000603c00000, 0x0000000603c00000| Untracked 
|  12|0x0000000604000000, 0x0000000604400000, 0x0000000604400000|100%| O|  |TAMS 0x0000000604000000, 0x0000000604000000| Untracked 
|  13|0x0000000604400000, 0x0000000604800000, 0x0000000604800000|100%| O|  |TAMS 0x0000000604400000, 0x0000000604400000| Untracked 
|  14|0x0000000604800000, 0x0000000604c00000, 0x0000000604c00000|100%| O|  |TAMS 0x0000000604800000, 0x0000000604800000| Untracked 
|  15|0x0000000604c00000, 0x0000000605000000, 0x0000000605000000|100%| O|  |TAMS 0x0000000604c00000, 0x0000000604c00000| Untracked 
|  16|0x0000000605000000, 0x0000000605400000, 0x0000000605400000|100%| O|  |TAMS 0x0000000605000000, 0x0000000605000000| Untracked 
|  17|0x0000000605400000, 0x0000000605800000, 0x0000000605800000|100%| O|  |TAMS 0x0000000605400000, 0x0000000605400000| Untracked 
|  18|0x0000000605800000, 0x0000000605c00000, 0x0000000605c00000|100%| O|  |TAMS 0x0000000605800000, 0x0000000605800000| Untracked 
|  19|0x0000000605c00000, 0x0000000606000000, 0x0000000606000000|100%| O|  |TAMS 0x0000000605c00000, 0x0000000605c00000| Untracked 
|  20|0x0000000606000000, 0x0000000606265c00, 0x0000000606400000| 59%| O|  |TAMS 0x0000000606000000, 0x0000000606000000| Untracked 
|  21|0x0000000606400000, 0x0000000606400000, 0x0000000606800000|  0%| F|  |TAMS 0x0000000606400000, 0x0000000606400000| Untracked 
|  22|0x0000000606800000, 0x0000000606800000, 0x0000000606c00000|  0%| F|  |TAMS 0x0000000606800000, 0x0000000606800000| Untracked 
|  23|0x0000000606c00000, 0x0000000606c00000, 0x0000000607000000|  0%| F|  |TAMS 0x0000000606c00000, 0x0000000606c00000| Untracked 
|  24|0x0000000607000000, 0x0000000607000000, 0x0000000607400000|  0%| F|  |TAMS 0x0000000607000000, 0x0000000607000000| Untracked 
|  25|0x0000000607400000, 0x0000000607400000, 0x0000000607800000|  0%| F|  |TAMS 0x0000000607400000, 0x0000000607400000| Untracked 
|  26|0x0000000607800000, 0x0000000607800000, 0x0000000607c00000|  0%| F|  |TAMS 0x0000000607800000, 0x0000000607800000| Untracked 
|  27|0x0000000607c00000, 0x0000000607c00000, 0x0000000608000000|  0%| F|  |TAMS 0x0000000607c00000, 0x0000000607c00000| Untracked 
|  28|0x0000000608000000, 0x0000000608000000, 0x0000000608400000|  0%| F|  |TAMS 0x0000000608000000, 0x0000000608000000| Untracked 
|  29|0x0000000608400000, 0x0000000608400000, 0x0000000608800000|  0%| F|  |TAMS 0x0000000608400000, 0x0000000608400000| Untracked 
|  30|0x0000000608800000, 0x0000000608800000, 0x0000000608c00000|  0%| F|  |TAMS 0x0000000608800000, 0x0000000608800000| Untracked 
|  31|0x0000000608c00000, 0x0000000608c00000, 0x0000000609000000|  0%| F|  |TAMS 0x0000000608c00000, 0x0000000608c00000| Untracked 
|  32|0x0000000609000000, 0x0000000609000000, 0x0000000609400000|  0%| F|  |TAMS 0x0000000609000000, 0x0000000609000000| Untracked 
|  33|0x0000000609400000, 0x0000000609400000, 0x0000000609800000|  0%| F|  |TAMS 0x0000000609400000, 0x0000000609400000| Untracked 
|  34|0x0000000609800000, 0x0000000609800000, 0x0000000609c00000|  0%| F|  |TAMS 0x0000000609800000, 0x0000000609800000| Untracked 
|  35|0x0000000609c00000, 0x0000000609c00000, 0x000000060a000000|  0%| F|  |TAMS 0x0000000609c00000, 0x0000000609c00000| Untracked 
|  36|0x000000060a000000, 0x000000060a000000, 0x000000060a400000|  0%| F|  |TAMS 0x000000060a000000, 0x000000060a000000| Untracked 
|  37|0x000000060a400000, 0x000000060a400000, 0x000000060a800000|  0%| F|  |TAMS 0x000000060a400000, 0x000000060a400000| Untracked 
|  38|0x000000060a800000, 0x000000060ac00000, 0x000000060ac00000|100%| S|CS|TAMS 0x000000060a800000, 0x000000060a800000| Complete 
|  39|0x000000060ac00000, 0x000000060b000000, 0x000000060b000000|100%| S|CS|TAMS 0x000000060ac00000, 0x000000060ac00000| Complete 
|  40|0x000000060b000000, 0x000000060b400000, 0x000000060b400000|100%| S|CS|TAMS 0x000000060b000000, 0x000000060b000000| Complete 
|  41|0x000000060b400000, 0x000000060b800000, 0x000000060b800000|100%| S|CS|TAMS 0x000000060b400000, 0x000000060b400000| Complete 
|  42|0x000000060b800000, 0x000000060b800000, 0x000000060bc00000|  0%| F|  |TAMS 0x000000060b800000, 0x000000060b800000| Untracked 
|  43|0x000000060bc00000, 0x000000060bc00000, 0x000000060c000000|  0%| F|  |TAMS 0x000000060bc00000, 0x000000060bc00000| Untracked 
|  44|0x000000060c000000, 0x000000060c000000, 0x000000060c400000|  0%| F|  |TAMS 0x000000060c000000, 0x000000060c000000| Untracked 
|  45|0x000000060c400000, 0x000000060c400000, 0x000000060c800000|  0%| F|  |TAMS 0x000000060c400000, 0x000000060c400000| Untracked 
|  46|0x000000060c800000, 0x000000060c800000, 0x000000060cc00000|  0%| F|  |TAMS 0x000000060c800000, 0x000000060c800000| Untracked 
|  47|0x000000060cc00000, 0x000000060cc00000, 0x000000060d000000|  0%| F|  |TAMS 0x000000060cc00000, 0x000000060cc00000| Untracked 
|  48|0x000000060d000000, 0x000000060d000000, 0x000000060d400000|  0%| F|  |TAMS 0x000000060d000000, 0x000000060d000000| Untracked 
|  49|0x000000060d400000, 0x000000060d400000, 0x000000060d800000|  0%| F|  |TAMS 0x000000060d400000, 0x000000060d400000| Untracked 
|  50|0x000000060d800000, 0x000000060d800000, 0x000000060dc00000|  0%| F|  |TAMS 0x000000060d800000, 0x000000060d800000| Untracked 
|  51|0x000000060dc00000, 0x000000060dc00000, 0x000000060e000000|  0%| F|  |TAMS 0x000000060dc00000, 0x000000060dc00000| Untracked 
|  52|0x000000060e000000, 0x000000060e000000, 0x000000060e400000|  0%| F|  |TAMS 0x000000060e000000, 0x000000060e000000| Untracked 
|  53|0x000000060e400000, 0x000000060e400000, 0x000000060e800000|  0%| F|  |TAMS 0x000000060e400000, 0x000000060e400000| Untracked 
|  54|0x000000060e800000, 0x000000060e800000, 0x000000060ec00000|  0%| F|  |TAMS 0x000000060e800000, 0x000000060e800000| Untracked 
|  55|0x000000060ec00000, 0x000000060ec00000, 0x000000060f000000|  0%| F|  |TAMS 0x000000060ec00000, 0x000000060ec00000| Untracked 
|  56|0x000000060f000000, 0x000000060f000000, 0x000000060f400000|  0%| F|  |TAMS 0x000000060f000000, 0x000000060f000000| Untracked 
|  57|0x000000060f400000, 0x000000060f400000, 0x000000060f800000|  0%| F|  |TAMS 0x000000060f400000, 0x000000060f400000| Untracked 
|  58|0x000000060f800000, 0x000000060f800000, 0x000000060fc00000|  0%| F|  |TAMS 0x000000060f800000, 0x000000060f800000| Untracked 
|  59|0x000000060fc00000, 0x000000060fc00000, 0x0000000610000000|  0%| F|  |TAMS 0x000000060fc00000, 0x000000060fc00000| Untracked 
|  60|0x0000000610000000, 0x0000000610000000, 0x0000000610400000|  0%| F|  |TAMS 0x0000000610000000, 0x0000000610000000| Untracked 
|  61|0x0000000610400000, 0x0000000610400000, 0x0000000610800000|  0%| F|  |TAMS 0x0000000610400000, 0x0000000610400000| Untracked 
|  62|0x0000000610800000, 0x0000000610800000, 0x0000000610c00000|  0%| F|  |TAMS 0x0000000610800000, 0x0000000610800000| Untracked 
|  63|0x0000000610c00000, 0x0000000610c00000, 0x0000000611000000|  0%| F|  |TAMS 0x0000000610c00000, 0x0000000610c00000| Untracked 
|  64|0x0000000611000000, 0x0000000611000000, 0x0000000611400000|  0%| F|  |TAMS 0x0000000611000000, 0x0000000611000000| Untracked 
|  65|0x0000000611400000, 0x0000000611400000, 0x0000000611800000|  0%| F|  |TAMS 0x0000000611400000, 0x0000000611400000| Untracked 
|  66|0x0000000611800000, 0x0000000611800000, 0x0000000611c00000|  0%| F|  |TAMS 0x0000000611800000, 0x0000000611800000| Untracked 
|  67|0x0000000611c00000, 0x0000000611c00000, 0x0000000612000000|  0%| F|  |TAMS 0x0000000611c00000, 0x0000000611c00000| Untracked 
|  68|0x0000000612000000, 0x0000000612000000, 0x0000000612400000|  0%| F|  |TAMS 0x0000000612000000, 0x0000000612000000| Untracked 
|  69|0x0000000612400000, 0x0000000612400000, 0x0000000612800000|  0%| F|  |TAMS 0x0000000612400000, 0x0000000612400000| Untracked 
|  70|0x0000000612800000, 0x0000000612800000, 0x0000000612c00000|  0%| F|  |TAMS 0x0000000612800000, 0x0000000612800000| Untracked 
|  71|0x0000000612c00000, 0x0000000612c00000, 0x0000000613000000|  0%| F|  |TAMS 0x0000000612c00000, 0x0000000612c00000| Untracked 
|  72|0x0000000613000000, 0x0000000613000000, 0x0000000613400000|  0%| F|  |TAMS 0x0000000613000000, 0x0000000613000000| Untracked 
|  73|0x0000000613400000, 0x0000000613400000, 0x0000000613800000|  0%| F|  |TAMS 0x0000000613400000, 0x0000000613400000| Untracked 
|  74|0x0000000613800000, 0x0000000613800000, 0x0000000613c00000|  0%| F|  |TAMS 0x0000000613800000, 0x0000000613800000| Untracked 
|  75|0x0000000613c00000, 0x0000000613c00000, 0x0000000614000000|  0%| F|  |TAMS 0x0000000613c00000, 0x0000000613c00000| Untracked 
|  76|0x0000000614000000, 0x0000000614000000, 0x0000000614400000|  0%| F|  |TAMS 0x0000000614000000, 0x0000000614000000| Untracked 
|  77|0x0000000614400000, 0x0000000614400000, 0x0000000614800000|  0%| F|  |TAMS 0x0000000614400000, 0x0000000614400000| Untracked 
|  78|0x0000000614800000, 0x0000000614800000, 0x0000000614c00000|  0%| F|  |TAMS 0x0000000614800000, 0x0000000614800000| Untracked 
|  79|0x0000000614c00000, 0x0000000614c00000, 0x0000000615000000|  0%| F|  |TAMS 0x0000000614c00000, 0x0000000614c00000| Untracked 
|  80|0x0000000615000000, 0x0000000615000000, 0x0000000615400000|  0%| F|  |TAMS 0x0000000615000000, 0x0000000615000000| Untracked 
|  81|0x0000000615400000, 0x0000000615400000, 0x0000000615800000|  0%| F|  |TAMS 0x0000000615400000, 0x0000000615400000| Untracked 
|  82|0x0000000615800000, 0x0000000615800000, 0x0000000615c00000|  0%| F|  |TAMS 0x0000000615800000, 0x0000000615800000| Untracked 
|  83|0x0000000615c00000, 0x0000000615c00000, 0x0000000616000000|  0%| F|  |TAMS 0x0000000615c00000, 0x0000000615c00000| Untracked 
|  84|0x0000000616000000, 0x0000000616000000, 0x0000000616400000|  0%| F|  |TAMS 0x0000000616000000, 0x0000000616000000| Untracked 
|  85|0x0000000616400000, 0x0000000616400000, 0x0000000616800000|  0%| F|  |TAMS 0x0000000616400000, 0x0000000616400000| Untracked 
|  86|0x0000000616800000, 0x0000000616800000, 0x0000000616c00000|  0%| F|  |TAMS 0x0000000616800000, 0x0000000616800000| Untracked 
|  87|0x0000000616c00000, 0x0000000616c00000, 0x0000000617000000|  0%| F|  |TAMS 0x0000000616c00000, 0x0000000616c00000| Untracked 
|  88|0x0000000617000000, 0x0000000617000000, 0x0000000617400000|  0%| F|  |TAMS 0x0000000617000000, 0x0000000617000000| Untracked 
|  89|0x0000000617400000, 0x0000000617400000, 0x0000000617800000|  0%| F|  |TAMS 0x0000000617400000, 0x0000000617400000| Untracked 
|  90|0x0000000617800000, 0x0000000617800000, 0x0000000617c00000|  0%| F|  |TAMS 0x0000000617800000, 0x0000000617800000| Untracked 
|  91|0x0000000617c00000, 0x0000000617c00000, 0x0000000618000000|  0%| F|  |TAMS 0x0000000617c00000, 0x0000000617c00000| Untracked 
|  92|0x0000000618000000, 0x0000000618000000, 0x0000000618400000|  0%| F|  |TAMS 0x0000000618000000, 0x0000000618000000| Untracked 
|  93|0x0000000618400000, 0x0000000618400000, 0x0000000618800000|  0%| F|  |TAMS 0x0000000618400000, 0x0000000618400000| Untracked 
|  94|0x0000000618800000, 0x0000000618800000, 0x0000000618c00000|  0%| F|  |TAMS 0x0000000618800000, 0x0000000618800000| Untracked 
|  95|0x0000000618c00000, 0x0000000618c00000, 0x0000000619000000|  0%| F|  |TAMS 0x0000000618c00000, 0x0000000618c00000| Untracked 
|  96|0x0000000619000000, 0x0000000619000000, 0x0000000619400000|  0%| F|  |TAMS 0x0000000619000000, 0x0000000619000000| Untracked 
|  97|0x0000000619400000, 0x0000000619400000, 0x0000000619800000|  0%| F|  |TAMS 0x0000000619400000, 0x0000000619400000| Untracked 
|  98|0x0000000619800000, 0x0000000619800000, 0x0000000619c00000|  0%| F|  |TAMS 0x0000000619800000, 0x0000000619800000| Untracked 
|  99|0x0000000619c00000, 0x0000000619c00000, 0x000000061a000000|  0%| F|  |TAMS 0x0000000619c00000, 0x0000000619c00000| Untracked 
| 100|0x000000061a000000, 0x000000061a000000, 0x000000061a400000|  0%| F|  |TAMS 0x000000061a000000, 0x000000061a000000| Untracked 
| 101|0x000000061a400000, 0x000000061a400000, 0x000000061a800000|  0%| F|  |TAMS 0x000000061a400000, 0x000000061a400000| Untracked 
| 102|0x000000061a800000, 0x000000061a800000, 0x000000061ac00000|  0%| F|  |TAMS 0x000000061a800000, 0x000000061a800000| Untracked 
| 103|0x000000061ac00000, 0x000000061ac00000, 0x000000061b000000|  0%| F|  |TAMS 0x000000061ac00000, 0x000000061ac00000| Untracked 
| 104|0x000000061b000000, 0x000000061b000000, 0x000000061b400000|  0%| F|  |TAMS 0x000000061b000000, 0x000000061b000000| Untracked 
| 105|0x000000061b400000, 0x000000061b400000, 0x000000061b800000|  0%| F|  |TAMS 0x000000061b400000, 0x000000061b400000| Untracked 
| 106|0x000000061b800000, 0x000000061b800000, 0x000000061bc00000|  0%| F|  |TAMS 0x000000061b800000, 0x000000061b800000| Untracked 
| 107|0x000000061bc00000, 0x000000061bc00000, 0x000000061c000000|  0%| F|  |TAMS 0x000000061bc00000, 0x000000061bc00000| Untracked 
| 108|0x000000061c000000, 0x000000061c000000, 0x000000061c400000|  0%| F|  |TAMS 0x000000061c000000, 0x000000061c000000| Untracked 
| 109|0x000000061c400000, 0x000000061c400000, 0x000000061c800000|  0%| F|  |TAMS 0x000000061c400000, 0x000000061c400000| Untracked 
| 110|0x000000061c800000, 0x000000061c800000, 0x000000061cc00000|  0%| F|  |TAMS 0x000000061c800000, 0x000000061c800000| Untracked 
| 111|0x000000061cc00000, 0x000000061cc00000, 0x000000061d000000|  0%| F|  |TAMS 0x000000061cc00000, 0x000000061cc00000| Untracked 
| 112|0x000000061d000000, 0x000000061d000000, 0x000000061d400000|  0%| F|  |TAMS 0x000000061d000000, 0x000000061d000000| Untracked 
| 113|0x000000061d400000, 0x000000061d400000, 0x000000061d800000|  0%| F|  |TAMS 0x000000061d400000, 0x000000061d400000| Untracked 
| 114|0x000000061d800000, 0x000000061d800000, 0x000000061dc00000|  0%| F|  |TAMS 0x000000061d800000, 0x000000061d800000| Untracked 
| 115|0x000000061dc00000, 0x000000061dc00000, 0x000000061e000000|  0%| F|  |TAMS 0x000000061dc00000, 0x000000061dc00000| Untracked 
| 116|0x000000061e000000, 0x000000061e000000, 0x000000061e400000|  0%| F|  |TAMS 0x000000061e000000, 0x000000061e000000| Untracked 
| 117|0x000000061e400000, 0x000000061e400000, 0x000000061e800000|  0%| F|  |TAMS 0x000000061e400000, 0x000000061e400000| Untracked 
| 118|0x000000061e800000, 0x000000061e800000, 0x000000061ec00000|  0%| F|  |TAMS 0x000000061e800000, 0x000000061e800000| Untracked 
| 119|0x000000061ec00000, 0x000000061ec00000, 0x000000061f000000|  0%| F|  |TAMS 0x000000061ec00000, 0x000000061ec00000| Untracked 
| 120|0x000000061f000000, 0x000000061f000000, 0x000000061f400000|  0%| F|  |TAMS 0x000000061f000000, 0x000000061f000000| Untracked 
| 121|0x000000061f400000, 0x000000061f400000, 0x000000061f800000|  0%| F|  |TAMS 0x000000061f400000, 0x000000061f400000| Untracked 
| 122|0x000000061f800000, 0x000000061f800000, 0x000000061fc00000|  0%| F|  |TAMS 0x000000061f800000, 0x000000061f800000| Untracked 
| 123|0x000000061fc00000, 0x000000061fc00000, 0x0000000620000000|  0%| F|  |TAMS 0x000000061fc00000, 0x000000061fc00000| Untracked 
| 124|0x0000000620000000, 0x0000000620000000, 0x0000000620400000|  0%| F|  |TAMS 0x0000000620000000, 0x0000000620000000| Untracked 
| 125|0x0000000620400000, 0x0000000620400000, 0x0000000620800000|  0%| F|  |TAMS 0x0000000620400000, 0x0000000620400000| Untracked 
| 126|0x0000000620800000, 0x0000000620800000, 0x0000000620c00000|  0%| F|  |TAMS 0x0000000620800000, 0x0000000620800000| Untracked 
| 127|0x0000000620c00000, 0x0000000620c00000, 0x0000000621000000|  0%| F|  |TAMS 0x0000000620c00000, 0x0000000620c00000| Untracked 
| 128|0x0000000621000000, 0x0000000621000000, 0x0000000621400000|  0%| F|  |TAMS 0x0000000621000000, 0x0000000621000000| Untracked 
| 129|0x0000000621400000, 0x0000000621400000, 0x0000000621800000|  0%| F|  |TAMS 0x0000000621400000, 0x0000000621400000| Untracked 
| 130|0x0000000621800000, 0x0000000621800000, 0x0000000621c00000|  0%| F|  |TAMS 0x0000000621800000, 0x0000000621800000| Untracked 
| 131|0x0000000621c00000, 0x0000000621c00000, 0x0000000622000000|  0%| F|  |TAMS 0x0000000621c00000, 0x0000000621c00000| Untracked 
| 132|0x0000000622000000, 0x0000000622000000, 0x0000000622400000|  0%| F|  |TAMS 0x0000000622000000, 0x0000000622000000| Untracked 
| 133|0x0000000622400000, 0x0000000622400000, 0x0000000622800000|  0%| F|  |TAMS 0x0000000622400000, 0x0000000622400000| Untracked 
| 134|0x0000000622800000, 0x0000000622800000, 0x0000000622c00000|  0%| F|  |TAMS 0x0000000622800000, 0x0000000622800000| Untracked 
| 135|0x0000000622c00000, 0x0000000622c00000, 0x0000000623000000|  0%| F|  |TAMS 0x0000000622c00000, 0x0000000622c00000| Untracked 
| 136|0x0000000623000000, 0x0000000623000000, 0x0000000623400000|  0%| F|  |TAMS 0x0000000623000000, 0x0000000623000000| Untracked 
| 137|0x0000000623400000, 0x0000000623400000, 0x0000000623800000|  0%| F|  |TAMS 0x0000000623400000, 0x0000000623400000| Untracked 
| 138|0x0000000623800000, 0x0000000623800000, 0x0000000623c00000|  0%| F|  |TAMS 0x0000000623800000, 0x0000000623800000| Untracked 
| 139|0x0000000623c00000, 0x0000000623c00000, 0x0000000624000000|  0%| F|  |TAMS 0x0000000623c00000, 0x0000000623c00000| Untracked 
| 140|0x0000000624000000, 0x0000000624000000, 0x0000000624400000|  0%| F|  |TAMS 0x0000000624000000, 0x0000000624000000| Untracked 
| 141|0x0000000624400000, 0x0000000624800000, 0x0000000624800000|100%| E|  |TAMS 0x0000000624400000, 0x0000000624400000| Complete 
| 142|0x0000000624800000, 0x0000000624c00000, 0x0000000624c00000|100%| E|CS|TAMS 0x0000000624800000, 0x0000000624800000| Complete 
| 143|0x0000000624c00000, 0x0000000625000000, 0x0000000625000000|100%| E|CS|TAMS 0x0000000624c00000, 0x0000000624c00000| Complete 
| 144|0x0000000625000000, 0x0000000625400000, 0x0000000625400000|100%| E|CS|TAMS 0x0000000625000000, 0x0000000625000000| Complete 
| 145|0x0000000625400000, 0x0000000625800000, 0x0000000625800000|100%| E|CS|TAMS 0x0000000625400000, 0x0000000625400000| Complete 
| 146|0x0000000625800000, 0x0000000625c00000, 0x0000000625c00000|100%| E|CS|TAMS 0x0000000625800000, 0x0000000625800000| Complete 
| 147|0x0000000625c00000, 0x0000000626000000, 0x0000000626000000|100%| E|CS|TAMS 0x0000000625c00000, 0x0000000625c00000| Complete 
| 148|0x0000000626000000, 0x0000000626400000, 0x0000000626400000|100%| E|CS|TAMS 0x0000000626000000, 0x0000000626000000| Complete 
| 149|0x0000000626400000, 0x0000000626800000, 0x0000000626800000|100%| E|CS|TAMS 0x0000000626400000, 0x0000000626400000| Complete 
| 150|0x0000000626800000, 0x0000000626c00000, 0x0000000626c00000|100%| E|CS|TAMS 0x0000000626800000, 0x0000000626800000| Complete 
| 151|0x0000000626c00000, 0x0000000627000000, 0x0000000627000000|100%| E|CS|TAMS 0x0000000626c00000, 0x0000000626c00000| Complete 
| 152|0x0000000627000000, 0x0000000627400000, 0x0000000627400000|100%| E|CS|TAMS 0x0000000627000000, 0x0000000627000000| Complete 
| 153|0x0000000627400000, 0x0000000627800000, 0x0000000627800000|100%| E|CS|TAMS 0x0000000627400000, 0x0000000627400000| Complete 
| 154|0x0000000627800000, 0x0000000627c00000, 0x0000000627c00000|100%| E|CS|TAMS 0x0000000627800000, 0x0000000627800000| Complete 
| 155|0x0000000627c00000, 0x0000000628000000, 0x0000000628000000|100%| E|CS|TAMS 0x0000000627c00000, 0x0000000627c00000| Complete 
| 156|0x0000000628000000, 0x0000000628400000, 0x0000000628400000|100%| E|CS|TAMS 0x0000000628000000, 0x0000000628000000| Complete 
| 157|0x0000000628400000, 0x0000000628800000, 0x0000000628800000|100%| E|CS|TAMS 0x0000000628400000, 0x0000000628400000| Complete 
| 158|0x0000000628800000, 0x0000000628c00000, 0x0000000628c00000|100%| E|CS|TAMS 0x0000000628800000, 0x0000000628800000| Complete 
| 159|0x0000000628c00000, 0x0000000629000000, 0x0000000629000000|100%| E|CS|TAMS 0x0000000628c00000, 0x0000000628c00000| Complete 
| 160|0x0000000629000000, 0x0000000629400000, 0x0000000629400000|100%| E|CS|TAMS 0x0000000629000000, 0x0000000629000000| Complete 
| 161|0x0000000629400000, 0x0000000629800000, 0x0000000629800000|100%| E|CS|TAMS 0x0000000629400000, 0x0000000629400000| Complete 
| 162|0x0000000629800000, 0x0000000629c00000, 0x0000000629c00000|100%| E|CS|TAMS 0x0000000629800000, 0x0000000629800000| Complete 
| 163|0x0000000629c00000, 0x000000062a000000, 0x000000062a000000|100%| E|CS|TAMS 0x0000000629c00000, 0x0000000629c00000| Complete 
| 164|0x000000062a000000, 0x000000062a400000, 0x000000062a400000|100%| E|CS|TAMS 0x000000062a000000, 0x000000062a000000| Complete 
| 165|0x000000062a400000, 0x000000062a800000, 0x000000062a800000|100%| E|CS|TAMS 0x000000062a400000, 0x000000062a400000| Complete 
|2033|0x00000007fd400000, 0x00000007fd800000, 0x00000007fd800000|100%| O|  |TAMS 0x00000007fd400000, 0x00000007fd400000| Untracked 
|2034|0x00000007fd800000, 0x00000007fdc00000, 0x00000007fdc00000|100%| O|  |TAMS 0x00000007fd800000, 0x00000007fd800000| Untracked 
|2035|0x00000007fdc00000, 0x00000007fe000000, 0x00000007fe000000|100%| O|  |TAMS 0x00000007fdc00000, 0x00000007fdc00000| Untracked 
|2036|0x00000007fe000000, 0x00000007fe400000, 0x00000007fe400000|100%| O|  |TAMS 0x00000007fe000000, 0x00000007fe000000| Untracked 
|2037|0x00000007fe400000, 0x00000007fe800000, 0x00000007fe800000|100%| O|  |TAMS 0x00000007fe400000, 0x00000007fe400000| Untracked 
|2038|0x00000007fe800000, 0x00000007fec00000, 0x00000007fec00000|100%| O|  |TAMS 0x00000007fe800000, 0x00000007fe800000| Untracked 
|2039|0x00000007fec00000, 0x00000007ff000000, 0x00000007ff000000|100%| O|  |TAMS 0x00000007fec00000, 0x00000007fec00000| Untracked 
|2040|0x00000007ff000000, 0x00000007ff400000, 0x00000007ff400000|100%| O|  |TAMS 0x00000007ff000000, 0x00000007ff000000| Untracked 
|2041|0x00000007ff400000, 0x00000007ff800000, 0x00000007ff800000|100%| O|  |TAMS 0x00000007ff400000, 0x00000007ff400000| Untracked 
|2042|0x00000007ff800000, 0x00000007ffc00000, 0x00000007ffc00000|100%| O|  |TAMS 0x00000007ff800000, 0x00000007ff800000| Untracked 
|2043|0x00000007ffc00000, 0x0000000800000000, 0x0000000800000000|100%| O|  |TAMS 0x00000007ffc00000, 0x00000007ffc00000| Untracked 

Card table byte_map: [0x00000140cdcb0000,0x00000140cecb0000] _byte_map_base: 0x00000140caca8000

Marking Bits (Prev, Next): (CMBitMap*) 0x00000140b594a820, (CMBitMap*) 0x00000140b594a7e0
 Prev Bits: [0x00000140d7c70000, 0x00000140dfc30000)
 Next Bits: [0x00000140cfcb0000, 0x00000140d7c70000)

Polling page: 0x00000140b3640000

Metaspace:

Usage:
  Non-class:     21.78 MB used.
      Class:      3.08 MB used.
       Both:     24.86 MB used.

Virtual space:
  Non-class space:       64.00 MB reserved,      22.00 MB ( 34%) committed,  1 nodes.
      Class space:        1.00 GB reserved,       3.25 MB ( <1%) committed,  1 nodes.
             Both:        1.06 GB reserved,      25.25 MB (  2%) committed. 

Chunk freelists:
   Non-Class:  9.86 MB
       Class:  12.61 MB
        Both:  22.47 MB

MaxMetaspaceSize: unlimited
CompressedClassSpaceSize: 1.00 GB
Initial GC threshold: 21.00 MB
Current GC threshold: 35.25 MB
CDS: on
MetaspaceReclaimPolicy: balanced
 - commit_granule_bytes: 65536.
 - commit_granule_words: 8192.
 - virtual_space_node_default_size: 8388608.
 - enlarge_chunks_in_place: 1.
 - new_chunks_are_fully_committed: 0.
 - uncommit_free_chunks: 1.
 - use_allocation_guard: 0.
 - handle_deallocations: 1.


Internal statistics:

num_allocs_failed_limit: 3.
num_arena_births: 350.
num_arena_deaths: 0.
num_vsnodes_births: 2.
num_vsnodes_deaths: 0.
num_space_committed: 402.
num_space_uncommitted: 0.
num_chunks_returned_to_freelist: 3.
num_chunks_taken_from_freelist: 1244.
num_chunk_merges: 3.
num_chunk_splits: 813.
num_chunks_enlarged: 568.
num_inconsistent_stats: 0.

CodeHeap 'non-profiled nmethods': size=119168Kb used=3154Kb max_used=3154Kb free=116013Kb
 bounds [0x00000140c4fd0000, 0x00000140c52f0000, 0x00000140cc430000]
CodeHeap 'profiled nmethods': size=119104Kb used=11701Kb max_used=11701Kb free=107402Kb
 bounds [0x00000140bd430000, 0x00000140bdfa0000, 0x00000140c4880000]
CodeHeap 'non-nmethods': size=7488Kb used=2914Kb max_used=2986Kb free=4573Kb
 bounds [0x00000140c4880000, 0x00000140c4b70000, 0x00000140c4fd0000]
 total_blobs=6157 nmethods=5630 adapters=436
 compilation: enabled
              stopped_count=0, restarted_count=0
 full_count=0

Compilation events (20 events):
Event: 7.967 Thread 0x0000014128f5e220 nmethod 6583 0x00000140bdf62a90 code [0x00000140bdf62c40, 0x00000140bdf62dd8]
Event: 7.968 Thread 0x0000014128057e90 6585       3       java.util.stream.ForEachOps$ForEachOp$OfRef::evaluateSequential (7 bytes)
Event: 7.968 Thread 0x0000014128cca720 6586       3       java.util.stream.ReferencePipeline::forEach (11 bytes)
Event: 7.968 Thread 0x0000014128057e90 nmethod 6585 0x00000140bdf62e90 code [0x00000140bdf63060, 0x00000140bdf63488]
Event: 7.968 Thread 0x0000014128cca720 nmethod 6586 0x00000140bdf63610 code [0x00000140bdf63800, 0x00000140bdf63cf8]
Event: 7.968 Thread 0x00000140dfe185d0 nmethod 5210 0x00000140c52dba10 code [0x00000140c52dbbc0, 0x00000140c52dbf58]
Event: 7.968 Thread 0x00000140dfe185d0 5211       4       com.google.common.base.Splitter::on (21 bytes)
Event: 7.969 Thread 0x0000014128f5e220 6588       3       java.lang.String::split (327 bytes)
Event: 7.971 Thread 0x00000140dfe185d0 nmethod 5211 0x00000140c52dc210 code [0x00000140c52dc3a0, 0x00000140c52dc658]
Event: 7.971 Thread 0x00000140dfe185d0 5212       4       com.google.common.base.Splitter::<init> (12 bytes)
Event: 7.971 Thread 0x00000140dfe1ce60 6589       3       java.util.ArrayList$SubList::toArray (79 bytes)
Event: 7.971 Thread 0x0000014128057e90 6590       2       apex.jorje.semantic.symbol.visibility.Visibility::isTypeVisible (13 bytes)
Event: 7.972 Thread 0x0000014128057e90 nmethod 6590 0x00000140bdf63f10 code [0x00000140bdf640c0, 0x00000140bdf641c8]
Event: 7.972 Thread 0x00000140dfe1ce60 nmethod 6589 0x00000140bdf64290 code [0x00000140bdf644a0, 0x00000140bdf64bc8]
Event: 7.973 Thread 0x00000140dfe185d0 nmethod 5212 0x00000140c52dc790 code [0x00000140c52dc920, 0x00000140c52dcb78]
Event: 7.973 Thread 0x0000014128f5e220 nmethod 6588 0x00000140bdf64d90 code [0x00000140bdf65340, 0x00000140bdf68798]
Event: 7.973 Thread 0x00000140dfe185d0 6401       4       java.lang.StringBuilder::length (5 bytes)
Event: 7.973 Thread 0x00000140dfe185d0 nmethod 6401 0x00000140c52dcc10 code [0x00000140c52dcd80, 0x00000140c52dcdf8]
Event: 7.973 Thread 0x00000140dfe185d0 5380       4       java.util.concurrent.locks.ReentrantLock$Sync::tryLock (63 bytes)
Event: 7.974 Thread 0x0000014128f5e220 6592       3       apex.jorje.semantic.symbol.member.method.MemoizingMethodTable$$Lambda$538/0x00000140e435b440::apply (14 bytes)

GC Heap History (18 events):
Event: 0.176 GC heap before
{Heap before GC invocations=0 (full 0):
 garbage-first heap   total 524288K, used 20480K [0x0000000601000000, 0x0000000800000000)
  region size 4096K, 6 young (24576K), 0 survivors (0K)
 Metaspace       used 230K, committed 320K, reserved 1114112K
  class space    used 7K, committed 64K, reserved 1048576K
}
Event: 0.214 GC heap after
{Heap after GC invocations=1 (full 0):
 garbage-first heap   total 524288K, used 12687K [0x0000000601000000, 0x0000000800000000)
  region size 4096K, 1 young (4096K), 1 survivors (4096K)
 Metaspace       used 230K, committed 320K, reserved 1114112K
  class space    used 7K, committed 64K, reserved 1048576K
}
Event: 0.443 GC heap before
{Heap before GC invocations=1 (full 0):
 garbage-first heap   total 524288K, used 29071K [0x0000000601000000, 0x0000000800000000)
  region size 4096K, 6 young (24576K), 1 survivors (4096K)
 Metaspace       used 2655K, committed 2816K, reserved 1114112K
  class space    used 252K, committed 320K, reserved 1048576K
}
Event: 0.446 GC heap after
{Heap after GC invocations=2 (full 0):
 garbage-first heap   total 524288K, used 16546K [0x0000000601000000, 0x0000000800000000)
  region size 4096K, 1 young (4096K), 1 survivors (4096K)
 Metaspace       used 2655K, committed 2816K, reserved 1114112K
  class space    used 252K, committed 320K, reserved 1048576K
}
Event: 0.516 GC heap before
{Heap before GC invocations=2 (full 0):
 garbage-first heap   total 524288K, used 41122K [0x0000000601000000, 0x0000000800000000)
  region size 4096K, 8 young (32768K), 1 survivors (4096K)
 Metaspace       used 2765K, committed 2880K, reserved 1114112K
  class space    used 265K, committed 320K, reserved 1048576K
}
Event: 0.522 GC heap after
{Heap after GC invocations=3 (full 0):
 garbage-first heap   total 524288K, used 31067K [0x0000000601000000, 0x0000000800000000)
  region size 4096K, 1 young (4096K), 1 survivors (4096K)
 Metaspace       used 2765K, committed 2880K, reserved 1114112K
  class space    used 265K, committed 320K, reserved 1048576K
}
Event: 1.497 GC heap before
{Heap before GC invocations=3 (full 0):
 garbage-first heap   total 524288K, used 100699K [0x0000000601000000, 0x0000000800000000)
  region size 4096K, 19 young (77824K), 1 survivors (4096K)
 Metaspace       used 11274K, committed 11456K, reserved 1114112K
  class space    used 1444K, committed 1536K, reserved 1048576K
}
Event: 1.500 GC heap after
{Heap after GC invocations=4 (full 0):
 garbage-first heap   total 524288K, used 34553K [0x0000000601000000, 0x0000000800000000)
  region size 4096K, 2 young (8192K), 2 survivors (8192K)
 Metaspace       used 11274K, committed 11456K, reserved 1114112K
  class space    used 1444K, committed 1536K, reserved 1048576K
}
Event: 3.197 GC heap before
{Heap before GC invocations=4 (full 0):
 garbage-first heap   total 524288K, used 161529K [0x0000000601000000, 0x0000000800000000)
  region size 4096K, 34 young (139264K), 2 survivors (8192K)
 Metaspace       used 19093K, committed 19328K, reserved 1114112K
  class space    used 2473K, committed 2624K, reserved 1048576K
}
Event: 3.208 GC heap after
{Heap after GC invocations=5 (full 0):
 garbage-first heap   total 524288K, used 52855K [0x0000000601000000, 0x0000000800000000)
  region size 4096K, 5 young (20480K), 5 survivors (20480K)
 Metaspace       used 19093K, committed 19328K, reserved 1114112K
  class space    used 2473K, committed 2624K, reserved 1048576K
}
Event: 6.100 GC heap before
{Heap before GC invocations=5 (full 0):
 garbage-first heap   total 524288K, used 171639K [0x0000000601000000, 0x0000000800000000)
  region size 4096K, 35 young (143360K), 5 survivors (20480K)
 Metaspace       used 21279K, committed 21504K, reserved 1114112K
  class space    used 2693K, committed 2816K, reserved 1048576K
}
Event: 6.108 GC heap after
{Heap after GC invocations=6 (full 0):
 garbage-first heap   total 524288K, used 65578K [0x0000000601000000, 0x0000000800000000)
  region size 4096K, 6 young (24576K), 6 survivors (24576K)
 Metaspace       used 21279K, committed 21504K, reserved 1114112K
  class space    used 2693K, committed 2816K, reserved 1048576K
}
Event: 6.954 GC heap before
{Heap before GC invocations=7 (full 0):
 garbage-first heap   total 245760K, used 241706K [0x0000000601000000, 0x0000000800000000)
  region size 4096K, 49 young (200704K), 6 survivors (24576K)
 Metaspace       used 24290K, committed 24576K, reserved 1114112K
  class space    used 3056K, committed 3200K, reserved 1048576K
}
Event: 6.981 GC heap after
{Heap after GC invocations=8 (full 0):
 garbage-first heap   total 323584K, used 115060K [0x0000000601000000, 0x0000000800000000)
  region size 4096K, 8 young (32768K), 8 survivors (32768K)
 Metaspace       used 24290K, committed 24576K, reserved 1114112K
  class space    used 3056K, committed 3200K, reserved 1048576K
}
Event: 7.002 GC heap before
{Heap before GC invocations=8 (full 0):
 garbage-first heap   total 323584K, used 119156K [0x0000000601000000, 0x0000000800000000)
  region size 4096K, 9 young (36864K), 8 survivors (32768K)
 Metaspace       used 24291K, committed 24640K, reserved 1114112K
  class space    used 3056K, committed 3200K, reserved 1048576K
}
Event: 7.013 GC heap after
{Heap after GC invocations=9 (full 0):
 garbage-first heap   total 323584K, used 120798K [0x0000000601000000, 0x0000000800000000)
  region size 4096K, 2 young (8192K), 2 survivors (8192K)
 Metaspace       used 24291K, committed 24640K, reserved 1114112K
  class space    used 3056K, committed 3200K, reserved 1048576K
}
Event: 7.390 GC heap before
{Heap before GC invocations=9 (full 0):
 garbage-first heap   total 323584K, used 219102K [0x0000000601000000, 0x0000000800000000)
  region size 4096K, 26 young (106496K), 2 survivors (8192K)
 Metaspace       used 24526K, committed 24832K, reserved 1114112K
  class space    used 3059K, committed 3200K, reserved 1048576K
}
Event: 7.406 GC heap after
{Heap after GC invocations=10 (full 0):
 garbage-first heap   total 724992K, used 145815K [0x0000000601000000, 0x0000000800000000)
  region size 4096K, 4 young (16384K), 4 survivors (16384K)
 Metaspace       used 24526K, committed 24832K, reserved 1114112K
  class space    used 3059K, committed 3200K, reserved 1048576K
}

Dll operation events (7 events):
Event: 0.013 Loaded shared library C:\Program Files\Microsoft\jdk-17.0.20.8-hotspot\bin\java.dll
Event: 0.034 Loaded shared library C:\Program Files\Microsoft\jdk-17.0.20.8-hotspot\bin\jsvml.dll
Event: 0.073 Loaded shared library C:\Program Files\Microsoft\jdk-17.0.20.8-hotspot\bin\net.dll
Event: 0.075 Loaded shared library C:\Program Files\Microsoft\jdk-17.0.20.8-hotspot\bin\nio.dll
Event: 0.091 Loaded shared library C:\Program Files\Microsoft\jdk-17.0.20.8-hotspot\bin\zip.dll
Event: 0.349 Loaded shared library C:\Program Files\Microsoft\jdk-17.0.20.8-hotspot\bin\jimage.dll
Event: 1.493 Loaded shared library C:\Program Files\Microsoft\jdk-17.0.20.8-hotspot\bin\verify.dll

Deoptimization events (20 events):
Event: 7.766 Thread 0x0000014128da5ff0 DEOPT PACKING pc=0x00000140c5266b9c sp=0x0000000872afe530
Event: 7.766 Thread 0x0000014128da5ff0 DEOPT UNPACKING pc=0x00000140c48d69a3 sp=0x0000000872afe4f0 mode 2
Event: 7.766 Thread 0x0000014128da5ff0 Uncommon trap: trap_request=0xffffffc6 fr.pc=0x00000140c5266b9c relative=0x000000000000039c
Event: 7.766 Thread 0x0000014128da5ff0 Uncommon trap: reason=bimorphic_or_optimized_type_check action=maybe_recompile pc=0x00000140c5266b9c method=apex.jorje.semantic.ast.member.Method.traverse(Lapex/jorje/semantic/ast/visitor/AstVisitor;Lapex/jorje/semantic/ast/visitor/Scope;)V @ 8 c2
Event: 7.766 Thread 0x0000014128da5ff0 DEOPT PACKING pc=0x00000140c5266b9c sp=0x0000000872afe530
Event: 7.766 Thread 0x0000014128da5ff0 DEOPT UNPACKING pc=0x00000140c48d69a3 sp=0x0000000872afe4f0 mode 2
Event: 7.766 Thread 0x0000014128da5ff0 Uncommon trap: trap_request=0xffffffc6 fr.pc=0x00000140c5266b9c relative=0x000000000000039c
Event: 7.766 Thread 0x0000014128da5ff0 Uncommon trap: reason=bimorphic_or_optimized_type_check action=maybe_recompile pc=0x00000140c5266b9c method=apex.jorje.semantic.ast.member.Method.traverse(Lapex/jorje/semantic/ast/visitor/AstVisitor;Lapex/jorje/semantic/ast/visitor/Scope;)V @ 8 c2
Event: 7.766 Thread 0x0000014128da5ff0 DEOPT PACKING pc=0x00000140c5266b9c sp=0x0000000872afe530
Event: 7.766 Thread 0x0000014128da5ff0 DEOPT UNPACKING pc=0x00000140c48d69a3 sp=0x0000000872afe4f0 mode 2
Event: 7.768 Thread 0x0000014128da5ff0 Uncommon trap: trap_request=0xffffffc6 fr.pc=0x00000140c5266b9c relative=0x000000000000039c
Event: 7.768 Thread 0x0000014128da5ff0 Uncommon trap: reason=bimorphic_or_optimized_type_check action=maybe_recompile pc=0x00000140c5266b9c method=apex.jorje.semantic.ast.member.Method.traverse(Lapex/jorje/semantic/ast/visitor/AstVisitor;Lapex/jorje/semantic/ast/visitor/Scope;)V @ 8 c2
Event: 7.768 Thread 0x0000014128da5ff0 DEOPT PACKING pc=0x00000140c5266b9c sp=0x0000000872afe530
Event: 7.768 Thread 0x0000014128da5ff0 DEOPT UNPACKING pc=0x00000140c48d69a3 sp=0x0000000872afe4f0 mode 2
Event: 7.879 Thread 0x0000014128da5ff0 Uncommon trap: trap_request=0xffffff45 fr.pc=0x00000140c52c8e24 relative=0x0000000000001224
Event: 7.879 Thread 0x0000014128da5ff0 Uncommon trap: reason=unstable_if action=reinterpret pc=0x00000140c52c8e24 method=apex.jorje.semantic.ast.member.Method.traverse(Lapex/jorje/semantic/ast/visitor/AstVisitor;Lapex/jorje/semantic/ast/visitor/Scope;)V @ 42 c2
Event: 7.879 Thread 0x0000014128da5ff0 DEOPT PACKING pc=0x00000140c52c8e24 sp=0x0000000872afe540
Event: 7.879 Thread 0x0000014128da5ff0 DEOPT UNPACKING pc=0x00000140c48d69a3 sp=0x0000000872afe510 mode 2
Event: 7.900 Thread 0x0000014128da5ff0 DEOPT PACKING pc=0x00000140bdef533c sp=0x0000000872afe2c0
Event: 7.900 Thread 0x0000014128da5ff0 DEOPT UNPACKING pc=0x00000140c48d7143 sp=0x0000000872afd740 mode 0

Classes loaded (20 events):
Event: 5.974 Loading class java/util/spi/ResourceBundleProvider
Event: 5.981 Loading class java/util/spi/ResourceBundleProvider done
Event: 5.981 Loading class sun/util/resources/LocaleData$LocaleDataResourceBundleProvider done
Event: 5.981 Loading class sun/util/resources/LocaleData$CommonResourceBundleProvider done
Event: 5.983 Loading class sun/util/resources/Bundles$2
Event: 5.983 Loading class sun/util/resources/Bundles$2 done
Event: 6.157 Loading class java/util/zip/GZIPOutputStream
Event: 6.157 Loading class java/util/zip/GZIPOutputStream done
Event: 6.286 Loading class java/text/MessageFormat
Event: 6.286 Loading class java/text/MessageFormat done
Event: 6.287 Loading class java/text/MessageFormat$Field
Event: 6.287 Loading class java/text/MessageFormat$Field done
Event: 6.752 Loading class java/util/Collections$2
Event: 6.752 Loading class java/util/Collections$2 done
Event: 7.283 Loading class java/text/FieldPosition$Delegate
Event: 7.283 Loading class java/text/FieldPosition$Delegate done
Event: 7.550 Loading class java/lang/ConditionalSpecialCasing
Event: 7.553 Loading class java/lang/ConditionalSpecialCasing done
Event: 7.553 Loading class java/lang/ConditionalSpecialCasing$Entry
Event: 7.553 Loading class java/lang/ConditionalSpecialCasing$Entry done

Classes unloaded (0 events):
No events

Classes redefined (0 events):
No events

Internal exceptions (20 events):
Event: 3.312 Thread 0x0000014128da5ff0 Implicit null exception at 0x00000140c512ef5a to 0x00000140c512f5f4
Event: 4.308 Thread 0x0000014128da5ff0 Exception <a 'sun/nio/fs/WindowsException'{0x000000061ee62e78}> (0x000000061ee62e78) 
thrown [s\src\hotspot\share\prims\jni.cpp, line 516]
Event: 4.309 Thread 0x0000014128da5ff0 Exception <a 'java/lang/NoSuchMethodError'{0x000000061ee700a8}: 'void java.lang.invoke.DirectMethodHandle$Holder.invokeStatic(java.lang.Object, java.lang.Object, java.lang.Object, java.lang.Object, java.lang.Object, java.lang.Object)'> (0x000000061ee700a8) 
thrown [s\src\hotspot\share\interpreter\linkResolver.cpp, line 759]
Event: 4.312 Thread 0x0000014128da5ff0 Exception <a 'java/lang/IncompatibleClassChangeError'{0x000000061ee7be88}: Found class java.lang.Object, but interface was expected> (0x000000061ee7be88) 
thrown [s\src\hotspot\share\interpreter\linkResolver.cpp, line 826]
Event: 4.333 Thread 0x0000014128da5ff0 Exception <a 'java/lang/NoSuchMethodError'{0x000000061ea8a968}: 'void java.lang.invoke.DirectMethodHandle$Holder.invokeInterface(java.lang.Object, java.lang.Object, java.lang.Object)'> (0x000000061ea8a968) 
thrown [s\src\hotspot\share\interpreter\linkResolver.cpp, line 759]
Event: 5.888 Thread 0x0000014128da5ff0 Exception <a 'java/lang/NoSuchMethodError'{0x000000061b3d6330}: 'java.lang.Object java.lang.invoke.DirectMethodHandle$Holder.invokeStaticInit(java.lang.Object, java.lang.Object, java.lang.Object, java.lang.Object)'> (0x000000061b3d6330) 
thrown [s\src\hotspot\share\interpreter\linkResolver.cpp, line 759]
Event: 5.954 Thread 0x0000014128da5ff0 Exception <a 'java/lang/NoSuchMethodError'{0x0000000619c28768}: 'java.lang.Object java.lang.invoke.DirectMethodHandle$Holder.invokeSpecial(java.lang.Object, java.lang.Object, long, java.lang.Object, int, int, int, int, long)'> (0x0000000619c28768) 
thrown [s\src\hotspot\share\interpreter\linkResolver.cpp, line 759]
Event: 5.955 Thread 0x0000014128da5ff0 Exception <a 'java/lang/NoSuchMethodError'{0x0000000619c2c630}: 'java.lang.Object java.lang.invoke.DelegatingMethodHandle$Holder.reinvoke_L(java.lang.Object, long, java.lang.Object, int, int, int, int, long)'> (0x0000000619c2c630) 
thrown [s\src\hotspot\share\interpreter\linkResolver.cpp, line 759]
Event: 5.968 Thread 0x0000014128da5ff0 Exception <a 'java/lang/ClassNotFoundException'{0x0000000619c51d68}: sun/util/logging/resources/spi/loggingProvider> (0x0000000619c51d68) 
thrown [s\src\hotspot\share\classfile\systemDictionary.cpp, line 257]
Event: 6.127 Thread 0x0000014128da5ff0 Exception <a 'java/lang/NoSuchMethodError'{0x0000000620caf0d0}: 'int java.lang.invoke.DirectMethodHandle$Holder.invokeVirtual(java.lang.Object, java.lang.Object, java.lang.Object)'> (0x0000000620caf0d0) 
thrown [s\src\hotspot\share\interpreter\linkResolver.cpp, line 759]
Event: 6.308 Thread 0x0000014128da5ff0 Exception <a 'java/lang/NoSuchMethodError'{0x000000060d67ad68}: 'void java.lang.invoke.DirectMethodHandle$Holder.invokeStatic(java.lang.Object, int, java.lang.Object)'> (0x000000060d67ad68) 
thrown [s\src\hotspot\share\interpreter\linkResolver.cpp, line 759]
Event: 6.309 Thread 0x0000014128da5ff0 Exception <a 'java/lang/NoSuchMethodError'{0x000000060d67e700}: 'void java.lang.invoke.DirectMethodHandle$Holder.invokeStaticInit(java.lang.Object, int, java.lang.Object)'> (0x000000060d67e700) 
thrown [s\src\hotspot\share\interpreter\linkResolver.cpp, line 759]
Event: 6.392 Thread 0x0000014128da5ff0 Exception <a 'java/lang/NoSuchMethodError'{0x000000060ce6fdf0}: 'java.lang.Object java.lang.invoke.DelegatingMethodHandle$Holder.reinvoke_L(java.lang.Object, java.lang.Object, long, java.lang.Object, java.lang.Object, java.lang.Object, java.lang.Object, java.lang.Object, java.lang.Object, java.lang.Object, java.lang.Object, java.lang.Object, java.lang.Object, java.lang.Object, java.lang.Object, java.lang.Object)'> (0x000000060ce6fdf0) 
thrown [s\src\hotspot\share\interpreter\linkResolver.cpp, line 759]
Event: 6.394 Thread 0x0000014128da5ff0 Exception <a 'java/lang/NoSuchMethodError'{0x000000060ceb72c0}: 'java.lang.Object java.lang.invoke.DirectMethodHandle$Holder.invokeSpecial(java.lang.Object, java.lang.Object, long, java.lang.Object, java.lang.Object, java.lang.Object, java.lang.Object, java.lang.Object, java.lang.Object, java.lang.Object, java.lang.Object, java.lang.Object, java.lang.Object, java.lang.Object, java.lang.Object, java.lang.Object)'> (0x000000060ceb72c0) 
thrown [s\src\hotspot\share\interpreter\linkResolver.cpp, line 759]
Event: 6.394 Thread 0x0000014128da5ff0 Exception <a 'java/lang/NoSuchMethodError'{0x000000060cebc5a8}: 'java.lang.Object java.lang.invoke.DelegatingMethodHandle$Holder.reinvoke_L(java.lang.Object, long, java.lang.Object, java.lang.Object, java.lang.Object, java.lang.Object, java.lang.Object, java.lang.Object, java.lang.Object, java.lang.Object, java.lang.Object, java.lang.Object, java.lang.Object, java.lang.Object, java.lang.Object)'> (0x000000060cebc5a8) 
thrown [s\src\hotspot\share\interpreter\linkResolver.cpp, line 759]
Event: 6.395 Thread 0x0000014128da5ff0 Exception <a 'java/lang/NoSuchMethodError'{0x000000060ced6288}: 'java.lang.Object java.lang.invoke.DirectMethodHandle$Holder.invokeSpecial(java.lang.Object, java.lang.Object, java.lang.Object, java.lang.Object, java.lang.Object, java.lang.Object, java.lang.Object, java.lang.Object, java.lang.Object, java.lang.Object, java.lang.Object, java.lang.Object, java.lang.Object, java.lang.Object, java.lang.Object)'> (0x000000060ced6288) 
thrown [s\src\hotspot\share\interpreter\linkResolver.cpp, line 759]
Event: 6.395 Thread 0x0000014128da5ff0 Exception <a 'java/lang/NoSuchMethodError'{0x000000060cedb7d0}: 'java.lang.Object java.lang.invoke.Invokers$Holder.linkToTargetMethod(java.lang.Object, java.lang.Object, java.lang.Object, java.lang.Object, java.lang.Object, java.lang.Object, java.lang.Object, java.lang.Object, java.lang.Object, java.lang.Object, java.lang.Object, java.lang.Object, java.lang.Object, java.lang.Object)'> (0x000000060cedb7d0) 
thrown [s\src\hotspot\share\interpreter\linkResolver.cpp, line 759]
Event: 6.983 Thread 0x0000014128da5ff0 Implicit null exception at 0x00000140c5235004 to 0x00000140c52357f4
Event: 6.984 Thread 0x0000014128da5ff0 Implicit null exception at 0x00000140c523432b to 0x00000140c52346b0
Event: 7.533 Thread 0x0000014128da5ff0 Implicit null exception at 0x00000140c525e07b to 0x00000140c525e2dc

VM Operations (20 events):
Event: 7.296 Executing VM operation: ICBufferFull
Event: 7.297 Executing VM operation: ICBufferFull done
Event: 7.390 Executing VM operation: G1CollectForAllocation
Event: 7.406 Executing VM operation: G1CollectForAllocation done
Event: 7.507 Executing VM operation: HandshakeAllThreads
Event: 7.507 Executing VM operation: HandshakeAllThreads done
Event: 7.570 Executing VM operation: ICBufferFull
Event: 7.570 Executing VM operation: ICBufferFull done
Event: 7.658 Executing VM operation: ICBufferFull
Event: 7.658 Executing VM operation: ICBufferFull done
Event: 7.814 Executing VM operation: HandshakeAllThreads
Event: 7.814 Executing VM operation: HandshakeAllThreads done
Event: 7.819 Executing VM operation: ICBufferFull
Event: 7.819 Executing VM operation: ICBufferFull done
Event: 7.886 Executing VM operation: ICBufferFull
Event: 7.886 Executing VM operation: ICBufferFull done
Event: 7.900 Executing VM operation: HandshakeAllThreads
Event: 7.900 Executing VM operation: HandshakeAllThreads done
Event: 7.954 Executing VM operation: ICBufferFull
Event: 7.955 Executing VM operation: ICBufferFull done

Memory protections (0 events):
No events

Nmethod flushes (20 events):
Event: 6.903 Thread 0x00000140dfe2b580 flushing  nmethod 0x00000140bdd47490
Event: 6.903 Thread 0x00000140dfe2b580 flushing  nmethod 0x00000140bdd47c10
Event: 6.903 Thread 0x00000140dfe2b580 flushing  nmethod 0x00000140bdd48390
Event: 6.903 Thread 0x00000140dfe2b580 flushing  nmethod 0x00000140bdd48b10
Event: 6.903 Thread 0x00000140dfe2b580 flushing  nmethod 0x00000140bdd49290
Event: 6.903 Thread 0x00000140dfe2b580 flushing  nmethod 0x00000140bdd49a10
Event: 6.903 Thread 0x00000140dfe2b580 flushing  nmethod 0x00000140bdd4a190
Event: 6.903 Thread 0x00000140dfe2b580 flushing  nmethod 0x00000140bdd4a910
Event: 6.903 Thread 0x00000140dfe2b580 flushing  nmethod 0x00000140bdd5ab90
Event: 6.903 Thread 0x00000140dfe2b580 flushing  nmethod 0x00000140bdd5b290
Event: 6.903 Thread 0x00000140dfe2b580 flushing  nmethod 0x00000140bdd5b990
Event: 6.903 Thread 0x00000140dfe2b580 flushing  nmethod 0x00000140bdd77490
Event: 6.903 Thread 0x00000140dfe2b580 flushing  nmethod 0x00000140bdd78590
Event: 6.903 Thread 0x00000140dfe2b580 flushing  nmethod 0x00000140bdd79c90
Event: 6.903 Thread 0x00000140dfe2b580 flushing  nmethod 0x00000140bdd81210
Event: 6.904 Thread 0x00000140dfe2b580 flushing  nmethod 0x00000140bddea990
Event: 7.821 Thread 0x00000140dfe2b580 flushing  nmethod 0x00000140bdbe4410
Event: 7.821 Thread 0x00000140dfe2b580 flushing  nmethod 0x00000140bdc6bb90
Event: 7.822 Thread 0x00000140dfe2b580 flushing  nmethod 0x00000140bdd2bd90
Event: 7.822 Thread 0x00000140dfe2b580 flushing  nmethod 0x00000140bdd61c90

Events (20 events):
Event: 1.065 Thread 0x0000014128147ed0 Thread exited: 0x0000014128147ed0
Event: 1.341 Thread 0x00000140e2ffb9c0 Thread exited: 0x00000140e2ffb9c0
Event: 1.351 Thread 0x00000140e2e4afc0 Thread added: 0x00000140e2ffb9c0
Event: 1.844 Thread 0x00000140e2ffb9c0 Thread exited: 0x00000140e2ffb9c0
Event: 2.202 Thread 0x00000140b346e5b0 Thread added: 0x00000140dfe14600
Event: 2.278 Thread 0x00000140dfe14600 Thread added: 0x0000014128da6f20
Event: 2.472 Thread 0x00000140e2da0a70 Thread added: 0x0000014128c6b970
Event: 3.006 Thread 0x00000140e2e4afc0 Thread added: 0x0000014128cca780
Event: 3.308 Thread 0x0000014128da6f20 Thread added: 0x0000014128da50c0
Event: 3.311 Thread 0x0000014128da6f20 Thread added: 0x0000014128da5ff0
Event: 3.875 Thread 0x0000014128cca780 Thread exited: 0x0000014128cca780
Event: 3.875 Thread 0x00000140e2e4afc0 Thread exited: 0x00000140e2e4afc0
Event: 4.207 Thread 0x0000014128c6b970 Thread exited: 0x0000014128c6b970
Event: 4.310 Thread 0x0000014128da50c0 Thread added: 0x0000014128da8870
Event: 5.417 Thread 0x00000140e2dc0fa0 Thread exited: 0x00000140e2dc0fa0
Event: 5.417 Thread 0x00000140e2da0a70 Thread exited: 0x00000140e2da0a70
Event: 6.091 Thread 0x00000140dfe1ce60 Thread added: 0x0000014128cca720
Event: 6.575 Thread 0x0000014128cca720 Thread added: 0x00000141293c89d0
Event: 6.874 Thread 0x0000014128cca720 Thread added: 0x0000014128057e90
Event: 7.297 Thread 0x0000014128cca720 Thread added: 0x0000014128f5e220


Dynamic libraries:
0x00007ff7e9e00000 - 0x00007ff7e9e0e000 	C:\Program Files\Microsoft\jdk-17.0.20.8-hotspot\bin\java.exe
0x00007ff8e0ec0000 - 0x00007ff8e1127000 	C:\WINDOWS\SYSTEM32\ntdll.dll
0x00007ff8dfa60000 - 0x00007ff8dfb2b000 	C:\WINDOWS\System32\KERNEL32.DLL
0x00007ff8de720000 - 0x00007ff8deb22000 	C:\WINDOWS\System32\KERNELBASE.dll
0x00007ff8de440000 - 0x00007ff8de58c000 	C:\WINDOWS\System32\ucrtbase.dll
0x00007ff8b4c10000 - 0x00007ff8b4c28000 	C:\Program Files\Microsoft\jdk-17.0.20.8-hotspot\bin\jli.dll
0x00007ff8df880000 - 0x00007ff8dfa4f000 	C:\WINDOWS\System32\USER32.dll
0x00007ff8b4bc0000 - 0x00007ff8b4bde000 	C:\Program Files\Microsoft\jdk-17.0.20.8-hotspot\bin\VCRUNTIME140.dll
0x00007ff8de380000 - 0x00007ff8de3a7000 	C:\WINDOWS\System32\win32u.dll
0x00007ff8e0660000 - 0x00007ff8e068b000 	C:\WINDOWS\System32\GDI32.dll
0x00007ff8de250000 - 0x00007ff8de379000 	C:\WINDOWS\System32\gdi32full.dll
0x00007ff8deb30000 - 0x00007ff8debd3000 	C:\WINDOWS\System32\msvcp_win.dll
0x00007ff8b2700000 - 0x00007ff8b2990000 	C:\WINDOWS\WinSxS\amd64_microsoft.windows.common-controls_6595b64144ccf1df_6.0.26100.9278_none_3e0d1ba8e3303201\COMCTL32.dll
0x00007ff8e0b20000 - 0x00007ff8e0bc9000 	C:\WINDOWS\System32\msvcrt.dll
0x00007ff8e0600000 - 0x00007ff8e0631000 	C:\WINDOWS\System32\IMM32.DLL
0x00007ff8b69e0000 - 0x00007ff8b69ec000 	C:\Program Files\Microsoft\jdk-17.0.20.8-hotspot\bin\vcruntime140_1.dll
0x00007ff87d430000 - 0x00007ff87d4b9000 	C:\Program Files\Microsoft\jdk-17.0.20.8-hotspot\bin\msvcp140.dll
0x00007ff8264a0000 - 0x00007ff82711b000 	C:\Program Files\Microsoft\jdk-17.0.20.8-hotspot\bin\server\jvm.dll
0x00007ff8deeb0000 - 0x00007ff8def6c000 	C:\WINDOWS\System32\ADVAPI32.dll
0x00007ff8df7d0000 - 0x00007ff8df879000 	C:\WINDOWS\System32\sechost.dll
0x00007ff8e0bd0000 - 0x00007ff8e0ce8000 	C:\WINDOWS\System32\RPCRT4.dll
0x00007ff8dfb30000 - 0x00007ff8dfbb0000 	C:\WINDOWS\System32\WS2_32.dll
0x00007ff8ddf20000 - 0x00007ff8ddf7e000 	C:\WINDOWS\SYSTEM32\POWRPROF.dll
0x00007ff8cd450000 - 0x00007ff8cd486000 	C:\WINDOWS\SYSTEM32\WINMM.dll
0x00007ff8d7810000 - 0x00007ff8d781b000 	C:\WINDOWS\SYSTEM32\VERSION.dll
0x00007ff8ddf00000 - 0x00007ff8ddf15000 	C:\WINDOWS\SYSTEM32\UMPDC.dll
0x00007ff8dcd90000 - 0x00007ff8dcdab000 	C:\WINDOWS\SYSTEM32\kernel.appcore.dll
0x00007ff8b6940000 - 0x00007ff8b694a000 	C:\Program Files\Microsoft\jdk-17.0.20.8-hotspot\bin\jimage.dll
0x00007ff8ce330000 - 0x00007ff8ce57c000 	C:\WINDOWS\SYSTEM32\DBGHELP.DLL
0x00007ff8e0690000 - 0x00007ff8e0a15000 	C:\WINDOWS\System32\combase.dll
0x00007ff8dedd0000 - 0x00007ff8deea9000 	C:\WINDOWS\System32\OLEAUT32.dll
0x00007ff8ce270000 - 0x00007ff8ce2ab000 	C:\WINDOWS\SYSTEM32\dbgcore.DLL
0x00007ff8de660000 - 0x00007ff8de70c000 	C:\WINDOWS\System32\bcryptPrimitives.dll
0x00007ff8aa6f0000 - 0x00007ff8aa716000 	C:\Program Files\Microsoft\jdk-17.0.20.8-hotspot\bin\java.dll
0x00007ff8779d0000 - 0x00007ff877aa6000 	C:\Program Files\Microsoft\jdk-17.0.20.8-hotspot\bin\jsvml.dll
0x00007ff8dfe60000 - 0x00007ff8e05f8000 	C:\WINDOWS\System32\SHELL32.dll
0x00007ff8dbb60000 - 0x00007ff8dc40e000 	C:\WINDOWS\SYSTEM32\windows.storage.dll
0x00007ff8df600000 - 0x00007ff8df6fb000 	C:\WINDOWS\System32\SHCORE.dll
0x00007ff8df710000 - 0x00007ff8df776000 	C:\WINDOWS\System32\shlwapi.dll
0x00007ff8ddfe0000 - 0x00007ff8de009000 	C:\WINDOWS\SYSTEM32\profapi.dll
0x00007ff8aa5a0000 - 0x00007ff8aa5bb000 	C:\Program Files\Microsoft\jdk-17.0.20.8-hotspot\bin\net.dll
0x00007ff8d6700000 - 0x00007ff8d682a000 	C:\WINDOWS\SYSTEM32\WINHTTP.dll
0x00007ff8dd350000 - 0x00007ff8dd3bc000 	C:\WINDOWS\system32\mswsock.dll
0x00007ff8aa540000 - 0x00007ff8aa556000 	C:\Program Files\Microsoft\jdk-17.0.20.8-hotspot\bin\nio.dll
0x00007ff8a8e60000 - 0x00007ff8a8e78000 	C:\Program Files\Microsoft\jdk-17.0.20.8-hotspot\bin\zip.dll
0x00007ff8c3790000 - 0x00007ff8c37a0000 	C:\Program Files\Microsoft\jdk-17.0.20.8-hotspot\bin\verify.dll

dbghelp: loaded successfully - version: 4.0.5 - missing functions: none
symbol engine: initialized successfully - sym options: 0x614 - pdb path: .;C:\Program Files\Microsoft\jdk-17.0.20.8-hotspot\bin;C:\WINDOWS\SYSTEM32;C:\WINDOWS\WinSxS\amd64_microsoft.windows.common-controls_6595b64144ccf1df_6.0.26100.9278_none_3e0d1ba8e3303201;C:\Program Files\Microsoft\jdk-17.0.20.8-hotspot\bin\server

VM Arguments:
jvm_args: -Ddebug.internal.errors=true -Ddebug.semantic.errors=false -Ddebug.completion.statistics=false -Dlwc.typegeneration.disabled=true 
java_command: apex.jorje.lsp.ApexLanguageServerLauncher
java_class_path (initial): c:\Users\rafal\.vscode\extensions\salesforce.salesforcedx-vscode-apex-67.18.2\dist\apex-jorje-lsp.jar
Launcher Type: SUN_STANDARD

[Global flags]
     intx CICompilerCount                          = 12                                        {product} {ergonomic}
     uint ConcGCThreads                            = 3                                         {product} {ergonomic}
     uint G1ConcRefinementThreads                  = 13                                        {product} {ergonomic}
   size_t G1HeapRegionSize                         = 4194304                                   {product} {ergonomic}
    uintx GCDrainStackTargetSize                   = 64                                        {product} {ergonomic}
   size_t InitialHeapSize                          = 536870912                                 {product} {ergonomic}
   size_t MarkStackSize                            = 4194304                                   {product} {ergonomic}
   size_t MaxHeapSize                              = 8573157376                                {product} {ergonomic}
   size_t MaxNewSize                               = 5142216704                                {product} {ergonomic}
   size_t MinHeapDeltaBytes                        = 4194304                                   {product} {ergonomic}
   size_t MinHeapSize                              = 8388608                                   {product} {ergonomic}
    uintx NonNMethodCodeHeapSize                   = 7602480                                {pd product} {ergonomic}
    uintx NonProfiledCodeHeapSize                  = 122027880                              {pd product} {ergonomic}
    uintx ProfiledCodeHeapSize                     = 122027880                              {pd product} {ergonomic}
    uintx ReservedCodeCacheSize                    = 251658240                              {pd product} {ergonomic}
     bool SegmentedCodeCache                       = true                                      {product} {ergonomic}
   size_t SoftMaxHeapSize                          = 8573157376                             {manageable} {ergonomic}
     bool UseCompressedClassPointers               = true                           {product lp64_product} {ergonomic}
     bool UseCompressedOops                        = true                           {product lp64_product} {ergonomic}
     bool UseG1GC                                  = true                                      {product} {ergonomic}
     bool UseLargePagesIndividualAllocation        = false                                  {pd product} {ergonomic}

Logging:
Log output configuration:
 #0: stdout all=warning uptime,level,tags
 #1: stderr all=off uptime,level,tags

Environment Variables:
JAVA_HOME=C:\Program Files\Microsoft\jdk-17.0.20.8-hotspot
PATH=C:\Program Files\Microsoft\jdk-17.0.20.8-hotspot\bin;C:\WINDOWS\system32;C:\WINDOWS;C:\WINDOWS\System32\Wbem;C:\WINDOWS\System32\WindowsPowerShell\v1.0\;C:\WINDOWS\System32\OpenSSH\;C:\Program Files\NVIDIA Corporation\NVIDIA App\NvDLISR;C:\Program Files (x86)\NVIDIA Corporation\PhysX\Common;C:\Program Files\nodejs\;C:\Program Files\Git\cmd;C:\Users\rafal\AppData\Local\Programs\Python\Python314\Scripts\;C:\Users\rafal\AppData\Local\Programs\Python\Python314\;C:\Users\rafal\AppData\Local\Programs\Python\Launcher\;C:\Users\rafal\AppData\Local\Microsoft\WindowsApps;C:\Users\rafal\AppData\Roaming\npm;C:\Users\rafal\AppData\Local\Programs\Microsoft VS Code\bin;C:\Program Files\JetBrains\PyCharm 2026.2.2\bin
USERNAME=rafal
OS=Windows_NT
PROCESSOR_IDENTIFIER=AMD64 Family 25 Model 33 Stepping 2, AuthenticAMD
TMP=C:\Users\rafal\AppData\Local\Temp
TEMP=C:\Users\rafal\AppData\Local\Temp



Periodic native trim disabled


---------------  S Y S T E M  ---------------

OS:
 Windows 11 , 64 bit Build 26100 (10.0.26100.9444)
OS uptime: 2 days 11:06 hours

CPU: total 16 (initial active 16) (16 cores per cpu, 2 threads per core) family 25 model 33 stepping 2 microcode 0xa201210, cx8, cmov, fxsr, ht, mmx, 3dnowpref, sse, sse2, sse3, ssse3, sse4a, sse4.1, sse4.2, popcnt, lzcnt, tsc, tscinvbit, avx, avx2, aes, erms, clmul, bmi1, bmi2, adx, sha, fma, vzeroupper, clflush, clflushopt
Processor Information for the first 16 processors :
  Max Mhz: 3401, Current Mhz: 3401, Mhz Limit: 3401

Memory: 4k page, system-wide physical 32690M (233M free)
TotalPageFile size 67180M (AvailPageFile size 54M)
current process WorkingSet (physical memory assigned to process): 538M, peak: 538M
current process commit charge ("private bytes"): 902M, peak: 904M

vm_info: OpenJDK 64-Bit Server VM (17.0.20+8-LTS) for windows-amd64 JRE (17.0.20+8-LTS), built on Jul 14 2026 18:14:29 by "MicrosoftCorporation" with MS VC++ 17.14 (VS2022)

END.
